logs/6a341af4-c4d8-431f-9538-984b419da636.txt
val_bpb:enabled tokenizer_kind=sentencepiece tokenizer_path=./data/tokenizers/fineweb_1024_bpe.model
train_loader:dataset:fineweb10B_sp1024 train_shards:10
val_loader:shards pattern=./data/datasets/fineweb10B_sp1024/fineweb_val_*.bin tokens:62021632
model_params:19025350
world_size:1 grad_accum_steps:8
sdp_backends:cudnn=False flash=True mem_efficient=False math=False
attention_mode:gqa num_heads:10 num_kv_heads:2
tie_embeddings:True embed_lr:0.05 head_lr:0.0 matrix_lr:0.04 scalar_lr:0.04
train_batch_tokens:524288 train_seq_len:1024 iterations:20000 warmup_steps:20 max_wallclock_seconds:480.000
seed:1337
warmup_step:1/20
warmup_step:2/20
warmup_step:3/20
warmup_step:4/20
warmup_step:5/20
warmup_step:6/20
warmup_step:7/20
warmup_step:8/20
warmup_step:9/20
warmup_step:10/20
warmup_step:11/20
warmup_step:12/20
warmup_step:13/20
warmup_step:14/20
warmup_step:15/20
warmup_step:16/20
warmup_step:17/20
warmup_step:18/20
warmup_step:19/20
warmup_step:20/20
step:0/20000 val_loss:6.9469 val_bpb:4.1143 train_time:0ms step_avg:0.02ms
step:1/20000 train_loss:6.9474 train_time:320ms step_avg:320.07ms
step:2/20000 train_loss:19.6042 train_time:640ms step_avg:319.93ms
step:3/20000 train_loss:9.6104 train_time:960ms step_avg:319.91ms
step:4/20000 train_loss:6.4413 train_time:1282ms step_avg:320.46ms
step:5/20000 train_loss:6.1323 train_time:1603ms step_avg:320.50ms
step:6/20000 train_loss:6.3039 train_time:1924ms step_avg:320.66ms
step:7/20000 train_loss:6.1752 train_time:2248ms step_avg:321.14ms
step:8/20000 train_loss:6.1532 train_time:2574ms step_avg:321.76ms
step:9/20000 train_loss:6.0965 train_time:2894ms step_avg:321.54ms
step:10/20000 train_loss:6.0167 train_time:3222ms step_avg:322.16ms
step:200/20000 train_loss:2.8244 train_time:64581ms step_avg:322.90ms
step:400/20000 train_loss:2.4122 train_time:129340ms step_avg:323.35ms
step:600/20000 train_loss:2.4985 train_time:193900ms step_avg:323.17ms
step:800/20000 train_loss:2.3431 train_time:258228ms step_avg:322.78ms
step:1000/20000 train_loss:2.3516 train_time:322556ms step_avg:322.56ms
step:1000/20000 val_loss:2.3194 val_bpb:1.3737 train_time:322557ms step_avg:322.56ms
step:1200/20000 train_loss:2.2710 train_time:386925ms step_avg:322.44ms
step:1400/20000 train_loss:2.2977 train_time:451418ms step_avg:322.44ms
step:1489/20000 val_loss:2.2444 val_bpb:1.3293 train_time:480124ms step_avg:322.45ms
stopping_early: wallclock_cap train_time:480124ms step:1489/20000
peak memory allocated: 9537 MiB reserved: 9628 MiB
Serialized model: 74817347 bytes
Code size: 47693 bytes
Total submission size: 74865040 bytes
Serialized model int8+zlib: 15133368 bytes (payload:19135512 raw_torch:19170649 payload_ratio:3.91x)
Total submission size int8+zlib: 15181061 bytes
final_int8_zlib_roundtrip val_loss:2.2474 val_bpb:1.3310 eval_time:10793ms
final_int8_zlib_roundtrip_exact val_loss:2.24736472 val_bpb:1.33101597
