logs/4214afed-c37c-471d-9909-0f1d08a1faf2.txt
val_bpb:enabled tokenizer_kind=sentencepiece tokenizer_path=./data/tokenizers/fineweb_1024_bpe.model
train_loader:dataset:fineweb10B_sp1024 train_shards:10
val_loader:shards pattern=./data/datasets/fineweb10B_sp1024/fineweb_val_*.bin tokens:62021632
model_params:21778504
world_size:1 grad_accum_steps:8
sdp_backends:cudnn=False flash=True mem_efficient=False math=False
attention_mode:gqa num_heads:8 num_kv_heads:4
tie_embeddings:True embed_lr:0.05 head_lr:0.0 matrix_lr:0.04 scalar_lr:0.04
train_batch_tokens:524288 train_seq_len:1024 iterations:20000 warmup_steps:20 max_wallclock_seconds:380.000
seed:1337
warmup_step:1/20
warmup_step:2/20
warmup_step:3/20
warmup_step:4/20
warmup_step:5/20
warmup_step:6/20
warmup_step:7/20
warmup_step:8/20
warmup_step:9/20
warmup_step:10/20
warmup_step:11/20
warmup_step:12/20
warmup_step:13/20
warmup_step:14/20
warmup_step:15/20
warmup_step:16/20
warmup_step:17/20
warmup_step:18/20
warmup_step:19/20
warmup_step:20/20
step:0/20000 val_loss:6.9378 val_bpb:4.1090 train_time:0ms step_avg:0.02ms
step:1/20000 train_loss:6.9380 train_time:377ms step_avg:376.61ms
step:2/20000 train_loss:17.0274 train_time:755ms step_avg:377.63ms
step:3/20000 train_loss:9.6459 train_time:1134ms step_avg:377.88ms
step:4/20000 train_loss:6.6188 train_time:1513ms step_avg:378.22ms
step:5/20000 train_loss:6.5142 train_time:1892ms step_avg:378.39ms
step:6/20000 train_loss:6.6675 train_time:2271ms step_avg:378.53ms
step:7/20000 train_loss:6.3111 train_time:2651ms step_avg:378.65ms
step:8/20000 train_loss:6.1038 train_time:3029ms step_avg:378.67ms
step:9/20000 train_loss:6.0049 train_time:3408ms step_avg:378.72ms
step:10/20000 train_loss:5.9482 train_time:3787ms step_avg:378.74ms
step:200/20000 train_loss:2.7236 train_time:76903ms step_avg:384.52ms
step:400/20000 train_loss:2.3516 train_time:153873ms step_avg:384.68ms
step:600/20000 train_loss:2.4486 train_time:230823ms step_avg:384.70ms
step:800/20000 train_loss:2.2824 train_time:307663ms step_avg:384.58ms
step:989/20000 val_loss:2.2694 val_bpb:1.3441 train_time:380320ms step_avg:384.55ms
stopping_early: wallclock_cap train_time:380320ms step:989/20000
peak memory allocated: 11416 MiB reserved: 11474 MiB
Serialized model: 86099351 bytes
Code size: 47693 bytes
Total submission size: 86147044 bytes
Serialized model int8+zlib: 15852650 bytes (payload:21906720 raw_torch:21951833 payload_ratio:3.93x)
Total submission size int8+zlib: 15900343 bytes
final_int8_zlib_roundtrip val_loss:2.2720 val_bpb:1.3456 eval_time:11973ms
final_int8_zlib_roundtrip_exact val_loss:2.27200100 val_bpb:1.34560697
