W0410 17:03:20.500000 212597 torch/distributed/run.py:851] 
W0410 17:03:20.500000 212597 torch/distributed/run.py:851] *****************************************
W0410 17:03:20.500000 212597 torch/distributed/run.py:851] Setting OMP_NUM_THREADS environment variable for each process to be 1 in default, to avoid your system being overloaded, please further tune the variable for optimal performance in your application as needed. 
W0410 17:03:20.500000 212597 torch/distributed/run.py:851] *****************************************
logs/855db686-664d-46b3-b6b0-5401c64f036d.txt
val_bpb:enabled tokenizer_kind=sentencepiece tokenizer_path=./data/tokenizers/fineweb_1024_bpe.model
train_loader:dataset:fineweb10B_sp1024 train_shards:10
val_loader:shards pattern=./data/datasets/fineweb10B_sp1024/fineweb_val_*.bin tokens:62021632
model_params:27041372
XSA:last_11 active_layers:[0, 1, 2, 3, 4, 5, 6, 7, 8, 9, 10]
world_size:8 grad_accum_steps:1
sdp_backends:cudnn=False flash=True mem_efficient=False math=False
attention_mode:gqa num_heads:8 num_kv_heads:4
recurrence:layers=[] start_step=3000 active=0
canon_ac:layers=[] params=0 physical_only=1
parallel_residual:active=0 start_layer=7 start_mode=physical params=0 final_lane=mlp
repeat_untie_mlp:mode=none layers=[] params=0
tie_embeddings:True embed_lr:0.035 head_lr:0.0 matrix_lr:0.03 scalar_lr:0.025
train_batch_tokens:786432 train_seq_len:2048 iterations:20000 warmup_steps:20 max_wallclock_seconds:420.000
seed:1337
gptq:reserving 0ms from training budget, effective=420000ms
base_warmup_step:1/20
base_warmup_step:2/20
base_warmup_step:3/20
base_warmup_step:4/20
base_warmup_step:5/20
base_warmup_step:6/20
base_warmup_step:7/20
base_warmup_step:8/20
base_warmup_step:9/20
base_warmup_step:10/20
base_warmup_step:11/20
base_warmup_step:12/20
base_warmup_step:13/20
base_warmup_step:14/20
base_warmup_step:15/20
base_warmup_step:16/20
base_warmup_step:17/20
base_warmup_step:18/20
base_warmup_step:19/20
base_warmup_step:20/20
step:0/20000 val_loss:6.9309 val_bpb:4.1049 train_time:0ms step_avg:0.01ms
step:1/20000 train_loss:6.9288 train_time:122ms step_avg:122.24ms
step:2/20000 train_loss:8.9905 train_time:161ms step_avg:80.38ms
step:3/20000 train_loss:7.6609 train_time:245ms step_avg:81.63ms
step:4/20000 train_loss:7.1022 train_time:330ms step_avg:82.49ms
step:5/20000 train_loss:7.0681 train_time:415ms step_avg:82.93ms
step:6/20000 train_loss:6.9959 train_time:499ms step_avg:83.22ms
step:7/20000 train_loss:6.9800 train_time:584ms step_avg:83.40ms
step:8/20000 train_loss:6.7458 train_time:669ms step_avg:83.59ms
step:9/20000 train_loss:6.4066 train_time:753ms step_avg:83.68ms
step:10/20000 train_loss:6.0366 train_time:838ms step_avg:83.82ms
step:500/20000 train_loss:2.2868 train_time:43050ms step_avg:86.10ms
step:1000/20000 train_loss:2.2116 train_time:86365ms step_avg:86.36ms
step:1500/20000 train_loss:2.1043 train_time:129673ms step_avg:86.45ms
step:2000/20000 train_loss:2.0797 train_time:172977ms step_avg:86.49ms
step:2500/20000 train_loss:2.0224 train_time:216324ms step_avg:86.53ms
step:3000/20000 train_loss:2.0394 train_time:259661ms step_avg:86.55ms
step:3500/20000 train_loss:2.0338 train_time:302998ms step_avg:86.57ms
step:4000/20000 train_loss:1.9406 train_time:346306ms step_avg:86.58ms
step:4000/20000 val_loss:1.9804 val_bpb:1.1729 train_time:346355ms step_avg:86.59ms
swa:start step:4200
late_qat:enabled step:4325 scale:0.1497
step:4500/20000 train_loss:1.9901 train_time:389976ms step_avg:86.66ms
step:4842/20000 val_loss:1.9341 val_bpb:1.1455 train_time:420065ms step_avg:86.75ms
stopping_early: wallclock_cap train_time:420065ms step:4842/20000
peak memory allocated: 23519 MiB reserved: 23662 MiB
ema:applying EMA weights
DIAGNOSTIC post_ema val_loss:1.9340 val_bpb:1.1454 eval_time:2070ms
Serialized model: 106240759 bytes
Code size: 93853 bytes
gptq:calibration recurrence_active=0 repeat_mlp=0 parallel_residual=0 ar_selfgen=1
gptq:generating autoregressive calibration data (64 seqs x 2048 tokens, temp=0.80)...
