logs/43822c70-6bed-413c-adc8-50258e7f1512.txt
val_bpb:enabled tokenizer_kind=sentencepiece tokenizer_path=./data/tokenizers/fineweb_1024_bpe.model
train_loader:dataset:fineweb10B_sp1024 train_shards:10
val_loader:shards pattern=./data/datasets/fineweb10B_sp1024/fineweb_val_*.bin tokens:62021632
model_params:17059912
world_size:1 grad_accum_steps:8
sdp_backends:cudnn=False flash=True mem_efficient=False math=False
attention_mode:gqa num_heads:8 num_kv_heads:4
tie_embeddings:True embed_lr:0.05 head_lr:0.0 matrix_lr:0.04 scalar_lr:0.04
train_batch_tokens:1048576 train_seq_len:2048 iterations:20000 warmup_steps:20 max_wallclock_seconds:480.000
seed:1337
warmup_step:1/20
warmup_step:2/20
warmup_step:3/20
warmup_step:4/20
warmup_step:5/20
warmup_step:6/20
warmup_step:7/20
warmup_step:8/20
warmup_step:9/20
warmup_step:10/20
warmup_step:11/20
warmup_step:12/20
warmup_step:13/20
warmup_step:14/20
warmup_step:15/20
warmup_step:16/20
warmup_step:17/20
warmup_step:18/20
warmup_step:19/20
warmup_step:20/20
step:0/20000 val_loss:6.9357 val_bpb:4.1077 train_time:0ms step_avg:0.02ms
step:1/20000 train_loss:6.9358 train_time:735ms step_avg:734.52ms
step:2/20000 train_loss:16.7015 train_time:1470ms step_avg:735.17ms
step:3/20000 train_loss:11.1292 train_time:2220ms step_avg:739.85ms
step:4/20000 train_loss:7.3428 train_time:2960ms step_avg:739.89ms
step:5/20000 train_loss:6.2845 train_time:3699ms step_avg:739.75ms
step:6/20000 train_loss:6.1348 train_time:4440ms step_avg:739.95ms
step:7/20000 train_loss:6.0922 train_time:5181ms step_avg:740.19ms
step:8/20000 train_loss:5.9978 train_time:5928ms step_avg:740.94ms
step:9/20000 train_loss:5.9191 train_time:6669ms step_avg:740.98ms
step:10/20000 train_loss:5.8510 train_time:7411ms step_avg:741.13ms
step:200/20000 train_loss:2.5989 train_time:149622ms step_avg:748.11ms
step:400/20000 train_loss:2.4223 train_time:299345ms step_avg:748.36ms
step:600/20000 train_loss:2.3496 train_time:448865ms step_avg:748.11ms
step:642/20000 val_loss:2.3137 val_bpb:1.3703 train_time:480149ms step_avg:747.89ms
stopping_early: wallclock_cap train_time:480149ms step:642/20000
peak memory allocated: 20245 MiB reserved: 20856 MiB
Serialized model: 67224983 bytes
Code size: 47693 bytes
Total submission size: 67272676 bytes
Serialized model int8+zlib: 10919521 bytes (payload:17178912 raw_torch:17224025 payload_ratio:3.91x)
Total submission size int8+zlib: 10967214 bytes
final_int8_zlib_roundtrip val_loss:2.3262 val_bpb:1.3777 eval_time:12693ms
final_int8_zlib_roundtrip_exact val_loss:2.32620627 val_bpb:1.37771038
