logs/46cc863a-f1eb-4d23-b1a2-6e57f649e963.txt
val_bpb:enabled tokenizer_kind=sentencepiece tokenizer_path=./data/tokenizers/fineweb_1024_bpe.model
train_loader:dataset:fineweb10B_sp1024 train_shards:10
val_loader:shards pattern=./data/datasets/fineweb10B_sp1024/fineweb_val_*.bin tokens:62021632
model_params:17059912
world_size:1 grad_accum_steps:8
sdp_backends:cudnn=False flash=True mem_efficient=False math=False
attention_mode:gqa num_heads:8 num_kv_heads:4
tie_embeddings:True embed_lr:0.05 head_lr:0.0 matrix_lr:0.04 scalar_lr:0.04
train_batch_tokens:524288 train_seq_len:1024 iterations:20000 warmup_steps:20 max_wallclock_seconds:480.000
seed:1337
warmup_step:1/20
warmup_step:2/20
warmup_step:3/20
warmup_step:4/20
warmup_step:5/20
warmup_step:6/20
warmup_step:7/20
warmup_step:8/20
warmup_step:9/20
warmup_step:10/20
warmup_step:11/20
warmup_step:12/20
warmup_step:13/20
warmup_step:14/20
warmup_step:15/20
warmup_step:16/20
warmup_step:17/20
warmup_step:18/20
warmup_step:19/20
warmup_step:20/20
step:0/20000 val_loss:6.9357 val_bpb:4.1077 train_time:0ms step_avg:0.02ms
step:1/20000 train_loss:6.9357 train_time:336ms step_avg:336.42ms
step:2/20000 train_loss:16.7413 train_time:667ms step_avg:333.42ms
step:3/20000 train_loss:8.7524 train_time:1001ms step_avg:333.75ms
step:4/20000 train_loss:6.5885 train_time:1333ms step_avg:333.28ms
step:5/20000 train_loss:6.6519 train_time:1670ms step_avg:333.91ms
step:6/20000 train_loss:6.7001 train_time:2005ms step_avg:334.21ms
step:7/20000 train_loss:6.3337 train_time:2342ms step_avg:334.56ms
step:8/20000 train_loss:6.1814 train_time:2681ms step_avg:335.08ms
step:9/20000 train_loss:6.0840 train_time:3019ms step_avg:335.46ms
step:10/20000 train_loss:5.9958 train_time:3353ms step_avg:335.32ms
step:200/20000 train_loss:2.7889 train_time:66808ms step_avg:334.04ms
step:400/20000 train_loss:2.3859 train_time:133728ms step_avg:334.32ms
step:600/20000 train_loss:2.4858 train_time:200721ms step_avg:334.53ms
step:800/20000 train_loss:2.3236 train_time:267853ms step_avg:334.82ms
step:1000/20000 train_loss:2.3318 train_time:334848ms step_avg:334.85ms
step:1000/20000 val_loss:2.3013 val_bpb:1.3629 train_time:334849ms step_avg:334.85ms
step:1200/20000 train_loss:2.2522 train_time:401719ms step_avg:334.77ms
step:1400/20000 train_loss:2.2811 train_time:468708ms step_avg:334.79ms
step:1434/20000 val_loss:2.2317 val_bpb:1.3218 train_time:480102ms step_avg:334.80ms
stopping_early: wallclock_cap train_time:480102ms step:1434/20000
peak memory allocated: 10303 MiB reserved: 10622 MiB
Serialized model: 67224983 bytes
Code size: 47693 bytes
Total submission size: 67272676 bytes
Serialized model int8+zlib: 14307775 bytes (payload:17178912 raw_torch:17224025 payload_ratio:3.91x)
Total submission size int8+zlib: 14355468 bytes
final_int8_zlib_roundtrip val_loss:2.2333 val_bpb:1.3227 eval_time:10853ms
final_int8_zlib_roundtrip_exact val_loss:2.23331788 val_bpb:1.32269665
