W0402 23:24:12.159000 51370 site-packages/torch/distributed/run.py:851] 
W0402 23:24:12.159000 51370 site-packages/torch/distributed/run.py:851] *****************************************
W0402 23:24:12.159000 51370 site-packages/torch/distributed/run.py:851] Setting OMP_NUM_THREADS environment variable for each process to be 1 in default, to avoid your system being overloaded, please further tune the variable for optimal performance in your application as needed. 
W0402 23:24:12.159000 51370 site-packages/torch/distributed/run.py:851] *****************************************
logs/0_sota_baseline.txt
val_bpb:enabled tokenizer_kind=sentencepiece tokenizer_path=./data/tokenizers/fineweb_1024_bpe.model
train_loader:dataset:fineweb10B_sp1024 train_shards:10
val_loader:shards pattern=./data/datasets/fineweb10B_sp1024/fineweb_val_*.bin tokens:62021632
model_params:26993756
mtp_num_heads:0 mtp_loss_weight:0.2 mtp_params:0
XSA:last_11 active_layers:[0, 1, 2, 3, 4, 5, 6, 7, 8, 9, 10]
world_size:4 grad_accum_steps:2
sdp_backends:cudnn=False flash=True mem_efficient=False math=False
attention_mode:gqa num_heads:8 num_kv_heads:4
tie_embeddings:True embed_lr:0.035 head_lr:0.0 matrix_lr:0.025 scalar_lr:0.025
train_batch_tokens:786432 train_seq_len:2048 iterations:20000 warmup_steps:20 max_wallclock_seconds:1200.000
seed:1337
warmup_step:1/20
warmup_step:2/20
warmup_step:3/20
warmup_step:4/20
warmup_step:5/20
warmup_step:6/20
warmup_step:7/20
warmup_step:8/20
warmup_step:9/20
warmup_step:10/20
warmup_step:11/20
warmup_step:12/20
warmup_step:13/20
warmup_step:14/20
warmup_step:15/20
warmup_step:16/20
warmup_step:17/20
warmup_step:18/20
warmup_step:19/20
warmup_step:20/20
step:0/20000 val_loss:6.9309 val_bpb:4.1049 train_time:0ms step_avg:0.02ms
step:1/20000 train_loss:6.9314 train_time:205ms step_avg:204.70ms
step:2/20000 train_loss:8.6932 train_time:324ms step_avg:162.17ms
step:3/20000 train_loss:7.5748 train_time:494ms step_avg:164.56ms
step:4/20000 train_loss:7.2130 train_time:664ms step_avg:165.88ms
step:5/20000 train_loss:7.1621 train_time:834ms step_avg:166.71ms
step:6/20000 train_loss:7.0977 train_time:1003ms step_avg:167.22ms
step:7/20000 train_loss:7.0227 train_time:1175ms step_avg:167.89ms
step:8/20000 train_loss:6.7743 train_time:1347ms step_avg:168.32ms
step:9/20000 train_loss:6.4846 train_time:1517ms step_avg:168.57ms
step:10/20000 train_loss:6.1212 train_time:1688ms step_avg:168.76ms
step:100/20000 train_loss:3.2251 train_time:17122ms step_avg:171.22ms
step:200/20000 train_loss:2.5096 train_time:34367ms step_avg:171.84ms
step:200/20000 val_loss:2.6702 val_bpb:1.5814 train_time:34419ms step_avg:172.09ms
step:300/20000 train_loss:2.5121 train_time:51607ms step_avg:172.02ms
step:400/20000 train_loss:2.3877 train_time:68863ms step_avg:172.16ms
step:400/20000 val_loss:2.3929 val_bpb:1.4172 train_time:68916ms step_avg:172.29ms
step:500/20000 train_loss:2.3472 train_time:86054ms step_avg:172.11ms
step:600/20000 train_loss:2.3275 train_time:103255ms step_avg:172.09ms
step:600/20000 val_loss:2.2959 val_bpb:1.3598 train_time:103305ms step_avg:172.18ms
step:700/20000 train_loss:2.3646 train_time:120457ms step_avg:172.08ms
step:800/20000 train_loss:2.2213 train_time:137658ms step_avg:172.07ms
step:800/20000 val_loss:2.2383 val_bpb:1.3256 train_time:137710ms step_avg:172.14ms
step:900/20000 train_loss:2.0983 train_time:154928ms step_avg:172.14ms
step:1000/20000 train_loss:2.2551 train_time:172129ms step_avg:172.13ms
step:1000/20000 val_loss:2.2058 val_bpb:1.3064 train_time:172179ms step_avg:172.18ms
step:1100/20000 train_loss:2.2363 train_time:189398ms step_avg:172.18ms
step:1200/20000 train_loss:2.2516 train_time:206674ms step_avg:172.23ms
step:1200/20000 val_loss:2.1850 val_bpb:1.2941 train_time:206725ms step_avg:172.27ms
step:1300/20000 train_loss:2.2622 train_time:223888ms step_avg:172.22ms
step:1400/20000 train_loss:2.1932 train_time:241111ms step_avg:172.22ms
step:1400/20000 val_loss:2.1649 val_bpb:1.2822 train_time:241162ms step_avg:172.26ms
step:1500/20000 train_loss:2.2273 train_time:258331ms step_avg:172.22ms
step:1600/20000 train_loss:2.1584 train_time:275573ms step_avg:172.23ms
step:1600/20000 val_loss:2.1543 val_bpb:1.2759 train_time:275624ms step_avg:172.27ms
step:1700/20000 train_loss:2.1335 train_time:292858ms step_avg:172.27ms
step:1800/20000 train_loss:2.1339 train_time:310156ms step_avg:172.31ms
step:1800/20000 val_loss:2.1284 val_bpb:1.2605 train_time:310206ms step_avg:172.34ms
step:1900/20000 train_loss:2.1279 train_time:327396ms step_avg:172.31ms
step:2000/20000 train_loss:2.0904 train_time:344699ms step_avg:172.35ms
step:2000/20000 val_loss:2.1129 val_bpb:1.2514 train_time:344750ms step_avg:172.37ms
step:2100/20000 train_loss:2.0783 train_time:362005ms step_avg:172.38ms
step:2200/20000 train_loss:2.1683 train_time:379261ms step_avg:172.39ms
step:2200/20000 val_loss:2.1012 val_bpb:1.2444 train_time:379313ms step_avg:172.42ms
step:2300/20000 train_loss:2.0562 train_time:396502ms step_avg:172.39ms
step:2400/20000 train_loss:2.0918 train_time:413744ms step_avg:172.39ms
step:2400/20000 val_loss:2.0889 val_bpb:1.2372 train_time:413794ms step_avg:172.41ms
step:2500/20000 train_loss:2.0454 train_time:430990ms step_avg:172.40ms
step:2600/20000 train_loss:2.0782 train_time:448304ms step_avg:172.42ms
step:2600/20000 val_loss:2.0825 val_bpb:1.2334 train_time:448356ms step_avg:172.44ms
step:2700/20000 train_loss:2.0790 train_time:465626ms step_avg:172.45ms
step:2800/20000 train_loss:2.0906 train_time:482938ms step_avg:172.48ms
step:2800/20000 val_loss:2.0767 val_bpb:1.2299 train_time:482989ms step_avg:172.50ms
step:2900/20000 train_loss:2.0439 train_time:500182ms step_avg:172.48ms
step:3000/20000 train_loss:2.0690 train_time:517430ms step_avg:172.48ms
step:3000/20000 val_loss:2.0729 val_bpb:1.2277 train_time:517480ms step_avg:172.49ms
step:3100/20000 train_loss:2.0166 train_time:534682ms step_avg:172.48ms
step:3200/20000 train_loss:2.0046 train_time:551923ms step_avg:172.48ms
step:3200/20000 val_loss:2.0693 val_bpb:1.2256 train_time:551975ms step_avg:172.49ms
step:3300/20000 train_loss:2.0246 train_time:569178ms step_avg:172.48ms
step:3400/20000 train_loss:1.9999 train_time:586484ms step_avg:172.50ms
step:3400/20000 val_loss:2.0665 val_bpb:1.2239 train_time:586534ms step_avg:172.51ms
step:3500/20000 train_loss:2.0114 train_time:603786ms step_avg:172.51ms
step:3600/20000 train_loss:2.0682 train_time:621103ms step_avg:172.53ms
step:3600/20000 val_loss:2.0596 val_bpb:1.2198 train_time:621154ms step_avg:172.54ms
step:3700/20000 train_loss:2.0544 train_time:638349ms step_avg:172.53ms
step:3800/20000 train_loss:2.0250 train_time:655614ms step_avg:172.53ms
step:3800/20000 val_loss:2.0525 val_bpb:1.2156 train_time:655664ms step_avg:172.54ms
step:3900/20000 train_loss:2.0281 train_time:672863ms step_avg:172.53ms
step:4000/20000 train_loss:2.0381 train_time:690108ms step_avg:172.53ms
step:4000/20000 val_loss:2.0430 val_bpb:1.2100 train_time:690159ms step_avg:172.54ms
step:4100/20000 train_loss:1.9188 train_time:707361ms step_avg:172.53ms
step:4200/20000 train_loss:1.9941 train_time:724665ms step_avg:172.54ms
step:4200/20000 val_loss:2.0384 val_bpb:1.2072 train_time:724716ms step_avg:172.55ms
step:4300/20000 train_loss:2.0334 train_time:741916ms step_avg:172.54ms
step:4400/20000 train_loss:2.0184 train_time:759232ms step_avg:172.55ms
step:4400/20000 val_loss:2.0293 val_bpb:1.2019 train_time:759283ms step_avg:172.56ms
step:4500/20000 train_loss:2.0515 train_time:776552ms step_avg:172.57ms
step:4600/20000 train_loss:1.9624 train_time:793800ms step_avg:172.57ms
step:4600/20000 val_loss:2.0249 val_bpb:1.1993 train_time:793850ms step_avg:172.58ms
step:4700/20000 train_loss:1.9196 train_time:811043ms step_avg:172.56ms
step:4800/20000 train_loss:2.0502 train_time:828295ms step_avg:172.56ms
step:4800/20000 val_loss:2.0148 val_bpb:1.1933 train_time:828345ms step_avg:172.57ms
step:4900/20000 train_loss:2.0915 train_time:845544ms step_avg:172.56ms
step:5000/20000 train_loss:1.9826 train_time:862849ms step_avg:172.57ms
step:5000/20000 val_loss:2.0092 val_bpb:1.1899 train_time:862902ms step_avg:172.58ms
step:5100/20000 train_loss:1.9513 train_time:880160ms step_avg:172.58ms
step:5200/20000 train_loss:2.0523 train_time:897400ms step_avg:172.58ms
step:5200/20000 val_loss:2.0006 val_bpb:1.1849 train_time:897451ms step_avg:172.59ms
step:5300/20000 train_loss:1.9433 train_time:914716ms step_avg:172.59ms
step:5400/20000 train_loss:2.0182 train_time:931961ms step_avg:172.59ms
step:5400/20000 val_loss:1.9928 val_bpb:1.1803 train_time:932013ms step_avg:172.60ms
step:5500/20000 train_loss:2.0030 train_time:949216ms step_avg:172.58ms
step:5600/20000 train_loss:1.9448 train_time:966462ms step_avg:172.58ms
step:5600/20000 val_loss:1.9848 val_bpb:1.1755 train_time:966513ms step_avg:172.59ms
step:5700/20000 train_loss:1.9412 train_time:983705ms step_avg:172.58ms
step:5800/20000 train_loss:1.8330 train_time:1000962ms step_avg:172.58ms
step:5800/20000 val_loss:1.9770 val_bpb:1.1709 train_time:1001013ms step_avg:172.59ms
step:5900/20000 train_loss:1.9512 train_time:1018274ms step_avg:172.59ms
step:6000/20000 train_loss:1.9445 train_time:1035581ms step_avg:172.60ms
step:6000/20000 val_loss:1.9658 val_bpb:1.1642 train_time:1035631ms step_avg:172.61ms
step:6100/20000 train_loss:1.9229 train_time:1052818ms step_avg:172.59ms
step:6200/20000 train_loss:2.0047 train_time:1070100ms step_avg:172.60ms
step:6200/20000 val_loss:1.9566 val_bpb:1.1588 train_time:1070152ms step_avg:172.61ms
swa:start step:6300
step:6300/20000 train_loss:1.8509 train_time:1087343ms step_avg:172.59ms
step:6400/20000 train_loss:1.9204 train_time:1104726ms step_avg:172.61ms
step:6400/20000 val_loss:1.9461 val_bpb:1.1526 train_time:1104839ms step_avg:172.63ms
late_qat:enabled step:6427 scale:0.1498
step:6500/20000 train_loss:1.9715 train_time:1122083ms step_avg:172.63ms
step:6600/20000 train_loss:1.9298 train_time:1139436ms step_avg:172.64ms
step:6600/20000 val_loss:1.9349 val_bpb:1.1459 train_time:1139547ms step_avg:172.66ms
step:6700/20000 train_loss:1.8408 train_time:1156837ms step_avg:172.66ms
step:6800/20000 train_loss:2.0257 train_time:1174235ms step_avg:172.68ms
step:6800/20000 val_loss:1.9258 val_bpb:1.1406 train_time:1174347ms step_avg:172.70ms
step:6900/20000 train_loss:1.8625 train_time:1191630ms step_avg:172.70ms
step:6949/20000 val_loss:1.9215 val_bpb:1.1380 train_time:1200174ms step_avg:172.71ms
stopping_early: wallclock_cap train_time:1200174ms step:6949/20000
peak memory allocated: 23141 MiB reserved: 23522 MiB
ema:applying EMA weights
DIAGNOSTIC post_ema val_loss:1.9196 val_bpb:1.1369 eval_time:4139ms
Serialized model: 106158518 bytes
Code size: 103019 bytes
gptq:building non-banked model for Hessian collection...
gptq:generating autoregressive calibration data (64 seqs x 2048 tokens, temp=0.8)...
gptq:generated 64 sequences in 170.6s
gptq:collecting hessians from autoregressive data...
gptq:collected hessians for 68 layers (AR self-gen)
selective_prune: 4088119 ±1 candidates, unpruned=15.21MB target=15.9MB
selective_prune: already fits, no pruning needed
Serialized model int6+lzma: 15849136 bytes
Total submission size int6+lzma: 15952155 bytes
final_int6_roundtrip val_loss:1.9260 val_bpb:1.1407 eval_time:17698ms
final_int6_roundtrip_exact val_loss:1.92599721 val_bpb:1.14068403
final_int6_sliding_window val_loss:1.8862 val_bpb:1.1171 stride:64 eval_time:156792ms
final_int6_sliding_window_exact val_loss:1.88622576 val_bpb:1.11713210
final_int8_zlib_roundtrip_exact val_loss:1.88622576 val_bpb:1.11713210
