W0403 00:43:06.862000 156571 site-packages/torch/distributed/run.py:851] 
W0403 00:43:06.862000 156571 site-packages/torch/distributed/run.py:851] *****************************************
W0403 00:43:06.862000 156571 site-packages/torch/distributed/run.py:851] Setting OMP_NUM_THREADS environment variable for each process to be 1 in default, to avoid your system being overloaded, please further tune the variable for optimal performance in your application as needed. 
W0403 00:43:06.862000 156571 site-packages/torch/distributed/run.py:851] *****************************************
logs/B1_muon_lr_0.03.txt
val_bpb:enabled tokenizer_kind=sentencepiece tokenizer_path=./data/tokenizers/fineweb_1024_bpe.model
train_loader:dataset:fineweb10B_sp1024 train_shards:10
val_loader:shards pattern=./data/datasets/fineweb10B_sp1024/fineweb_val_*.bin tokens:62021632
model_params:26993756
mtp_num_heads:0 mtp_loss_weight:0.2 mtp_params:0
XSA:last_11 active_layers:[0, 1, 2, 3, 4, 5, 6, 7, 8, 9, 10]
world_size:4 grad_accum_steps:2
sdp_backends:cudnn=False flash=True mem_efficient=False math=False
attention_mode:gqa num_heads:8 num_kv_heads:4
tie_embeddings:True embed_lr:0.035 head_lr:0.0 matrix_lr:0.03 scalar_lr:0.03
train_batch_tokens:786432 train_seq_len:2048 iterations:20000 warmup_steps:20 max_wallclock_seconds:180.000
seed:1337
warmup_step:1/20
warmup_step:2/20
warmup_step:3/20
warmup_step:4/20
warmup_step:5/20
warmup_step:6/20
warmup_step:7/20
warmup_step:8/20
warmup_step:9/20
warmup_step:10/20
warmup_step:11/20
warmup_step:12/20
warmup_step:13/20
warmup_step:14/20
warmup_step:15/20
warmup_step:16/20
warmup_step:17/20
warmup_step:18/20
warmup_step:19/20
warmup_step:20/20
step:0/20000 val_loss:6.9309 val_bpb:4.1049 train_time:0ms step_avg:0.02ms
step:1/20000 train_loss:6.9314 train_time:232ms step_avg:231.55ms
step:2/20000 train_loss:8.5380 train_time:354ms step_avg:177.07ms
step:3/20000 train_loss:8.0612 train_time:524ms step_avg:174.68ms
step:4/20000 train_loss:7.4131 train_time:695ms step_avg:173.71ms
step:5/20000 train_loss:6.7989 train_time:866ms step_avg:173.12ms
step:6/20000 train_loss:6.4090 train_time:1035ms step_avg:172.57ms
step:7/20000 train_loss:6.2118 train_time:1206ms step_avg:172.33ms
step:8/20000 train_loss:6.0075 train_time:1379ms step_avg:172.40ms
step:9/20000 train_loss:5.9201 train_time:1550ms step_avg:172.22ms
step:10/20000 train_loss:5.8548 train_time:1720ms step_avg:172.04ms
step:100/20000 train_loss:3.4192 train_time:17157ms step_avg:171.57ms
step:200/20000 train_loss:2.7165 train_time:34393ms step_avg:171.97ms
step:200/20000 val_loss:2.8528 val_bpb:1.6896 train_time:34446ms step_avg:172.23ms
step:300/20000 train_loss:2.6320 train_time:51651ms step_avg:172.17ms
swa:start step:350
step:400/20000 train_loss:2.4919 train_time:68971ms step_avg:172.43ms
step:400/20000 val_loss:2.4911 val_bpb:1.4754 train_time:69101ms step_avg:172.75ms
step:500/20000 train_loss:2.4186 train_time:86310ms step_avg:172.62ms
late_qat:enabled step:517 scale:0.1499
step:600/20000 train_loss:2.3884 train_time:103620ms step_avg:172.70ms
step:600/20000 val_loss:2.3587 val_bpb:1.3970 train_time:103732ms step_avg:172.89ms
step:700/20000 train_loss:2.4183 train_time:120929ms step_avg:172.76ms
step:800/20000 train_loss:2.2620 train_time:138231ms step_avg:172.79ms
step:800/20000 val_loss:2.2839 val_bpb:1.3527 train_time:138341ms step_avg:172.93ms
step:900/20000 train_loss:2.1443 train_time:155598ms step_avg:172.89ms
step:1000/20000 train_loss:2.2891 train_time:172895ms step_avg:172.90ms
step:1000/20000 val_loss:2.2418 val_bpb:1.3277 train_time:173004ms step_avg:173.00ms
step:1041/20000 val_loss:2.2386 val_bpb:1.3258 train_time:180106ms step_avg:173.01ms
stopping_early: wallclock_cap train_time:180106ms step:1041/20000
peak memory allocated: 23141 MiB reserved: 23522 MiB
ema:applying EMA weights
DIAGNOSTIC post_ema val_loss:2.3528 val_bpb:1.3935 eval_time:4105ms
Serialized model: 106158518 bytes
Code size: 103019 bytes
gptq:building non-banked model for Hessian collection...
gptq:generating autoregressive calibration data (64 seqs x 2048 tokens, temp=0.8)...
gptq:generated 64 sequences in 160.8s
gptq:collecting hessians from autoregressive data...
gptq:collected hessians for 68 layers (AR self-gen)
selective_prune: 10951999 ±1 candidates, unpruned=7.87MB target=15.9MB
selective_prune: already fits, no pruning needed
Serialized model int6+lzma: 8145884 bytes
Total submission size int6+lzma: 8248903 bytes
final_int6_roundtrip val_loss:2.7101 val_bpb:1.6051 eval_time:18212ms
final_int6_roundtrip_exact val_loss:2.71014886 val_bpb:1.60510281
final_int6_sliding_window_s64 val_loss:2.6791 val_bpb:1.5867 stride:64 eval_time:155922ms
final_int6_sliding_window_s64_exact val_loss:2.67912197 val_bpb:1.58673114
final_int8_zlib_roundtrip_exact val_loss:2.67912197 val_bpb:1.58673114
