W0403 00:55:02.294000 163854 site-packages/torch/distributed/run.py:851] 
W0403 00:55:02.294000 163854 site-packages/torch/distributed/run.py:851] *****************************************
W0403 00:55:02.294000 163854 site-packages/torch/distributed/run.py:851] Setting OMP_NUM_THREADS environment variable for each process to be 1 in default, to avoid your system being overloaded, please further tune the variable for optimal performance in your application as needed. 
W0403 00:55:02.294000 163854 site-packages/torch/distributed/run.py:851] *****************************************
logs/B2_warmdown_4500.txt
val_bpb:enabled tokenizer_kind=sentencepiece tokenizer_path=./data/tokenizers/fineweb_1024_bpe.model
train_loader:dataset:fineweb10B_sp1024 train_shards:10
val_loader:shards pattern=./data/datasets/fineweb10B_sp1024/fineweb_val_*.bin tokens:62021632
model_params:26993756
mtp_num_heads:0 mtp_loss_weight:0.2 mtp_params:0
XSA:last_11 active_layers:[0, 1, 2, 3, 4, 5, 6, 7, 8, 9, 10]
world_size:4 grad_accum_steps:2
sdp_backends:cudnn=False flash=True mem_efficient=False math=False
attention_mode:gqa num_heads:8 num_kv_heads:4
tie_embeddings:True embed_lr:0.035 head_lr:0.0 matrix_lr:0.025 scalar_lr:0.025
train_batch_tokens:786432 train_seq_len:2048 iterations:20000 warmup_steps:20 max_wallclock_seconds:180.000
seed:1337
warmup_step:1/20
warmup_step:2/20
warmup_step:3/20
warmup_step:4/20
warmup_step:5/20
warmup_step:6/20
warmup_step:7/20
warmup_step:8/20
warmup_step:9/20
warmup_step:10/20
warmup_step:11/20
warmup_step:12/20
warmup_step:13/20
warmup_step:14/20
warmup_step:15/20
warmup_step:16/20
warmup_step:17/20
warmup_step:18/20
warmup_step:19/20
warmup_step:20/20
step:0/20000 val_loss:6.9309 val_bpb:4.1049 train_time:0ms step_avg:0.02ms
step:1/20000 train_loss:6.9314 train_time:217ms step_avg:216.57ms
step:2/20000 train_loss:8.6932 train_time:341ms step_avg:170.30ms
step:3/20000 train_loss:8.3112 train_time:510ms step_avg:169.97ms
step:4/20000 train_loss:7.7552 train_time:680ms step_avg:170.07ms
step:5/20000 train_loss:7.1493 train_time:849ms step_avg:169.85ms
step:6/20000 train_loss:6.7161 train_time:1019ms step_avg:169.82ms
step:7/20000 train_loss:6.4603 train_time:1190ms step_avg:170.05ms
step:8/20000 train_loss:6.1896 train_time:1364ms step_avg:170.45ms
step:9/20000 train_loss:5.9893 train_time:1534ms step_avg:170.47ms
step:10/20000 train_loss:5.8756 train_time:1705ms step_avg:170.48ms
step:100/20000 train_loss:3.5817 train_time:17152ms step_avg:171.52ms
swa:start step:150
step:200/20000 train_loss:2.8375 train_time:34483ms step_avg:172.42ms
step:200/20000 val_loss:2.9645 val_bpb:1.7557 train_time:34609ms step_avg:173.05ms
step:300/20000 train_loss:2.7409 train_time:51908ms step_avg:173.03ms
late_qat:enabled step:364 scale:0.1499
step:400/20000 train_loss:2.5774 train_time:69309ms step_avg:173.27ms
step:400/20000 val_loss:2.5759 val_bpb:1.5256 train_time:69433ms step_avg:173.58ms
step:500/20000 train_loss:2.4858 train_time:86640ms step_avg:173.28ms
step:600/20000 train_loss:2.4519 train_time:104008ms step_avg:173.35ms
step:600/20000 val_loss:2.4223 val_bpb:1.4346 train_time:104135ms step_avg:173.56ms
step:700/20000 train_loss:2.4774 train_time:121361ms step_avg:173.37ms
step:800/20000 train_loss:2.3200 train_time:138722ms step_avg:173.40ms
step:800/20000 val_loss:2.3430 val_bpb:1.3876 train_time:138834ms step_avg:173.54ms
step:900/20000 train_loss:2.2017 train_time:156130ms step_avg:173.48ms
step:1000/20000 train_loss:2.3474 train_time:173453ms step_avg:173.45ms
step:1000/20000 val_loss:2.3020 val_bpb:1.3634 train_time:173578ms step_avg:173.58ms
step:1038/20000 val_loss:2.2996 val_bpb:1.3620 train_time:180180ms step_avg:173.58ms
stopping_early: wallclock_cap train_time:180180ms step:1038/20000
peak memory allocated: 23141 MiB reserved: 23522 MiB
ema:applying EMA weights
DIAGNOSTIC post_ema val_loss:2.4442 val_bpb:1.4476 eval_time:4120ms
Serialized model: 106158518 bytes
Code size: 103019 bytes
gptq:building non-banked model for Hessian collection...
gptq:generating autoregressive calibration data (64 seqs x 2048 tokens, temp=0.8)...
gptq:generated 64 sequences in 162.9s
gptq:collecting hessians from autoregressive data...
gptq:collected hessians for 68 layers (AR self-gen)
selective_prune: 9928792 ±1 candidates, unpruned=7.21MB target=15.9MB
selective_prune: already fits, no pruning needed
Serialized model int6+lzma: 7455400 bytes
Total submission size int6+lzma: 7558419 bytes
final_int6_roundtrip val_loss:3.1840 val_bpb:1.8857 eval_time:17789ms
final_int6_roundtrip_exact val_loss:3.18398638 val_bpb:1.88573608
final_int6_sliding_window_s64 val_loss:3.1639 val_bpb:1.8738 stride:64 eval_time:155355ms
final_int6_sliding_window_s64_exact val_loss:3.16387191 val_bpb:1.87382812
final_int8_zlib_roundtrip_exact val_loss:3.16387191 val_bpb:1.87382812
