W0403 01:30:50.966000 185581 site-packages/torch/distributed/run.py:851] 
W0403 01:30:50.966000 185581 site-packages/torch/distributed/run.py:851] *****************************************
W0403 01:30:50.966000 185581 site-packages/torch/distributed/run.py:851] Setting OMP_NUM_THREADS environment variable for each process to be 1 in default, to avoid your system being overloaded, please further tune the variable for optimal performance in your application as needed. 
W0403 01:30:50.966000 185581 site-packages/torch/distributed/run.py:851] *****************************************
logs/B5_muon_wd_0.06.txt
val_bpb:enabled tokenizer_kind=sentencepiece tokenizer_path=./data/tokenizers/fineweb_1024_bpe.model
train_loader:dataset:fineweb10B_sp1024 train_shards:10
val_loader:shards pattern=./data/datasets/fineweb10B_sp1024/fineweb_val_*.bin tokens:62021632
model_params:26993756
mtp_num_heads:0 mtp_loss_weight:0.2 mtp_params:0
XSA:last_11 active_layers:[0, 1, 2, 3, 4, 5, 6, 7, 8, 9, 10]
world_size:4 grad_accum_steps:2
sdp_backends:cudnn=False flash=True mem_efficient=False math=False
attention_mode:gqa num_heads:8 num_kv_heads:4
tie_embeddings:True embed_lr:0.035 head_lr:0.0 matrix_lr:0.025 scalar_lr:0.025
train_batch_tokens:786432 train_seq_len:2048 iterations:20000 warmup_steps:20 max_wallclock_seconds:180.000
seed:1337
warmup_step:1/20
warmup_step:2/20
warmup_step:3/20
warmup_step:4/20
warmup_step:5/20
warmup_step:6/20
warmup_step:7/20
warmup_step:8/20
warmup_step:9/20
warmup_step:10/20
warmup_step:11/20
warmup_step:12/20
warmup_step:13/20
warmup_step:14/20
warmup_step:15/20
warmup_step:16/20
warmup_step:17/20
warmup_step:18/20
warmup_step:19/20
warmup_step:20/20
step:0/20000 val_loss:6.9309 val_bpb:4.1049 train_time:0ms step_avg:0.02ms
step:1/20000 train_loss:6.9314 train_time:222ms step_avg:221.82ms
step:2/20000 train_loss:8.6929 train_time:341ms step_avg:170.73ms
step:3/20000 train_loss:8.2284 train_time:512ms step_avg:170.55ms
step:4/20000 train_loss:7.5723 train_time:681ms step_avg:170.30ms
step:5/20000 train_loss:6.9337 train_time:851ms step_avg:170.16ms
step:6/20000 train_loss:6.5102 train_time:1021ms step_avg:170.09ms
step:7/20000 train_loss:6.2939 train_time:1191ms step_avg:170.21ms
step:8/20000 train_loss:6.0484 train_time:1367ms step_avg:170.90ms
step:9/20000 train_loss:5.9380 train_time:1539ms step_avg:170.98ms
step:10/20000 train_loss:5.8509 train_time:1710ms step_avg:170.97ms
step:100/20000 train_loss:3.4804 train_time:17136ms step_avg:171.36ms
step:200/20000 train_loss:2.7672 train_time:34368ms step_avg:171.84ms
step:200/20000 val_loss:2.8953 val_bpb:1.7148 train_time:34420ms step_avg:172.10ms
step:300/20000 train_loss:2.6681 train_time:51622ms step_avg:172.07ms
swa:start step:350
step:400/20000 train_loss:2.5129 train_time:68947ms step_avg:172.37ms
step:400/20000 val_loss:2.5137 val_bpb:1.4887 train_time:69070ms step_avg:172.68ms
step:500/20000 train_loss:2.4328 train_time:86263ms step_avg:172.53ms
late_qat:enabled step:518 scale:0.1498
step:600/20000 train_loss:2.4031 train_time:103561ms step_avg:172.60ms
step:600/20000 val_loss:2.3734 val_bpb:1.4057 train_time:103667ms step_avg:172.78ms
step:700/20000 train_loss:2.4314 train_time:120867ms step_avg:172.67ms
step:800/20000 train_loss:2.2733 train_time:138178ms step_avg:172.72ms
step:800/20000 val_loss:2.2961 val_bpb:1.3599 train_time:138290ms step_avg:172.86ms
step:900/20000 train_loss:2.1531 train_time:155535ms step_avg:172.82ms
step:1000/20000 train_loss:2.2992 train_time:172834ms step_avg:172.83ms
step:1000/20000 val_loss:2.2532 val_bpb:1.3344 train_time:172944ms step_avg:172.94ms
step:1041/20000 val_loss:2.2499 val_bpb:1.3325 train_time:180059ms step_avg:172.97ms
stopping_early: wallclock_cap train_time:180059ms step:1041/20000
peak memory allocated: 23141 MiB reserved: 23522 MiB
ema:applying EMA weights
DIAGNOSTIC post_ema val_loss:2.3855 val_bpb:1.4128 eval_time:4107ms
Serialized model: 106158518 bytes
Code size: 103019 bytes
gptq:building non-banked model for Hessian collection...
gptq:generating autoregressive calibration data (64 seqs x 2048 tokens, temp=0.8)...
gptq:generated 64 sequences in 164.2s
gptq:collecting hessians from autoregressive data...
gptq:collected hessians for 68 layers (AR self-gen)
selective_prune: 10486898 ±1 candidates, unpruned=7.36MB target=15.9MB
selective_prune: already fits, no pruning needed
Serialized model int6+lzma: 7618752 bytes
Total submission size int6+lzma: 7721771 bytes
final_int6_roundtrip val_loss:2.9135 val_bpb:1.7256 eval_time:17955ms
final_int6_roundtrip_exact val_loss:2.91352487 val_bpb:1.72555354
final_int6_sliding_window_s64 val_loss:2.8894 val_bpb:1.7112 stride:64 eval_time:155137ms
final_int6_sliding_window_s64_exact val_loss:2.88935767 val_bpb:1.71124489
final_int8_zlib_roundtrip_exact val_loss:2.88935767 val_bpb:1.71124489
