W0403 04:09:35.592000 220461 site-packages/torch/distributed/run.py:851] 
W0403 04:09:35.592000 220461 site-packages/torch/distributed/run.py:851] *****************************************
W0403 04:09:35.592000 220461 site-packages/torch/distributed/run.py:851] Setting OMP_NUM_THREADS environment variable for each process to be 1 in default, to avoid your system being overloaded, please further tune the variable for optimal performance in your application as needed. 
W0403 04:09:35.592000 220461 site-packages/torch/distributed/run.py:851] *****************************************
logs/B8_softcap_15.txt
val_bpb:enabled tokenizer_kind=sentencepiece tokenizer_path=./data/tokenizers/fineweb_1024_bpe.model
train_loader:dataset:fineweb10B_sp1024 train_shards:10
val_loader:shards pattern=./data/datasets/fineweb10B_sp1024/fineweb_val_*.bin tokens:62021632
model_params:26993756
mtp_num_heads:0 mtp_loss_weight:0.2 mtp_params:0
XSA:last_11 active_layers:[0, 1, 2, 3, 4, 5, 6, 7, 8, 9, 10]
world_size:4 grad_accum_steps:2
sdp_backends:cudnn=False flash=True mem_efficient=False math=False
attention_mode:gqa num_heads:8 num_kv_heads:4
tie_embeddings:True embed_lr:0.035 head_lr:0.0 matrix_lr:0.025 scalar_lr:0.025
train_batch_tokens:786432 train_seq_len:2048 iterations:20000 warmup_steps:20 max_wallclock_seconds:180.000
seed:1337
warmup_step:1/20
warmup_step:2/20
warmup_step:3/20
warmup_step:4/20
warmup_step:5/20
warmup_step:6/20
warmup_step:7/20
warmup_step:8/20
warmup_step:9/20
warmup_step:10/20
warmup_step:11/20
warmup_step:12/20
warmup_step:13/20
warmup_step:14/20
warmup_step:15/20
warmup_step:16/20
warmup_step:17/20
warmup_step:18/20
warmup_step:19/20
warmup_step:20/20
step:0/20000 val_loss:6.9309 val_bpb:4.1049 train_time:0ms step_avg:0.02ms
step:1/20000 train_loss:6.9314 train_time:205ms step_avg:204.93ms
step:2/20000 train_loss:7.6031 train_time:326ms step_avg:163.22ms
step:3/20000 train_loss:7.1264 train_time:496ms step_avg:165.17ms
step:4/20000 train_loss:6.6271 train_time:666ms step_avg:166.60ms
step:5/20000 train_loss:6.1909 train_time:835ms step_avg:167.09ms
step:6/20000 train_loss:5.9436 train_time:1005ms step_avg:167.57ms
step:7/20000 train_loss:5.8434 train_time:1176ms step_avg:167.99ms
step:8/20000 train_loss:5.7380 train_time:1351ms step_avg:168.90ms
step:9/20000 train_loss:5.7229 train_time:1522ms step_avg:169.12ms
step:10/20000 train_loss:5.6264 train_time:1693ms step_avg:169.27ms
step:100/20000 train_loss:3.4237 train_time:17125ms step_avg:171.25ms
step:200/20000 train_loss:2.7257 train_time:34345ms step_avg:171.73ms
step:200/20000 val_loss:2.8552 val_bpb:1.6910 train_time:34396ms step_avg:171.98ms
step:300/20000 train_loss:2.6441 train_time:51583ms step_avg:171.94ms
swa:start step:350
step:400/20000 train_loss:2.5110 train_time:68899ms step_avg:172.25ms
step:400/20000 val_loss:2.5073 val_bpb:1.4850 train_time:69021ms step_avg:172.55ms
step:500/20000 train_loss:2.4354 train_time:86216ms step_avg:172.43ms
late_qat:enabled step:518 scale:0.1499
step:600/20000 train_loss:2.4069 train_time:103501ms step_avg:172.50ms
step:600/20000 val_loss:2.3752 val_bpb:1.4067 train_time:103612ms step_avg:172.69ms
step:700/20000 train_loss:2.4349 train_time:120807ms step_avg:172.58ms
step:800/20000 train_loss:2.2793 train_time:138107ms step_avg:172.63ms
step:800/20000 val_loss:2.3016 val_bpb:1.3632 train_time:138217ms step_avg:172.77ms
step:900/20000 train_loss:2.1600 train_time:155482ms step_avg:172.76ms
step:1000/20000 train_loss:2.3067 train_time:172781ms step_avg:172.78ms
step:1000/20000 val_loss:2.2603 val_bpb:1.3387 train_time:172891ms step_avg:172.89ms
step:1042/20000 val_loss:2.2573 val_bpb:1.3369 train_time:180166ms step_avg:172.90ms
stopping_early: wallclock_cap train_time:180166ms step:1042/20000
peak memory allocated: 23141 MiB reserved: 23522 MiB
ema:applying EMA weights
DIAGNOSTIC post_ema val_loss:2.3899 val_bpb:1.4154 eval_time:4120ms
Serialized model: 106158518 bytes
Code size: 103457 bytes
gptq:building non-banked model for Hessian collection...
gptq:generating autoregressive calibration data (64 seqs x 2048 tokens, temp=0.8)...
gptq:generated 64 sequences in 160.3s
gptq:collecting hessians from autoregressive data...
gptq:collected hessians for 68 layers (AR self-gen)
selective_prune: 10537128 ±1 candidates, unpruned=7.58MB target=15.9MB
selective_prune: already fits, no pruning needed
Serialized model int6+lzma: 7849548 bytes
Total submission size int6+lzma: 7953005 bytes
final_int6_roundtrip val_loss:2.8279 val_bpb:1.6749 eval_time:18260ms
final_int6_roundtrip_exact val_loss:2.82793155 val_bpb:1.67486036
final_int6_sliding_window_s64 val_loss:2.7957 val_bpb:1.6558 stride:64 eval_time:156252ms
final_int6_sliding_window_s64_exact val_loss:2.79573179 val_bpb:1.65579422
final_int8_zlib_roundtrip_exact val_loss:2.79573179 val_bpb:1.65579422
