W0403 04:21:31.949000 229558 site-packages/torch/distributed/run.py:851] 
W0403 04:21:31.949000 229558 site-packages/torch/distributed/run.py:851] *****************************************
W0403 04:21:31.949000 229558 site-packages/torch/distributed/run.py:851] Setting OMP_NUM_THREADS environment variable for each process to be 1 in default, to avoid your system being overloaded, please further tune the variable for optimal performance in your application as needed. 
W0403 04:21:31.949000 229558 site-packages/torch/distributed/run.py:851] *****************************************
logs/B9_wd_0.2.txt
val_bpb:enabled tokenizer_kind=sentencepiece tokenizer_path=./data/tokenizers/fineweb_1024_bpe.model
train_loader:dataset:fineweb10B_sp1024 train_shards:10
val_loader:shards pattern=./data/datasets/fineweb10B_sp1024/fineweb_val_*.bin tokens:62021632
model_params:26993756
mtp_num_heads:0 mtp_loss_weight:0.2 mtp_params:0
XSA:last_11 active_layers:[0, 1, 2, 3, 4, 5, 6, 7, 8, 9, 10]
world_size:4 grad_accum_steps:2
sdp_backends:cudnn=False flash=True mem_efficient=False math=False
attention_mode:gqa num_heads:8 num_kv_heads:4
tie_embeddings:True embed_lr:0.035 head_lr:0.0 matrix_lr:0.025 scalar_lr:0.025
train_batch_tokens:786432 train_seq_len:2048 iterations:20000 warmup_steps:20 max_wallclock_seconds:180.000
seed:1337
warmup_step:1/20
warmup_step:2/20
warmup_step:3/20
warmup_step:4/20
warmup_step:5/20
warmup_step:6/20
warmup_step:7/20
warmup_step:8/20
warmup_step:9/20
warmup_step:10/20
warmup_step:11/20
warmup_step:12/20
warmup_step:13/20
warmup_step:14/20
warmup_step:15/20
warmup_step:16/20
warmup_step:17/20
warmup_step:18/20
warmup_step:19/20
warmup_step:20/20
step:0/20000 val_loss:6.9309 val_bpb:4.1049 train_time:0ms step_avg:0.03ms
step:1/20000 train_loss:6.9314 train_time:217ms step_avg:217.08ms
step:2/20000 train_loss:8.6935 train_time:340ms step_avg:170.22ms
step:3/20000 train_loss:8.2181 train_time:510ms step_avg:169.95ms
step:4/20000 train_loss:7.5568 train_time:679ms step_avg:169.86ms
step:5/20000 train_loss:6.9172 train_time:850ms step_avg:169.94ms
step:6/20000 train_loss:6.4962 train_time:1018ms step_avg:169.73ms
step:7/20000 train_loss:6.2818 train_time:1189ms step_avg:169.82ms
step:8/20000 train_loss:6.0402 train_time:1363ms step_avg:170.41ms
step:9/20000 train_loss:5.9350 train_time:1535ms step_avg:170.60ms
step:10/20000 train_loss:5.8519 train_time:1706ms step_avg:170.58ms
step:100/20000 train_loss:3.4782 train_time:17126ms step_avg:171.26ms
step:200/20000 train_loss:2.7417 train_time:34357ms step_avg:171.79ms
step:200/20000 val_loss:2.8747 val_bpb:1.7026 train_time:34410ms step_avg:172.05ms
step:300/20000 train_loss:2.6354 train_time:51589ms step_avg:171.96ms
swa:start step:350
step:400/20000 train_loss:2.4821 train_time:68897ms step_avg:172.24ms
step:400/20000 val_loss:2.4809 val_bpb:1.4693 train_time:69018ms step_avg:172.55ms
step:500/20000 train_loss:2.4026 train_time:86216ms step_avg:172.43ms
late_qat:enabled step:518 scale:0.1499
step:600/20000 train_loss:2.3709 train_time:103522ms step_avg:172.54ms
step:600/20000 val_loss:2.3419 val_bpb:1.3870 train_time:103637ms step_avg:172.73ms
step:700/20000 train_loss:2.3996 train_time:120824ms step_avg:172.61ms
step:800/20000 train_loss:2.2378 train_time:138117ms step_avg:172.65ms
step:800/20000 val_loss:2.2595 val_bpb:1.3382 train_time:138221ms step_avg:172.78ms
step:900/20000 train_loss:2.1144 train_time:155471ms step_avg:172.75ms
step:1000/20000 train_loss:2.2545 train_time:172771ms step_avg:172.77ms
step:1000/20000 val_loss:2.2085 val_bpb:1.3080 train_time:172885ms step_avg:172.89ms
step:1042/20000 val_loss:2.2038 val_bpb:1.3052 train_time:180161ms step_avg:172.90ms
stopping_early: wallclock_cap train_time:180161ms step:1042/20000
peak memory allocated: 23141 MiB reserved: 23522 MiB
ema:applying EMA weights
DIAGNOSTIC post_ema val_loss:2.4462 val_bpb:1.4488 eval_time:4109ms
Serialized model: 106158518 bytes
Code size: 103457 bytes
gptq:building non-banked model for Hessian collection...
gptq:generating autoregressive calibration data (64 seqs x 2048 tokens, temp=0.8)...
gptq:generated 64 sequences in 161.6s
gptq:collecting hessians from autoregressive data...
gptq:collected hessians for 68 layers (AR self-gen)
selective_prune: 9221458 ±1 candidates, unpruned=5.96MB target=15.9MB
selective_prune: already fits, no pruning needed
Serialized model int6+lzma: 6143528 bytes
Total submission size int6+lzma: 6246985 bytes
final_int6_roundtrip val_loss:3.4988 val_bpb:2.0722 eval_time:17489ms
final_int6_roundtrip_exact val_loss:3.49880638 val_bpb:2.07219022
final_int6_sliding_window_s64 val_loss:3.4957 val_bpb:2.0703 stride:64 eval_time:155054ms
final_int6_sliding_window_s64_exact val_loss:3.49567057 val_bpb:2.07033849
final_int8_zlib_roundtrip_exact val_loss:3.49567057 val_bpb:2.07033849
