W0411 00:50:56.728000 333775 torch/distributed/run.py:851] 
W0411 00:50:56.728000 333775 torch/distributed/run.py:851] *****************************************
W0411 00:50:56.728000 333775 torch/distributed/run.py:851] Setting OMP_NUM_THREADS environment variable for each process to be 1 in default, to avoid your system being overloaded, please further tune the variable for optimal performance in your application as needed. 
W0411 00:50:56.728000 333775 torch/distributed/run.py:851] *****************************************
logs/3fda892e-adfd-4184-a03a-9da0d1c2dba3.txt
val_bpb:enabled tokenizer_kind=sentencepiece tokenizer_path=./data/tokenizers/fineweb_1024_bpe.model
train_loader:dataset:fineweb10B_sp1024 train_shards:10
val_loader:shards pattern=./data/datasets/fineweb10B_sp1024/fineweb_val_*.bin tokens:62021632
model_params:27070044
XSA:last_11 active_layers:[0, 1, 2, 3, 4, 5, 6, 7, 8, 9, 10]
world_size:8 grad_accum_steps:1
sdp_backends:cudnn=False flash=True mem_efficient=False math=False
attention_mode:gqa num_heads:8 num_kv_heads:4
recurrence:layers=[] start_step=3000 active=0
canon_ac:layers=[] params=0 physical_only=1
parallel_residual:active=0 start_layer=7 start_mode=physical params=0 final_lane=mlp
repeat_untie_mlp:mode=none layers=[] params=0
tie_embeddings:True embed_lr:0.035 head_lr:0.0 matrix_lr:0.025 scalar_lr:0.025
train_batch_tokens:786432 train_seq_len:2048 iterations:20000 warmup_steps:20 max_wallclock_seconds:420.000
seed:1337
gptq:reserving 0ms from training budget, effective=420000ms
base_warmup_step:1/20
base_warmup_step:2/20
base_warmup_step:3/20
base_warmup_step:4/20
base_warmup_step:5/20
base_warmup_step:6/20
base_warmup_step:7/20
base_warmup_step:8/20
base_warmup_step:9/20
base_warmup_step:10/20
base_warmup_step:11/20
base_warmup_step:12/20
base_warmup_step:13/20
base_warmup_step:14/20
base_warmup_step:15/20
base_warmup_step:16/20
base_warmup_step:17/20
base_warmup_step:18/20
base_warmup_step:19/20
base_warmup_step:20/20
step:0/20000 val_loss:6.9301 val_bpb:4.1044 train_time:0ms step_avg:0.01ms
step:1/20000 train_loss:6.9290 train_time:122ms step_avg:121.54ms
step:2/20000 train_loss:8.7273 train_time:160ms step_avg:79.99ms
step:3/20000 train_loss:7.6371 train_time:245ms step_avg:81.67ms
step:4/20000 train_loss:7.1400 train_time:330ms step_avg:82.53ms
step:5/20000 train_loss:7.0399 train_time:415ms step_avg:82.97ms
step:6/20000 train_loss:6.9788 train_time:500ms step_avg:83.31ms
step:7/20000 train_loss:6.9950 train_time:585ms step_avg:83.56ms
step:8/20000 train_loss:6.7996 train_time:670ms step_avg:83.73ms
step:9/20000 train_loss:6.4433 train_time:754ms step_avg:83.79ms
step:10/20000 train_loss:6.0648 train_time:839ms step_avg:83.88ms
step:500/20000 train_loss:2.2883 train_time:43072ms step_avg:86.14ms
step:1000/20000 train_loss:2.2076 train_time:86373ms step_avg:86.37ms
step:1500/20000 train_loss:2.0977 train_time:129723ms step_avg:86.48ms
step:2000/20000 train_loss:2.0696 train_time:173128ms step_avg:86.56ms
step:2500/20000 train_loss:2.0038 train_time:216592ms step_avg:86.64ms
step:3000/20000 train_loss:2.0246 train_time:260038ms step_avg:86.68ms
step:3500/20000 train_loss:2.0227 train_time:303461ms step_avg:86.70ms
step:4000/20000 train_loss:1.9300 train_time:346888ms step_avg:86.72ms
step:4000/20000 val_loss:1.9723 val_bpb:1.1681 train_time:346937ms step_avg:86.73ms
swa:start step:4050
late_qat:enabled step:4241 scale:0.1498
step:4500/20000 train_loss:1.9850 train_time:390794ms step_avg:86.84ms
step:4833/20000 val_loss:1.9360 val_bpb:1.1466 train_time:420102ms step_avg:86.92ms
stopping_early: wallclock_cap train_time:420102ms step:4833/20000
peak memory allocated: 23519 MiB reserved: 23662 MiB
ema:applying EMA weights
DIAGNOSTIC post_ema val_loss:1.9350 val_bpb:1.1460 eval_time:2078ms
Serialized model: 106298103 bytes
Code size: 93853 bytes
gptq:calibration recurrence_active=0 repeat_mlp=0 parallel_residual=0 ar_selfgen=1
gptq:generating autoregressive calibration data (64 seqs x 2048 tokens, temp=0.80)...
