W0411 01:13:17.747000 347828 torch/distributed/run.py:851] 
W0411 01:13:17.747000 347828 torch/distributed/run.py:851] *****************************************
W0411 01:13:17.747000 347828 torch/distributed/run.py:851] Setting OMP_NUM_THREADS environment variable for each process to be 1 in default, to avoid your system being overloaded, please further tune the variable for optimal performance in your application as needed. 
W0411 01:13:17.747000 347828 torch/distributed/run.py:851] *****************************************
Hyperparameters:
  adam_eps: 1e-08
  adam_wd: 0.02
  beta1: 0.9
  beta2: 0.95
  compressor: brotli
  data_dir: ./data/
  datasets_dir: ./data/datasets/fineweb10B_sp1024
  distributed: True
  ema_decay: 0.9965
  embed_bits: 8
  embed_clip_sigmas: 20.0
  embed_lr: 0.6
  embed_wd: 0.085
  embedding_dim: 512
  enable_looping_at: 0.35
  etlb_clip: 3.0
  etlb_enabled: False
  etlb_lr: 0.05
  etlb_steps: 5
  eval_seq_len: 2048
  eval_stride: 64
  gptq_calibration_batches: 64
  gptq_reserve_seconds: 12.0
  grad_accum_steps: 1
  grad_clip_norm: 0.3
  head_lr: 0.008
  is_main_process: True
  iterations: 20000
  ln_scale: True
  local_rank: 0
  logfile: logs/65b1f413-343f-49d8-b02a-7bed48e9c5e8.txt
  logit_softcap: 30.0
  loop_end: 5
  loop_start: 3
  matrix_bits: 6
  matrix_clip_sigmas: 12.85
  matrix_lr: 0.02
  max_wallclock_seconds: 420.0
  min_lr: 0.0
  mlp_mult: 3.0
  model_dim: 512
  model_path: final_model.pt
  muon_backend_steps: 5
  muon_beta2: 0.95
  muon_momentum: 0.99
  muon_momentum_warmup_start: 0.92
  muon_momentum_warmup_steps: 1500
  muon_row_normalize: True
  muon_wd: 0.095
  num_heads: 8
  num_kv_heads: 4
  num_layers: 9
  num_loops: 2
  parallel_residual_start: 7
  qk_gain_init: 1.5
  quantized_model_path: final_model.int6.ptz
  rank: 0
  rope_base: 10000.0
  rope_dims: 16
  rope_train_seq_len: 2048
  run_id: 65b1f413-343f-49d8-b02a-7bed48e9c5e8
  scalar_lr: 0.02
  seed: 1337
  skip_gates_enabled: True
  sliding_window_enabled: True
  tie_embeddings: True
  tied_embed_init_std: 0.005
  tied_embed_lr: 0.03
  tokenizer_path: ./data/tokenizers/fineweb_1024_bpe.model
  train_batch_tokens: 786432
  train_files: ./data/datasets/fineweb10B_sp1024/fineweb_train_*.bin
  train_log_every: 500
  train_seq_len: 2048
  ttt_chunk_tokens: 32768
  ttt_enabled: False
  ttt_epochs: 3
  ttt_lr: 0.005
  ttt_momentum: 0.9
  val_batch_tokens: 524288
  val_files: ./data/datasets/fineweb10B_sp1024/fineweb_val_*.bin
  val_loss_every: 500
  vocab_size: 1024
  warmdown_frac: 0.72
  warmup_steps: 20
  world_size: 8
  xsa_last_n: 11
train_shards: 10
val_tokens: 62021632
model_params:21783624
gptq:reserving 12s, effective=408000ms
warmup_step: 1/20
warmup_step: 2/20
warmup_step: 3/20
warmup_step: 4/20
warmup_step: 5/20
warmup_step: 6/20
warmup_step: 10/20
warmup_step: 20/20
loop_warmup:enabled encoder:[0, 1, 2, 3, 4, 5, 3] decoder:[4, 5, 3, 4, 5, 6, 7, 8]
loop_warmup_step: 1/20
loop_warmup_step: 2/20
loop_warmup_step: 3/20
loop_warmup_step: 4/20
loop_warmup_step: 5/20
loop_warmup_step: 6/20
loop_warmup_step: 10/20
loop_warmup_step: 20/20
0/20000 val_loss: 6.9378 val_bpb: 4.1089
1/20000 train_loss: 6.9389 train_time: 0.0m tok/s: 12007365
2/20000 train_loss: 12.3164 train_time: 0.0m tok/s: 11965098
3/20000 train_loss: 10.4510 train_time: 0.0m tok/s: 11704978
4/20000 train_loss: 8.3143 train_time: 0.0m tok/s: 11551574
5/20000 train_loss: 6.8028 train_time: 0.0m tok/s: 11463221
500/20000 train_loss: 2.3102 train_time: 0.6m tok/s: 11059537
500/20000 val_loss: 2.3252 val_bpb: 1.3771
1000/20000 train_loss: 2.2925 train_time: 1.2m tok/s: 11032911
1000/20000 val_loss: 2.2236 val_bpb: 1.3169
1500/20000 train_loss: 2.1605 train_time: 1.8m tok/s: 11036265
1500/20000 val_loss: 2.1855 val_bpb: 1.2944
2000/20000 train_loss: 2.1467 train_time: 2.4m tok/s: 11025710
2000/20000 val_loss: 2.1329 val_bpb: 1.2632
layer_loop:enabled step:2002 frac:0.350 encoder:[0, 1, 2, 3, 4, 5, 3] decoder:[4, 5, 3, 4, 5, 6, 7, 8]
2500/20000 train_loss: 2.1942 train_time: 3.4m tok/s: 9735886
2500/20000 val_loss: 2.0750 val_bpb: 1.2289
3000/20000 train_loss: 2.0971 train_time: 4.3m tok/s: 9080669
3000/20000 val_loss: 2.0404 val_bpb: 1.2084
3500/20000 train_loss: 1.9969 train_time: 5.3m tok/s: 8663482
3500/20000 val_loss: 2.0060 val_bpb: 1.1881
4000/20000 train_loss: 2.0125 train_time: 6.3m tok/s: 8375998
4000/20000 val_loss: 1.9656 val_bpb: 1.1642
