logs/7695bde3-5f36-48bd-b958-5104fb010c12.txt
val_bpb:enabled tokenizer_kind=sentencepiece tokenizer_path=./data/tokenizers/fineweb_1024_bpe.model
train_loader:dataset:fineweb10B_sp1024 train_shards:10
val_loader:shards pattern=./data/datasets/fineweb10B_sp1024/fineweb_val_*.bin tokens:62021632
model_params:21778504
world_size:1 grad_accum_steps:8
sdp_backends:cudnn=False flash=True mem_efficient=False math=False
attention_mode:gqa num_heads:8 num_kv_heads:4
tie_embeddings:True embed_lr:0.05 head_lr:0.0 matrix_lr:0.04 scalar_lr:0.04
train_batch_tokens:524288 train_seq_len:1024 iterations:20000 warmup_steps:20 max_wallclock_seconds:480.000
seed:1337
warmup_step:1/20
warmup_step:2/20
warmup_step:3/20
warmup_step:4/20
warmup_step:5/20
warmup_step:6/20
warmup_step:7/20
warmup_step:8/20
warmup_step:9/20
warmup_step:10/20
warmup_step:11/20
warmup_step:12/20
warmup_step:13/20
warmup_step:14/20
warmup_step:15/20
warmup_step:16/20
warmup_step:17/20
warmup_step:18/20
warmup_step:19/20
warmup_step:20/20
step:0/20000 val_loss:6.9378 val_bpb:4.1090 train_time:0ms step_avg:0.02ms
step:1/20000 train_loss:6.9380 train_time:381ms step_avg:381.10ms
step:2/20000 train_loss:17.0274 train_time:758ms step_avg:378.84ms
step:3/20000 train_loss:9.0080 train_time:1135ms step_avg:378.37ms
step:4/20000 train_loss:6.5494 train_time:1512ms step_avg:377.97ms
step:5/20000 train_loss:6.6900 train_time:1889ms step_avg:377.77ms
step:6/20000 train_loss:6.7678 train_time:2270ms step_avg:378.34ms
step:7/20000 train_loss:6.3736 train_time:2651ms step_avg:378.78ms
step:8/20000 train_loss:6.1832 train_time:3033ms step_avg:379.08ms
step:9/20000 train_loss:6.0648 train_time:3419ms step_avg:379.86ms
step:10/20000 train_loss:5.9785 train_time:3800ms step_avg:380.01ms
step:200/20000 train_loss:2.7716 train_time:76615ms step_avg:383.07ms
step:400/20000 train_loss:2.3710 train_time:153284ms step_avg:383.21ms
step:600/20000 train_loss:2.4607 train_time:229818ms step_avg:383.03ms
step:800/20000 train_loss:2.3035 train_time:306457ms step_avg:383.07ms
step:1000/20000 train_loss:2.3126 train_time:382895ms step_avg:382.89ms
step:1000/20000 val_loss:2.2794 val_bpb:1.3500 train_time:382895ms step_avg:382.89ms
step:1200/20000 train_loss:2.2339 train_time:459558ms step_avg:382.96ms
step:1254/20000 val_loss:2.2374 val_bpb:1.3251 train_time:480267ms step_avg:382.99ms
stopping_early: wallclock_cap train_time:480267ms step:1254/20000
peak memory allocated: 11416 MiB reserved: 11474 MiB
Serialized model: 86099351 bytes
Code size: 47693 bytes
Total submission size: 86147044 bytes
Serialized model int8+zlib: 16671539 bytes (payload:21906720 raw_torch:21951833 payload_ratio:3.93x)
Total submission size int8+zlib: 16719232 bytes
final_int8_zlib_roundtrip val_loss:2.2394 val_bpb:1.3263 eval_time:11859ms
final_int8_zlib_roundtrip_exact val_loss:2.23936838 val_bpb:1.32628009
