logs/ee5847a9-2f66-4c98-a873-4d28dce0d59e.txt
val_bpb:enabled tokenizer_kind=sentencepiece tokenizer_path=./data/tokenizers/fineweb_1024_bpe.model
train_loader:dataset:fineweb10B_sp1024 train_shards:10
val_loader:shards pattern=./data/datasets/fineweb10B_sp1024/fineweb_val_*.bin tokens:62021632
model_params:17059912
world_size:1 grad_accum_steps:8
sdp_backends:cudnn=False flash=True mem_efficient=False math=False
attention_mode:gqa num_heads:8 num_kv_heads:4
tie_embeddings:True embed_lr:0.05 head_lr:0.0 matrix_lr:0.03 scalar_lr:0.04
train_batch_tokens:524288 train_seq_len:1024 iterations:20000 warmup_steps:20 max_wallclock_seconds:540.000
seed:1337
warmup_step:1/20
warmup_step:2/20
warmup_step:3/20
warmup_step:4/20
warmup_step:5/20
warmup_step:6/20
warmup_step:7/20
warmup_step:8/20
warmup_step:9/20
warmup_step:10/20
warmup_step:11/20
warmup_step:12/20
warmup_step:13/20
warmup_step:14/20
warmup_step:15/20
warmup_step:16/20
warmup_step:17/20
warmup_step:18/20
warmup_step:19/20
warmup_step:20/20
step:0/20000 val_loss:6.9357 val_bpb:4.1077 train_time:0ms step_avg:0.02ms
step:1/20000 train_loss:6.9357 train_time:326ms step_avg:326.19ms
step:2/20000 train_loss:16.8266 train_time:654ms step_avg:326.96ms
step:3/20000 train_loss:8.9820 train_time:982ms step_avg:327.40ms
step:4/20000 train_loss:6.5932 train_time:1314ms step_avg:328.59ms
step:5/20000 train_loss:6.5725 train_time:1647ms step_avg:329.38ms
step:6/20000 train_loss:6.6344 train_time:1980ms step_avg:329.95ms
step:7/20000 train_loss:6.3004 train_time:2314ms step_avg:330.60ms
step:8/20000 train_loss:6.1795 train_time:2647ms step_avg:330.82ms
step:9/20000 train_loss:6.0949 train_time:2980ms step_avg:331.09ms
step:10/20000 train_loss:6.0188 train_time:3313ms step_avg:331.34ms
step:200/20000 train_loss:2.7962 train_time:67167ms step_avg:335.84ms
step:400/20000 train_loss:2.4105 train_time:134783ms step_avg:336.96ms
step:600/20000 train_loss:2.4904 train_time:202218ms step_avg:337.03ms
step:800/20000 train_loss:2.3321 train_time:269687ms step_avg:337.11ms
step:1000/20000 train_loss:2.3404 train_time:336788ms step_avg:336.79ms
step:1000/20000 val_loss:2.3094 val_bpb:1.3678 train_time:336788ms step_avg:336.79ms
step:1200/20000 train_loss:2.2627 train_time:403575ms step_avg:336.31ms
step:1400/20000 train_loss:2.2895 train_time:470531ms step_avg:336.09ms
step:1600/20000 train_loss:2.1813 train_time:537481ms step_avg:335.93ms
step:1608/20000 val_loss:2.2212 val_bpb:1.3155 train_time:540148ms step_avg:335.91ms
stopping_early: wallclock_cap train_time:540148ms step:1608/20000
peak memory allocated: 10303 MiB reserved: 10622 MiB
Serialized model: 67224983 bytes
Code size: 47693 bytes
Total submission size: 67272676 bytes
Serialized model int8+zlib: 13475201 bytes (payload:17178912 raw_torch:17224025 payload_ratio:3.91x)
Total submission size int8+zlib: 13522894 bytes
final_int8_zlib_roundtrip val_loss:2.2237 val_bpb:1.3170 eval_time:10851ms
final_int8_zlib_roundtrip_exact val_loss:2.22369131 val_bpb:1.31699525
