W0411 00:29:45.763000 324912 torch/distributed/run.py:851] 
W0411 00:29:45.763000 324912 torch/distributed/run.py:851] *****************************************
W0411 00:29:45.763000 324912 torch/distributed/run.py:851] Setting OMP_NUM_THREADS environment variable for each process to be 1 in default, to avoid your system being overloaded, please further tune the variable for optimal performance in your application as needed. 
W0411 00:29:45.763000 324912 torch/distributed/run.py:851] *****************************************
logs/292164b2-c5c7-4bb5-a5ce-49a44a054bfd.txt
val_bpb:enabled tokenizer_kind=sentencepiece tokenizer_path=./data/tokenizers/fineweb_1024_bpe.model
train_loader:dataset:fineweb10B_sp1024 train_shards:10
val_loader:shards pattern=./data/datasets/fineweb10B_sp1024/fineweb_val_*.bin tokens:62021632
model_params:27041372
XSA:last_11 active_layers:[0, 1, 2, 3, 4, 5, 6, 7, 8, 9, 10]
world_size:8 grad_accum_steps:1
sdp_backends:cudnn=False flash=True mem_efficient=False math=False
attention_mode:gqa num_heads:8 num_kv_heads:4
recurrence:layers=[] start_step=3000 active=0
canon_ac:layers=[] params=0 physical_only=1
parallel_residual:active=0 start_layer=7 start_mode=physical params=0 final_lane=mlp
repeat_untie_mlp:mode=none layers=[] params=0
tie_embeddings:True embed_lr:0.035 head_lr:0.0 matrix_lr:0.03 scalar_lr:0.025
train_batch_tokens:786432 train_seq_len:2048 iterations:20000 warmup_steps:20 max_wallclock_seconds:540.000
seed:1337
gptq:reserving 0ms from training budget, effective=540000ms
base_warmup_step:1/20
base_warmup_step:2/20
base_warmup_step:3/20
base_warmup_step:4/20
base_warmup_step:5/20
base_warmup_step:6/20
base_warmup_step:7/20
base_warmup_step:8/20
base_warmup_step:9/20
base_warmup_step:10/20
base_warmup_step:11/20
base_warmup_step:12/20
base_warmup_step:13/20
base_warmup_step:14/20
base_warmup_step:15/20
base_warmup_step:16/20
base_warmup_step:17/20
base_warmup_step:18/20
base_warmup_step:19/20
base_warmup_step:20/20
step:0/20000 val_loss:6.9309 val_bpb:4.1049 train_time:0ms step_avg:0.01ms
step:1/20000 train_loss:6.9288 train_time:122ms step_avg:121.69ms
step:2/20000 train_loss:8.9661 train_time:160ms step_avg:79.95ms
step:3/20000 train_loss:7.6915 train_time:244ms step_avg:81.45ms
step:4/20000 train_loss:7.1286 train_time:329ms step_avg:82.15ms
step:5/20000 train_loss:7.0700 train_time:413ms step_avg:82.59ms
step:6/20000 train_loss:6.9914 train_time:498ms step_avg:82.95ms
step:7/20000 train_loss:6.9759 train_time:582ms step_avg:83.20ms
step:8/20000 train_loss:6.7476 train_time:668ms step_avg:83.51ms
step:9/20000 train_loss:6.4013 train_time:752ms step_avg:83.61ms
step:10/20000 train_loss:6.0402 train_time:838ms step_avg:83.78ms
step:500/20000 train_loss:2.2910 train_time:43060ms step_avg:86.12ms
step:1000/20000 train_loss:2.2162 train_time:86312ms step_avg:86.31ms
step:1500/20000 train_loss:2.1152 train_time:129644ms step_avg:86.43ms
step:2000/20000 train_loss:2.0890 train_time:173043ms step_avg:86.52ms
step:2500/20000 train_loss:2.0381 train_time:216498ms step_avg:86.60ms
step:3000/20000 train_loss:2.0676 train_time:259957ms step_avg:86.65ms
step:3500/20000 train_loss:2.0701 train_time:303356ms step_avg:86.67ms
step:4000/20000 train_loss:1.9894 train_time:346780ms step_avg:86.69ms
step:4000/20000 val_loss:2.0196 val_bpb:1.1961 train_time:346830ms step_avg:86.71ms
step:4500/20000 train_loss:2.0460 train_time:390129ms step_avg:86.70ms
step:5000/20000 train_loss:1.9371 train_time:433488ms step_avg:86.70ms
step:5500/20000 train_loss:1.9757 train_time:476852ms step_avg:86.70ms
swa:start step:5550
late_qat:enabled step:5701 scale:0.1498
step:6000/20000 train_loss:1.9197 train_time:520714ms step_avg:86.79ms
step:6220/20000 val_loss:1.9207 val_bpb:1.1376 train_time:540124ms step_avg:86.84ms
stopping_early: wallclock_cap train_time:540124ms step:6220/20000
peak memory allocated: 23519 MiB reserved: 23662 MiB
ema:applying EMA weights
DIAGNOSTIC post_ema val_loss:1.9192 val_bpb:1.1367 eval_time:2075ms
Serialized model: 106240759 bytes
Code size: 93853 bytes
gptq:calibration recurrence_active=0 repeat_mlp=0 parallel_residual=0 ar_selfgen=1
gptq:generating autoregressive calibration data (64 seqs x 2048 tokens, temp=0.80)...
