W0410 17:32:07.060000 227035 torch/distributed/run.py:851] 
W0410 17:32:07.060000 227035 torch/distributed/run.py:851] *****************************************
W0410 17:32:07.060000 227035 torch/distributed/run.py:851] Setting OMP_NUM_THREADS environment variable for each process to be 1 in default, to avoid your system being overloaded, please further tune the variable for optimal performance in your application as needed. 
W0410 17:32:07.060000 227035 torch/distributed/run.py:851] *****************************************
logs/063586bf-ce0b-498b-97fc-ff53e5ab80f2.txt
val_bpb:enabled tokenizer_kind=sentencepiece tokenizer_path=./data/tokenizers/fineweb_1024_bpe.model
train_loader:dataset:fineweb10B_sp1024 train_shards:10
val_loader:shards pattern=./data/datasets/fineweb10B_sp1024/fineweb_val_*.bin tokens:62021632
model_params:27041372
XSA:last_11 active_layers:[0, 1, 2, 3, 4, 5, 6, 7, 8, 9, 10]
world_size:8 grad_accum_steps:1
sdp_backends:cudnn=False flash=True mem_efficient=False math=False
attention_mode:gqa num_heads:8 num_kv_heads:4
recurrence:layers=[] start_step=3000 active=0
canon_ac:layers=[] params=0 physical_only=1
parallel_residual:active=0 start_layer=7 start_mode=physical params=0 final_lane=mlp
repeat_untie_mlp:mode=none layers=[] params=0
tie_embeddings:True embed_lr:0.035 head_lr:0.0 matrix_lr:0.03 scalar_lr:0.025
train_batch_tokens:786432 train_seq_len:2048 iterations:20000 warmup_steps:20 max_wallclock_seconds:420.000
seed:42
gptq:reserving 0ms from training budget, effective=420000ms
base_warmup_step:1/20
base_warmup_step:2/20
base_warmup_step:3/20
base_warmup_step:4/20
base_warmup_step:5/20
base_warmup_step:6/20
base_warmup_step:7/20
base_warmup_step:8/20
base_warmup_step:9/20
base_warmup_step:10/20
base_warmup_step:11/20
base_warmup_step:12/20
base_warmup_step:13/20
base_warmup_step:14/20
base_warmup_step:15/20
base_warmup_step:16/20
base_warmup_step:17/20
base_warmup_step:18/20
base_warmup_step:19/20
base_warmup_step:20/20
step:0/20000 val_loss:6.9297 val_bpb:4.1041 train_time:0ms step_avg:0.01ms
step:1/20000 train_loss:6.9286 train_time:1775ms step_avg:1774.62ms
step:2/20000 train_loss:8.7802 train_time:1941ms step_avg:970.45ms
step:3/20000 train_loss:8.6399 train_time:3174ms step_avg:1058.15ms
step:4/20000 train_loss:8.3039 train_time:4420ms step_avg:1104.92ms
step:5/20000 train_loss:7.9271 train_time:5475ms step_avg:1095.07ms
step:6/20000 train_loss:7.5081 train_time:7210ms step_avg:1201.59ms
step:7/20000 train_loss:7.2351 train_time:8918ms step_avg:1273.97ms
step:8/20000 train_loss:6.9841 train_time:10902ms step_avg:1362.79ms
step:9/20000 train_loss:6.7147 train_time:12720ms step_avg:1413.35ms
step:10/20000 train_loss:6.5083 train_time:14396ms step_avg:1439.56ms
swa:start step:50
