W0410 11:07:03.994000 123525 torch/distributed/run.py:851] 
W0410 11:07:03.994000 123525 torch/distributed/run.py:851] *****************************************
W0410 11:07:03.994000 123525 torch/distributed/run.py:851] Setting OMP_NUM_THREADS environment variable for each process to be 1 in default, to avoid your system being overloaded, please further tune the variable for optimal performance in your application as needed. 
W0410 11:07:03.994000 123525 torch/distributed/run.py:851] *****************************************
logs/93b43234-f32d-4107-b4c1-f71dcbdb9ed6.txt
val_bpb:enabled tokenizer_kind=sentencepiece tokenizer_path=./data/tokenizers/fineweb_1024_bpe.model
train_loader:dataset:fineweb10B_sp1024 train_shards:10
val_loader:shards pattern=./data/datasets/fineweb10B_sp1024/fineweb_val_*.bin tokens:62021632
model_params:19419208
world_size:2 grad_accum_steps:4
sdp_backends:cudnn=False flash=True mem_efficient=False math=False
attention_mode:gqa num_heads:8 num_kv_heads:8
tie_embeddings:True embed_lr:0.05 head_lr:0.0 matrix_lr:0.04 scalar_lr:0.04
train_batch_tokens:524288 train_seq_len:1024 iterations:20000 warmup_steps:20 max_wallclock_seconds:420.000
seed:1337
warmup_step:1/20
warmup_step:2/20
warmup_step:3/20
warmup_step:4/20
warmup_step:5/20
warmup_step:6/20
warmup_step:7/20
warmup_step:8/20
warmup_step:9/20
warmup_step:10/20
warmup_step:11/20
warmup_step:12/20
warmup_step:13/20
warmup_step:14/20
warmup_step:15/20
warmup_step:16/20
warmup_step:17/20
warmup_step:18/20
warmup_step:19/20
warmup_step:20/20
step:0/20000 val_loss:6.9393 val_bpb:4.1098 train_time:0ms step_avg:0.02ms
step:1/20000 train_loss:6.9394 train_time:375ms step_avg:375.40ms
step:2/20000 train_loss:16.7325 train_time:769ms step_avg:384.46ms
step:3/20000 train_loss:9.0674 train_time:1155ms step_avg:385.02ms
step:4/20000 train_loss:6.6727 train_time:1543ms step_avg:385.79ms
step:5/20000 train_loss:6.6347 train_time:1933ms step_avg:386.59ms
step:6/20000 train_loss:6.8160 train_time:2322ms step_avg:387.03ms
step:7/20000 train_loss:6.3422 train_time:2717ms step_avg:388.21ms
step:8/20000 train_loss:6.1910 train_time:3109ms step_avg:388.58ms
step:9/20000 train_loss:6.0830 train_time:3495ms step_avg:388.32ms
step:10/20000 train_loss:5.9919 train_time:3880ms step_avg:388.04ms
step:200/20000 train_loss:2.7581 train_time:66442ms step_avg:332.21ms
step:400/20000 train_loss:2.3689 train_time:101037ms step_avg:252.59ms
step:600/20000 train_loss:2.5253 train_time:135602ms step_avg:226.00ms
step:800/20000 train_loss:2.3084 train_time:170042ms step_avg:212.55ms
step:1000/20000 train_loss:2.3248 train_time:204601ms step_avg:204.60ms
step:1000/20000 val_loss:2.3180 val_bpb:1.3728 train_time:204602ms step_avg:204.60ms
step:1200/20000 train_loss:2.2768 train_time:239036ms step_avg:199.20ms
step:1400/20000 train_loss:2.2989 train_time:273531ms step_avg:195.38ms
step:1600/20000 train_loss:2.1577 train_time:307972ms step_avg:192.48ms
step:1800/20000 train_loss:2.2293 train_time:342385ms step_avg:190.21ms
step:2000/20000 train_loss:2.2345 train_time:376916ms step_avg:188.46ms
step:2000/20000 val_loss:2.1816 val_bpb:1.2921 train_time:376917ms step_avg:188.46ms
step:2200/20000 train_loss:2.2487 train_time:411384ms step_avg:186.99ms
step:2251/20000 val_loss:2.1635 val_bpb:1.2814 train_time:420172ms step_avg:186.66ms
stopping_early: wallclock_cap train_time:420172ms step:2251/20000
peak memory allocated: 11236 MiB reserved: 11244 MiB
Serialized model: 76662167 bytes
Code size: 47693 bytes
Total submission size: 76709860 bytes
Serialized model int8+zlib: 17165081 bytes (payload:19547424 raw_torch:19592537 payload_ratio:3.92x)
Total submission size int8+zlib: 17212774 bytes
final_int8_zlib_roundtrip val_loss:2.1660 val_bpb:1.2828 eval_time:5829ms
final_int8_zlib_roundtrip_exact val_loss:2.16599280 val_bpb:1.28282294
