W0410 23:38:18.781000 302132 torch/distributed/run.py:851] 
W0410 23:38:18.781000 302132 torch/distributed/run.py:851] *****************************************
W0410 23:38:18.781000 302132 torch/distributed/run.py:851] Setting OMP_NUM_THREADS environment variable for each process to be 1 in default, to avoid your system being overloaded, please further tune the variable for optimal performance in your application as needed. 
W0410 23:38:18.781000 302132 torch/distributed/run.py:851] *****************************************
logs/30d9abbb-1293-441b-8ca8-ce364e408c63.txt
val_bpb:enabled tokenizer_kind=sentencepiece tokenizer_path=./data/tokenizers/fineweb_1024_bpe.model
train_loader:dataset:fineweb10B_sp1024 train_shards:10
val_loader:shards pattern=./data/datasets/fineweb10B_sp1024/fineweb_val_*.bin tokens:62021632
model_params:27070044
XSA:last_11 active_layers:[0, 1, 2, 3, 4, 5, 6, 7, 8, 9, 10]
world_size:8 grad_accum_steps:1
sdp_backends:cudnn=False flash=True mem_efficient=False math=False
attention_mode:gqa num_heads:8 num_kv_heads:4
recurrence:layers=[] start_step=3000 active=0
canon_ac:layers=[] params=0 physical_only=1
parallel_residual:active=0 start_layer=7 start_mode=physical params=0 final_lane=mlp
repeat_untie_mlp:mode=none layers=[] params=0
tie_embeddings:True embed_lr:0.035 head_lr:0.0 matrix_lr:0.03 scalar_lr:0.025
train_batch_tokens:786432 train_seq_len:2048 iterations:20000 warmup_steps:20 max_wallclock_seconds:600.000
seed:1337
gptq:reserving 0ms from training budget, effective=600000ms
base_warmup_step:1/20
base_warmup_step:2/20
base_warmup_step:3/20
base_warmup_step:4/20
base_warmup_step:5/20
base_warmup_step:6/20
base_warmup_step:7/20
base_warmup_step:8/20
base_warmup_step:9/20
base_warmup_step:10/20
base_warmup_step:11/20
base_warmup_step:12/20
base_warmup_step:13/20
base_warmup_step:14/20
base_warmup_step:15/20
base_warmup_step:16/20
base_warmup_step:17/20
base_warmup_step:18/20
base_warmup_step:19/20
base_warmup_step:20/20
step:0/20000 val_loss:6.9301 val_bpb:4.1044 train_time:0ms step_avg:0.01ms
step:1/20000 train_loss:6.9290 train_time:123ms step_avg:123.40ms
step:2/20000 train_loss:8.6856 train_time:161ms step_avg:80.73ms
step:3/20000 train_loss:7.5821 train_time:246ms step_avg:82.03ms
step:4/20000 train_loss:7.2746 train_time:331ms step_avg:82.74ms
step:5/20000 train_loss:7.0988 train_time:415ms step_avg:83.10ms
step:6/20000 train_loss:6.9237 train_time:500ms step_avg:83.37ms
step:7/20000 train_loss:6.8462 train_time:585ms step_avg:83.60ms
step:8/20000 train_loss:6.6707 train_time:670ms step_avg:83.73ms
step:9/20000 train_loss:6.2929 train_time:755ms step_avg:83.88ms
step:10/20000 train_loss:5.9371 train_time:840ms step_avg:83.99ms
step:500/20000 train_loss:2.3001 train_time:43058ms step_avg:86.12ms
step:1000/20000 train_loss:2.2153 train_time:86318ms step_avg:86.32ms
step:1500/20000 train_loss:2.1156 train_time:129575ms step_avg:86.38ms
step:2000/20000 train_loss:2.0857 train_time:172904ms step_avg:86.45ms
step:2500/20000 train_loss:2.0362 train_time:216261ms step_avg:86.50ms
step:3000/20000 train_loss:2.0735 train_time:259694ms step_avg:86.56ms
step:3500/20000 train_loss:2.0917 train_time:303118ms step_avg:86.61ms
step:4000/20000 train_loss:2.0017 train_time:346563ms step_avg:86.64ms
step:4000/20000 val_loss:2.0348 val_bpb:1.2051 train_time:346612ms step_avg:86.65ms
step:4500/20000 train_loss:2.0626 train_time:389914ms step_avg:86.65ms
