W0410 16:27:23.972000 189585 torch/distributed/run.py:851] 
W0410 16:27:23.972000 189585 torch/distributed/run.py:851] *****************************************
W0410 16:27:23.972000 189585 torch/distributed/run.py:851] Setting OMP_NUM_THREADS environment variable for each process to be 1 in default, to avoid your system being overloaded, please further tune the variable for optimal performance in your application as needed. 
W0410 16:27:23.972000 189585 torch/distributed/run.py:851] *****************************************
Hyperparameters:
  adam_eps: 1e-08
  adam_wd: 0.02
  beta1: 0.9
  beta2: 0.95
  compressor: brotli
  data_dir: ./data/
  datasets_dir: ./data/datasets/fineweb10B_sp8192
  distributed: True
  ema_decay: 0.9965
  embed_bits: 8
  embed_clip_sigmas: 20.0
  embed_lr: 0.6
  embed_wd: 0.085
  embedding_dim: 512
  enable_looping_at: 0.35
  etlb_clip: 3.0
  etlb_enabled: False
  etlb_lr: 0.05
  etlb_steps: 5
  eval_seq_len: 2048
  eval_stride: 64
  gptq_calibration_batches: 64
  gptq_reserve_seconds: 12.0
  grad_accum_steps: 1
  grad_clip_norm: 0.3
  head_lr: 0.008
  is_main_process: True
  iterations: 20000
  ln_scale: True
  local_rank: 0
  logfile: logs/85167323-cfac-48c4-8b8c-70b3e8993e64.txt
  logit_softcap: 30.0
  loop_end: 5
  loop_start: 3
  matrix_bits: 6
  matrix_clip_sigmas: 12.85
  matrix_lr: 0.022
  max_wallclock_seconds: 420.0
  min_lr: 0.0
  mlp_mult: 4.0
  model_dim: 512
  model_path: final_model.pt
  muon_backend_steps: 5
  muon_beta2: 0.95
  muon_momentum: 0.99
  muon_momentum_warmup_start: 0.92
  muon_momentum_warmup_steps: 1500
  muon_row_normalize: True
  muon_wd: 0.095
  num_heads: 8
  num_kv_heads: 4
  num_layers: 11
  num_loops: 2
  parallel_residual_start: 7
  qk_gain_init: 5.0
  quantized_model_path: final_model.int6.ptz
  rank: 0
  rope_base: 10000.0
  rope_dims: 16
  rope_train_seq_len: 2048
  run_id: 85167323-cfac-48c4-8b8c-70b3e8993e64
  scalar_lr: 0.02
  seed: 1337
  skip_gates_enabled: True
  sliding_window_enabled: True
  tie_embeddings: True
  tied_embed_init_std: 0.005
  tied_embed_lr: 0.03
  tokenizer_path: ./data/tokenizers/fineweb_8192_bpe.model
  train_batch_tokens: 786432
  train_files: ./data/datasets/fineweb10B_sp8192/fineweb_train_*.bin
  train_log_every: 500
  train_seq_len: 2048
  ttt_chunk_tokens: 32768
  ttt_enabled: False
  ttt_epochs: 3
  ttt_lr: 0.005
  ttt_momentum: 0.9
  val_batch_tokens: 524288
  val_files: ./data/datasets/fineweb10B_sp8192/fineweb_val_*.bin
  val_loss_every: 4000
  vocab_size: 8192
  warmdown_frac: 0.72
  warmup_steps: 20
  world_size: 8
  xsa_last_n: 11
[rank1]: Traceback (most recent call last):
[rank1]:   File "/workspace/parameter-golf/autoresearch/baselines/rec_20260410_2026_04_09_sp8192_3layerrecur_parresid_q_3710821c/train_gpt.py", line 470, in <module>
[rank1]:     if __name__=='__main__':main()
[rank1]:                             ^^^^^^
[rank1]:   File "/workspace/parameter-golf/autoresearch/baselines/rec_20260410_2026_04_09_sp8192_3layerrecur_parresid_q_3710821c/train_gpt.py", line 468, in main
[rank1]:     train_and_eval(h,device)
[rank1]:   File "/workspace/parameter-golf/autoresearch/baselines/rec_20260410_2026_04_09_sp8192_3layerrecur_parresid_q_3710821c/train_gpt.py", line 440, in train_and_eval
[rank1]:     random.seed(h.seed);np.random.seed(h.seed);torch.manual_seed(h.seed);torch.cuda.manual_seed_all(h.seed);val_data=ValidationData(h,device);log(f"train_shards: {len(list(Path(h.datasets_dir).resolve().glob("fineweb_train_*.bin")))}");log(f"val_tokens: {val_data.val_tokens.numel()-1}");base_model,compiled_model=train_model(h,device,val_data);torch._dynamo.reset();timed_eval('pre-quantization post-ema',eval_val,h,device,val_data,compiled_model);serialize(h,base_model,Path(__file__).read_text(encoding='utf-8'))
[rank1]:                                                                                                                      ^^^^^^^^^^^^^^^^^^^^^^^^
[rank1]:   File "/workspace/parameter-golf/autoresearch/baselines/rec_20260410_2026_04_09_sp8192_3layerrecur_parresid_q_3710821c/train_gpt.py", line 18, in __init__
[rank1]:     self.sp=spm.SentencePieceProcessor(model_file=h.tokenizer_path)
[rank1]:             ^^^^^^^^^^^^^^^^^^^^^^^^^^^^^^^^^^^^^^^^^^^^^^^^^^^^^^^
[rank1]:   File "/workspace/parameter-golf/.venv/lib/python3.12/site-packages/sentencepiece/__init__.py", line 468, in Init
[rank1]:     self.Load(model_file=model_file, model_proto=model_proto)
[rank1]:   File "/workspace/parameter-golf/.venv/lib/python3.12/site-packages/sentencepiece/__init__.py", line 961, in Load
[rank1]:     return self.LoadFromFile(model_file)
[rank1]:            ^^^^^^^^^^^^^^^^^^^^^^^^^^^^^
[rank1]:   File "/workspace/parameter-golf/.venv/lib/python3.12/site-packages/sentencepiece/__init__.py", line 316, in LoadFromFile
[rank1]:     return _sentencepiece.SentencePieceProcessor_LoadFromFile(self, arg)
[rank1]:            ^^^^^^^^^^^^^^^^^^^^^^^^^^^^^^^^^^^^^^^^^^^^^^^^^^^^^^^^^^^^^
[rank1]: OSError: Not found: "./data/tokenizers/fineweb_8192_bpe.model": No such file or directory Error #2
[rank7]: Traceback (most recent call last):
[rank7]:   File "/workspace/parameter-golf/autoresearch/baselines/rec_20260410_2026_04_09_sp8192_3layerrecur_parresid_q_3710821c/train_gpt.py", line 470, in <module>
[rank7]:     if __name__=='__main__':main()
[rank7]:                             ^^^^^^
[rank7]:   File "/workspace/parameter-golf/autoresearch/baselines/rec_20260410_2026_04_09_sp8192_3layerrecur_parresid_q_3710821c/train_gpt.py", line 468, in main
[rank7]:     train_and_eval(h,device)
[rank7]:   File "/workspace/parameter-golf/autoresearch/baselines/rec_20260410_2026_04_09_sp8192_3layerrecur_parresid_q_3710821c/train_gpt.py", line 440, in train_and_eval
[rank7]:     random.seed(h.seed);np.random.seed(h.seed);torch.manual_seed(h.seed);torch.cuda.manual_seed_all(h.seed);val_data=ValidationData(h,device);log(f"train_shards: {len(list(Path(h.datasets_dir).resolve().glob("fineweb_train_*.bin")))}");log(f"val_tokens: {val_data.val_tokens.numel()-1}");base_model,compiled_model=train_model(h,device,val_data);torch._dynamo.reset();timed_eval('pre-quantization post-ema',eval_val,h,device,val_data,compiled_model);serialize(h,base_model,Path(__file__).read_text(encoding='utf-8'))
[rank7]:                                                                                                                      ^^^^^^^^^^^^^^^^^^^^^^^^
[rank7]:   File "/workspace/parameter-golf/autoresearch/baselines/rec_20260410_2026_04_09_sp8192_3layerrecur_parresid_q_3710821c/train_gpt.py", line 18, in __init__
[rank7]:     self.sp=spm.SentencePieceProcessor(model_file=h.tokenizer_path)
[rank7]:             ^^^^^^^^^^^^^^^^^^^^^^^^^^^^^^^^^^^^^^^^^^^^^^^^^^^^^^^
[rank7]:   File "/workspace/parameter-golf/.venv/lib/python3.12/site-packages/sentencepiece/__init__.py", line 468, in Init
[rank7]:     self.Load(model_file=model_file, model_proto=model_proto)
[rank7]:   File "/workspace/parameter-golf/.venv/lib/python3.12/site-packages/sentencepiece/__init__.py", line 961, in Load
[rank7]:     return self.LoadFromFile(model_file)
[rank7]:            ^^^^^^^^^^^^^^^^^^^^^^^^^^^^^
[rank7]:   File "/workspace/parameter-golf/.venv/lib/python3.12/site-packages/sentencepiece/__init__.py", line 316, in LoadFromFile
[rank7]:     return _sentencepiece.SentencePieceProcessor_LoadFromFile(self, arg)
[rank7]:            ^^^^^^^^^^^^^^^^^^^^^^^^^^^^^^^^^^^^^^^^^^^^^^^^^^^^^^^^^^^^^
[rank7]: OSError: Not found: "./data/tokenizers/fineweb_8192_bpe.model": No such file or directory Error #2
[rank6]: Traceback (most recent call last):
[rank6]:   File "/workspace/parameter-golf/autoresearch/baselines/rec_20260410_2026_04_09_sp8192_3layerrecur_parresid_q_3710821c/train_gpt.py", line 470, in <module>
[rank6]:     if __name__=='__main__':main()
[rank6]:                             ^^^^^^
[rank6]:   File "/workspace/parameter-golf/autoresearch/baselines/rec_20260410_2026_04_09_sp8192_3layerrecur_parresid_q_3710821c/train_gpt.py", line 468, in main
[rank6]:     train_and_eval(h,device)
[rank6]:   File "/workspace/parameter-golf/autoresearch/baselines/rec_20260410_2026_04_09_sp8192_3layerrecur_parresid_q_3710821c/train_gpt.py", line 440, in train_and_eval
[rank6]:     random.seed(h.seed);np.random.seed(h.seed);torch.manual_seed(h.seed);torch.cuda.manual_seed_all(h.seed);val_data=ValidationData(h,device);log(f"train_shards: {len(list(Path(h.datasets_dir).resolve().glob("fineweb_train_*.bin")))}");log(f"val_tokens: {val_data.val_tokens.numel()-1}");base_model,compiled_model=train_model(h,device,val_data);torch._dynamo.reset();timed_eval('pre-quantization post-ema',eval_val,h,device,val_data,compiled_model);serialize(h,base_model,Path(__file__).read_text(encoding='utf-8'))
[rank6]:                                                                                                                      ^^^^^^^^^^^^^^^^^^^^^^^^
[rank6]:   File "/workspace/parameter-golf/autoresearch/baselines/rec_20260410_2026_04_09_sp8192_3layerrecur_parresid_q_3710821c/train_gpt.py", line 18, in __init__
[rank6]:     self.sp=spm.SentencePieceProcessor(model_file=h.tokenizer_path)
[rank6]:             ^^^^^^^^^^^^^^^^^^^^^^^^^^^^^^^^^^^^^^^^^^^^^^^^^^^^^^^
[rank6]:   File "/workspace/parameter-golf/.venv/lib/python3.12/site-packages/sentencepiece/__init__.py", line 468, in Init
[rank6]:     self.Load(model_file=model_file, model_proto=model_proto)
[rank6]:   File "/workspace/parameter-golf/.venv/lib/python3.12/site-packages/sentencepiece/__init__.py", line 961, in Load
[rank6]:     return self.LoadFromFile(model_file)
[rank6]:            ^^^^^^^^^^^^^^^^^^^^^^^^^^^^^
[rank6]:   File "/workspace/parameter-golf/.venv/lib/python3.12/site-packages/sentencepiece/__init__.py", line 316, in LoadFromFile
[rank6]:     return _sentencepiece.SentencePieceProcessor_LoadFromFile(self, arg)
[rank6]:            ^^^^^^^^^^^^^^^^^^^^^^^^^^^^^^^^^^^^^^^^^^^^^^^^^^^^^^^^^^^^^
[rank6]: OSError: Not found: "./data/tokenizers/fineweb_8192_bpe.model": No such file or directory Error #2
[rank4]: Traceback (most recent call last):
[rank4]:   File "/workspace/parameter-golf/autoresearch/baselines/rec_20260410_2026_04_09_sp8192_3layerrecur_parresid_q_3710821c/train_gpt.py", line 470, in <module>
[rank4]:     if __name__=='__main__':main()
[rank4]:                             ^^^^^^
[rank4]:   File "/workspace/parameter-golf/autoresearch/baselines/rec_20260410_2026_04_09_sp8192_3layerrecur_parresid_q_3710821c/train_gpt.py", line 468, in main
[rank4]:     train_and_eval(h,device)
[rank4]:   File "/workspace/parameter-golf/autoresearch/baselines/rec_20260410_2026_04_09_sp8192_3layerrecur_parresid_q_3710821c/train_gpt.py", line 440, in train_and_eval
[rank4]:     random.seed(h.seed);np.random.seed(h.seed);torch.manual_seed(h.seed);torch.cuda.manual_seed_all(h.seed);val_data=ValidationData(h,device);log(f"train_shards: {len(list(Path(h.datasets_dir).resolve().glob("fineweb_train_*.bin")))}");log(f"val_tokens: {val_data.val_tokens.numel()-1}");base_model,compiled_model=train_model(h,device,val_data);torch._dynamo.reset();timed_eval('pre-quantization post-ema',eval_val,h,device,val_data,compiled_model);serialize(h,base_model,Path(__file__).read_text(encoding='utf-8'))
[rank4]:                                                                                                                      ^^^^^^^^^^^^^^^^^^^^^^^^
[rank4]:   File "/workspace/parameter-golf/autoresearch/baselines/rec_20260410_2026_04_09_sp8192_3layerrecur_parresid_q_3710821c/train_gpt.py", line 18, in __init__
[rank4]:     self.sp=spm.SentencePieceProcessor(model_file=h.tokenizer_path)
[rank4]:             ^^^^^^^^^^^^^^^^^^^^^^^^^^^^^^^^^^^^^^^^^^^^^^^^^^^^^^^
[rank4]:   File "/workspace/parameter-golf/.venv/lib/python3.12/site-packages/sentencepiece/__init__.py", line 468, in Init
[rank4]:     self.Load(model_file=model_file, model_proto=model_proto)
[rank4]:   File "/workspace/parameter-golf/.venv/lib/python3.12/site-packages/sentencepiece/__init__.py", line 961, in Load
[rank4]:     return self.LoadFromFile(model_file)
[rank4]:            ^^^^^^^^^^^^^^^^^^^^^^^^^^^^^
[rank4]:   File "/workspace/parameter-golf/.venv/lib/python3.12/site-packages/sentencepiece/__init__.py", line 316, in LoadFromFile
[rank4]:     return _sentencepiece.SentencePieceProcessor_LoadFromFile(self, arg)
[rank4]:            ^^^^^^^^^^^^^^^^^^^^^^^^^^^^^^^^^^^^^^^^^^^^^^^^^^^^^^^^^^^^^
[rank4]: OSError: Not found: "./data/tokenizers/fineweb_8192_bpe.model": No such file or directory Error #2
[rank3]: Traceback (most recent call last):
[rank3]:   File "/workspace/parameter-golf/autoresearch/baselines/rec_20260410_2026_04_09_sp8192_3layerrecur_parresid_q_3710821c/train_gpt.py", line 470, in <module>
[rank3]:     if __name__=='__main__':main()
[rank3]:                             ^^^^^^
[rank3]:   File "/workspace/parameter-golf/autoresearch/baselines/rec_20260410_2026_04_09_sp8192_3layerrecur_parresid_q_3710821c/train_gpt.py", line 468, in main
[rank3]:     train_and_eval(h,device)
[rank3]:   File "/workspace/parameter-golf/autoresearch/baselines/rec_20260410_2026_04_09_sp8192_3layerrecur_parresid_q_3710821c/train_gpt.py", line 440, in train_and_eval
[rank3]:     random.seed(h.seed);np.random.seed(h.seed);torch.manual_seed(h.seed);torch.cuda.manual_seed_all(h.seed);val_data=ValidationData(h,device);log(f"train_shards: {len(list(Path(h.datasets_dir).resolve().glob("fineweb_train_*.bin")))}");log(f"val_tokens: {val_data.val_tokens.numel()-1}");base_model,compiled_model=train_model(h,device,val_data);torch._dynamo.reset();timed_eval('pre-quantization post-ema',eval_val,h,device,val_data,compiled_model);serialize(h,base_model,Path(__file__).read_text(encoding='utf-8'))
[rank3]:                                                                                                                      ^^^^^^^^^^^^^^^^^^^^^^^^
[rank3]:   File "/workspace/parameter-golf/autoresearch/baselines/rec_20260410_2026_04_09_sp8192_3layerrecur_parresid_q_3710821c/train_gpt.py", line 18, in __init__
[rank3]:     self.sp=spm.SentencePieceProcessor(model_file=h.tokenizer_path)
[rank3]:             ^^^^^^^^^^^^^^^^^^^^^^^^^^^^^^^^^^^^^^^^^^^^^^^^^^^^^^^
[rank3]:   File "/workspace/parameter-golf/.venv/lib/python3.12/site-packages/sentencepiece/__init__.py", line 468, in Init
[rank3]:     self.Load(model_file=model_file, model_proto=model_proto)
[rank3]:   File "/workspace/parameter-golf/.venv/lib/python3.12/site-packages/sentencepiece/__init__.py", line 961, in Load
[rank3]:     return self.LoadFromFile(model_file)
[rank3]:            ^^^^^^^^^^^^^^^^^^^^^^^^^^^^^
[rank3]:   File "/workspace/parameter-golf/.venv/lib/python3.12/site-packages/sentencepiece/__init__.py", line 316, in LoadFromFile
[rank3]:     return _sentencepiece.SentencePieceProcessor_LoadFromFile(self, arg)
[rank3]:            ^^^^^^^^^^^^^^^^^^^^^^^^^^^^^^^^^^^^^^^^^^^^^^^^^^^^^^^^^^^^^
[rank3]: OSError: Not found: "./data/tokenizers/fineweb_8192_bpe.model": No such file or directory Error #2
[rank2]: Traceback (most recent call last):
[rank2]:   File "/workspace/parameter-golf/autoresearch/baselines/rec_20260410_2026_04_09_sp8192_3layerrecur_parresid_q_3710821c/train_gpt.py", line 470, in <module>
[rank2]:     if __name__=='__main__':main()
[rank2]:                             ^^^^^^
[rank2]:   File "/workspace/parameter-golf/autoresearch/baselines/rec_20260410_2026_04_09_sp8192_3layerrecur_parresid_q_3710821c/train_gpt.py", line 468, in main
[rank2]:     train_and_eval(h,device)
[rank2]:   File "/workspace/parameter-golf/autoresearch/baselines/rec_20260410_2026_04_09_sp8192_3layerrecur_parresid_q_3710821c/train_gpt.py", line 440, in train_and_eval
[rank2]:     random.seed(h.seed);np.random.seed(h.seed);torch.manual_seed(h.seed);torch.cuda.manual_seed_all(h.seed);val_data=ValidationData(h,device);log(f"train_shards: {len(list(Path(h.datasets_dir).resolve().glob("fineweb_train_*.bin")))}");log(f"val_tokens: {val_data.val_tokens.numel()-1}");base_model,compiled_model=train_model(h,device,val_data);torch._dynamo.reset();timed_eval('pre-quantization post-ema',eval_val,h,device,val_data,compiled_model);serialize(h,base_model,Path(__file__).read_text(encoding='utf-8'))
[rank2]:                                                                                                                      ^^^^^^^^^^^^^^^^^^^^^^^^
[rank2]:   File "/workspace/parameter-golf/autoresearch/baselines/rec_20260410_2026_04_09_sp8192_3layerrecur_parresid_q_3710821c/train_gpt.py", line 18, in __init__
[rank2]:     self.sp=spm.SentencePieceProcessor(model_file=h.tokenizer_path)
[rank2]:             ^^^^^^^^^^^^^^^^^^^^^^^^^^^^^^^^^^^^^^^^^^^^^^^^^^^^^^^
[rank2]:   File "/workspace/parameter-golf/.venv/lib/python3.12/site-packages/sentencepiece/__init__.py", line 468, in Init
[rank2]:     self.Load(model_file=model_file, model_proto=model_proto)
[rank2]:   File "/workspace/parameter-golf/.venv/lib/python3.12/site-packages/sentencepiece/__init__.py", line 961, in Load
[rank2]:     return self.LoadFromFile(model_file)
[rank2]:            ^^^^^^^^^^^^^^^^^^^^^^^^^^^^^
[rank2]:   File "/workspace/parameter-golf/.venv/lib/python3.12/site-packages/sentencepiece/__init__.py", line 316, in LoadFromFile
[rank2]:     return _sentencepiece.SentencePieceProcessor_LoadFromFile(self, arg)
[rank2]:            ^^^^^^^^^^^^^^^^^^^^^^^^^^^^^^^^^^^^^^^^^^^^^^^^^^^^^^^^^^^^^
[rank2]: OSError: Not found: "./data/tokenizers/fineweb_8192_bpe.model": No such file or directory Error #2
[rank5]: Traceback (most recent call last):
[rank5]:   File "/workspace/parameter-golf/autoresearch/baselines/rec_20260410_2026_04_09_sp8192_3layerrecur_parresid_q_3710821c/train_gpt.py", line 470, in <module>
[rank5]:     if __name__=='__main__':main()
[rank5]:                             ^^^^^^
[rank5]:   File "/workspace/parameter-golf/autoresearch/baselines/rec_20260410_2026_04_09_sp8192_3layerrecur_parresid_q_3710821c/train_gpt.py", line 468, in main
[rank5]:     train_and_eval(h,device)
[rank5]:   File "/workspace/parameter-golf/autoresearch/baselines/rec_20260410_2026_04_09_sp8192_3layerrecur_parresid_q_3710821c/train_gpt.py", line 440, in train_and_eval
[rank5]:     random.seed(h.seed);np.random.seed(h.seed);torch.manual_seed(h.seed);torch.cuda.manual_seed_all(h.seed);val_data=ValidationData(h,device);log(f"train_shards: {len(list(Path(h.datasets_dir).resolve().glob("fineweb_train_*.bin")))}");log(f"val_tokens: {val_data.val_tokens.numel()-1}");base_model,compiled_model=train_model(h,device,val_data);torch._dynamo.reset();timed_eval('pre-quantization post-ema',eval_val,h,device,val_data,compiled_model);serialize(h,base_model,Path(__file__).read_text(encoding='utf-8'))
[rank5]:                                                                                                                      ^^^^^^^^^^^^^^^^^^^^^^^^
[rank5]:   File "/workspace/parameter-golf/autoresearch/baselines/rec_20260410_2026_04_09_sp8192_3layerrecur_parresid_q_3710821c/train_gpt.py", line 18, in __init__
[rank5]:     self.sp=spm.SentencePieceProcessor(model_file=h.tokenizer_path)
[rank5]:             ^^^^^^^^^^^^^^^^^^^^^^^^^^^^^^^^^^^^^^^^^^^^^^^^^^^^^^^
[rank5]:   File "/workspace/parameter-golf/.venv/lib/python3.12/site-packages/sentencepiece/__init__.py", line 468, in Init
[rank5]:     self.Load(model_file=model_file, model_proto=model_proto)
[rank5]:   File "/workspace/parameter-golf/.venv/lib/python3.12/site-packages/sentencepiece/__init__.py", line 961, in Load
[rank5]:     return self.LoadFromFile(model_file)
[rank5]:            ^^^^^^^^^^^^^^^^^^^^^^^^^^^^^
[rank5]:   File "/workspace/parameter-golf/.venv/lib/python3.12/site-packages/sentencepiece/__init__.py", line 316, in LoadFromFile
[rank5]:     return _sentencepiece.SentencePieceProcessor_LoadFromFile(self, arg)
[rank5]:            ^^^^^^^^^^^^^^^^^^^^^^^^^^^^^^^^^^^^^^^^^^^^^^^^^^^^^^^^^^^^^
[rank5]: OSError: Not found: "./data/tokenizers/fineweb_8192_bpe.model": No such file or directory Error #2
[rank0]: Traceback (most recent call last):
[rank0]:   File "/workspace/parameter-golf/autoresearch/baselines/rec_20260410_2026_04_09_sp8192_3layerrecur_parresid_q_3710821c/train_gpt.py", line 470, in <module>
[rank0]:     if __name__=='__main__':main()
[rank0]:                             ^^^^^^
[rank0]:   File "/workspace/parameter-golf/autoresearch/baselines/rec_20260410_2026_04_09_sp8192_3layerrecur_parresid_q_3710821c/train_gpt.py", line 468, in main
[rank0]:     train_and_eval(h,device)
[rank0]:   File "/workspace/parameter-golf/autoresearch/baselines/rec_20260410_2026_04_09_sp8192_3layerrecur_parresid_q_3710821c/train_gpt.py", line 440, in train_and_eval
[rank0]:     random.seed(h.seed);np.random.seed(h.seed);torch.manual_seed(h.seed);torch.cuda.manual_seed_all(h.seed);val_data=ValidationData(h,device);log(f"train_shards: {len(list(Path(h.datasets_dir).resolve().glob("fineweb_train_*.bin")))}");log(f"val_tokens: {val_data.val_tokens.numel()-1}");base_model,compiled_model=train_model(h,device,val_data);torch._dynamo.reset();timed_eval('pre-quantization post-ema',eval_val,h,device,val_data,compiled_model);serialize(h,base_model,Path(__file__).read_text(encoding='utf-8'))
[rank0]:                                                                                                                      ^^^^^^^^^^^^^^^^^^^^^^^^
[rank0]:   File "/workspace/parameter-golf/autoresearch/baselines/rec_20260410_2026_04_09_sp8192_3layerrecur_parresid_q_3710821c/train_gpt.py", line 18, in __init__
[rank0]:     self.sp=spm.SentencePieceProcessor(model_file=h.tokenizer_path)
[rank0]:             ^^^^^^^^^^^^^^^^^^^^^^^^^^^^^^^^^^^^^^^^^^^^^^^^^^^^^^^
[rank0]:   File "/workspace/parameter-golf/.venv/lib/python3.12/site-packages/sentencepiece/__init__.py", line 468, in Init
[rank0]:     self.Load(model_file=model_file, model_proto=model_proto)
[rank0]:   File "/workspace/parameter-golf/.venv/lib/python3.12/site-packages/sentencepiece/__init__.py", line 961, in Load
[rank0]:     return self.LoadFromFile(model_file)
[rank0]:            ^^^^^^^^^^^^^^^^^^^^^^^^^^^^^
[rank0]:   File "/workspace/parameter-golf/.venv/lib/python3.12/site-packages/sentencepiece/__init__.py", line 316, in LoadFromFile
[rank0]:     return _sentencepiece.SentencePieceProcessor_LoadFromFile(self, arg)
[rank0]:            ^^^^^^^^^^^^^^^^^^^^^^^^^^^^^^^^^^^^^^^^^^^^^^^^^^^^^^^^^^^^^
[rank0]: OSError: Not found: "./data/tokenizers/fineweb_8192_bpe.model": No such file or directory Error #2
[rank0]:[W410 16:27:35.594303152 ProcessGroupNCCL.cpp:1575] Warning: WARNING: destroy_process_group() was not called before program exit, which can leak resources. For more info, please see https://pytorch.org/docs/stable/distributed.html#shutdown (function operator())
W0410 16:27:35.984000 189585 torch/distributed/elastic/multiprocessing/api.py:1012] Sending process 189669 closing signal SIGTERM
W0410 16:27:35.986000 189585 torch/distributed/elastic/multiprocessing/api.py:1012] Sending process 189670 closing signal SIGTERM
W0410 16:27:35.986000 189585 torch/distributed/elastic/multiprocessing/api.py:1012] Sending process 189672 closing signal SIGTERM
W0410 16:27:35.986000 189585 torch/distributed/elastic/multiprocessing/api.py:1012] Sending process 189673 closing signal SIGTERM
W0410 16:27:35.986000 189585 torch/distributed/elastic/multiprocessing/api.py:1012] Sending process 189674 closing signal SIGTERM
W0410 16:27:35.986000 189585 torch/distributed/elastic/multiprocessing/api.py:1012] Sending process 189675 closing signal SIGTERM
W0410 16:27:35.986000 189585 torch/distributed/elastic/multiprocessing/api.py:1012] Sending process 189676 closing signal SIGTERM
E0410 16:27:36.652000 189585 torch/distributed/elastic/multiprocessing/api.py:986] failed (exitcode: 1) local_rank: 2 (pid: 189671) of binary: /workspace/parameter-golf/.venv/bin/python
Traceback (most recent call last):
  File "/workspace/parameter-golf/.venv/bin/torchrun", line 6, in <module>
    sys.exit(main())
             ^^^^^^
  File "/workspace/parameter-golf/.venv/lib/python3.12/site-packages/torch/distributed/elastic/multiprocessing/errors/__init__.py", line 362, in wrapper
    return f(*args, **kwargs)
           ^^^^^^^^^^^^^^^^^^
  File "/workspace/parameter-golf/.venv/lib/python3.12/site-packages/torch/distributed/run.py", line 990, in main
    run(args)
  File "/workspace/parameter-golf/.venv/lib/python3.12/site-packages/torch/distributed/run.py", line 981, in run
    elastic_launch(
  File "/workspace/parameter-golf/.venv/lib/python3.12/site-packages/torch/distributed/launcher/api.py", line 170, in __call__
    return launch_agent(self._config, self._entrypoint, list(args))
           ^^^^^^^^^^^^^^^^^^^^^^^^^^^^^^^^^^^^^^^^^^^^^^^^^^^^^^^^
  File "/workspace/parameter-golf/.venv/lib/python3.12/site-packages/torch/distributed/launcher/api.py", line 317, in launch_agent
    raise ChildFailedError(
torch.distributed.elastic.multiprocessing.errors.ChildFailedError: 
============================================================
autoresearch/baselines/rec_20260410_2026_04_09_sp8192_3layerrecur_parresid_q_3710821c/train_gpt.py FAILED
------------------------------------------------------------
Failures:
[1]:
  time      : 2026-04-10_16:27:36
  host      : 07537c0cc9a4
  rank      : 0 (local_rank: 0)
  exitcode  : -15 (pid: 189669)
  error_file: <N/A>
  traceback : Signal 15 (SIGTERM) received by PID 189669
[2]:
  time      : 2026-04-10_16:27:36
  host      : 07537c0cc9a4
  rank      : 1 (local_rank: 1)
  exitcode  : 1 (pid: 189670)
  error_file: <N/A>
  traceback : To enable traceback see: https://pytorch.org/docs/stable/elastic/errors.html
[3]:
  time      : 2026-04-10_16:27:36
  host      : 07537c0cc9a4
  rank      : 3 (local_rank: 3)
  exitcode  : 1 (pid: 189672)
  error_file: <N/A>
  traceback : To enable traceback see: https://pytorch.org/docs/stable/elastic/errors.html
[4]:
  time      : 2026-04-10_16:27:36
  host      : 07537c0cc9a4
  rank      : 4 (local_rank: 4)
  exitcode  : 1 (pid: 189673)
  error_file: <N/A>
  traceback : To enable traceback see: https://pytorch.org/docs/stable/elastic/errors.html
[5]:
  time      : 2026-04-10_16:27:36
  host      : 07537c0cc9a4
  rank      : 5 (local_rank: 5)
  exitcode  : 1 (pid: 189674)
  error_file: <N/A>
  traceback : To enable traceback see: https://pytorch.org/docs/stable/elastic/errors.html
[6]:
  time      : 2026-04-10_16:27:36
  host      : 07537c0cc9a4
  rank      : 6 (local_rank: 6)
  exitcode  : 1 (pid: 189675)
  error_file: <N/A>
  traceback : To enable traceback see: https://pytorch.org/docs/stable/elastic/errors.html
[7]:
  time      : 2026-04-10_16:27:36
  host      : 07537c0cc9a4
  rank      : 7 (local_rank: 7)
  exitcode  : 1 (pid: 189676)
  error_file: <N/A>
  traceback : To enable traceback see: https://pytorch.org/docs/stable/elastic/errors.html
------------------------------------------------------------
Root Cause (first observed failure):
[0]:
  time      : 2026-04-10_16:27:35
  host      : 07537c0cc9a4
  rank      : 2 (local_rank: 2)
  exitcode  : 1 (pid: 189671)
  error_file: <N/A>
  traceback : To enable traceback see: https://pytorch.org/docs/stable/elastic/errors.html
============================================================
