W0410 17:20:48.410000 221534 torch/distributed/run.py:851] 
W0410 17:20:48.410000 221534 torch/distributed/run.py:851] *****************************************
W0410 17:20:48.410000 221534 torch/distributed/run.py:851] Setting OMP_NUM_THREADS environment variable for each process to be 1 in default, to avoid your system being overloaded, please further tune the variable for optimal performance in your application as needed. 
W0410 17:20:48.410000 221534 torch/distributed/run.py:851] *****************************************
logs/90dddabd-e8f9-4cda-a337-c827784a28bd.txt
val_bpb:enabled tokenizer_kind=sentencepiece tokenizer_path=./data/tokenizers/fineweb_1024_bpe.model
train_loader:dataset:fineweb10B_sp1024 train_shards:10
val_loader:shards pattern=./data/datasets/fineweb10B_sp1024/fineweb_val_*.bin tokens:62021632
model_params:27041372
XSA:last_11 active_layers:[0, 1, 2, 3, 4, 5, 6, 7, 8, 9, 10]
world_size:8 grad_accum_steps:1
sdp_backends:cudnn=False flash=True mem_efficient=False math=False
attention_mode:gqa num_heads:8 num_kv_heads:4
recurrence:layers=[] start_step=3000 active=0
canon_ac:layers=[] params=0 physical_only=1
parallel_residual:active=0 start_layer=7 start_mode=physical params=0 final_lane=mlp
repeat_untie_mlp:mode=none layers=[] params=0
tie_embeddings:True embed_lr:0.035 head_lr:0.0 matrix_lr:0.03 scalar_lr:0.025
train_batch_tokens:786432 train_seq_len:2048 iterations:20000 warmup_steps:20 max_wallclock_seconds:420.000
seed:1337
gptq:reserving 0ms from training budget, effective=420000ms
base_warmup_step:1/20
base_warmup_step:2/20
base_warmup_step:3/20
base_warmup_step:4/20
base_warmup_step:5/20
base_warmup_step:6/20
base_warmup_step:7/20
base_warmup_step:8/20
base_warmup_step:9/20
base_warmup_step:10/20
base_warmup_step:11/20
base_warmup_step:12/20
base_warmup_step:13/20
base_warmup_step:14/20
base_warmup_step:15/20
base_warmup_step:16/20
base_warmup_step:17/20
base_warmup_step:18/20
base_warmup_step:19/20
base_warmup_step:20/20
step:0/20000 val_loss:6.9309 val_bpb:4.1049 train_time:0ms step_avg:0.01ms
step:1/20000 train_loss:6.9288 train_time:122ms step_avg:121.57ms
step:2/20000 train_loss:8.9661 train_time:160ms step_avg:80.08ms
step:3/20000 train_loss:7.6988 train_time:245ms step_avg:81.69ms
step:4/20000 train_loss:7.1173 train_time:330ms step_avg:82.58ms
step:5/20000 train_loss:7.0696 train_time:415ms step_avg:82.97ms
step:6/20000 train_loss:7.0045 train_time:499ms step_avg:83.20ms
step:7/20000 train_loss:6.9885 train_time:585ms step_avg:83.57ms
step:8/20000 train_loss:6.7580 train_time:670ms step_avg:83.80ms
step:9/20000 train_loss:6.4029 train_time:755ms step_avg:83.91ms
step:10/20000 train_loss:6.0516 train_time:840ms step_avg:84.00ms
step:500/20000 train_loss:2.2894 train_time:43147ms step_avg:86.29ms
