W0410 16:43:16.980000 195265 torch/distributed/run.py:851] 
W0410 16:43:16.980000 195265 torch/distributed/run.py:851] *****************************************
W0410 16:43:16.980000 195265 torch/distributed/run.py:851] Setting OMP_NUM_THREADS environment variable for each process to be 1 in default, to avoid your system being overloaded, please further tune the variable for optimal performance in your application as needed. 
W0410 16:43:16.980000 195265 torch/distributed/run.py:851] *****************************************
Traceback (most recent call last):
Traceback (most recent call last):
  File "/workspace/parameter-golf/autoresearch/baselines/rec_20260410_2026_03_31_parallelresiduals_minidepthre_4d594ac1/train_gpt.py", line 37, in <module>
  File "/workspace/parameter-golf/autoresearch/baselines/rec_20260410_2026_03_31_parallelresiduals_minidepthre_4d594ac1/train_gpt.py", line 37, in <module>
        import copy,glob,io,brotli,math,os,random,subprocess,sys,time,uuidimport copy,glob,io,brotli,math,os,random,subprocess,sys,time,uuid

ModuleNotFoundErrorModuleNotFoundError: : No module named 'brotli'No module named 'brotli'

Traceback (most recent call last):
  File "/workspace/parameter-golf/autoresearch/baselines/rec_20260410_2026_03_31_parallelresiduals_minidepthre_4d594ac1/train_gpt.py", line 37, in <module>
    import copy,glob,io,brotli,math,os,random,subprocess,sys,time,uuid
ModuleNotFoundError: No module named 'brotli'
Traceback (most recent call last):
  File "/workspace/parameter-golf/autoresearch/baselines/rec_20260410_2026_03_31_parallelresiduals_minidepthre_4d594ac1/train_gpt.py", line 37, in <module>
    import copy,glob,io,brotli,math,os,random,subprocess,sys,time,uuid
ModuleNotFoundError: No module named 'brotli'
Traceback (most recent call last):
  File "/workspace/parameter-golf/autoresearch/baselines/rec_20260410_2026_03_31_parallelresiduals_minidepthre_4d594ac1/train_gpt.py", line 37, in <module>
    import copy,glob,io,brotli,math,os,random,subprocess,sys,time,uuid
ModuleNotFoundError: No module named 'brotli'
Traceback (most recent call last):
  File "/workspace/parameter-golf/autoresearch/baselines/rec_20260410_2026_03_31_parallelresiduals_minidepthre_4d594ac1/train_gpt.py", line 37, in <module>
    import copy,glob,io,brotli,math,os,random,subprocess,sys,time,uuid
ModuleNotFoundError: No module named 'brotli'
Traceback (most recent call last):
  File "/workspace/parameter-golf/autoresearch/baselines/rec_20260410_2026_03_31_parallelresiduals_minidepthre_4d594ac1/train_gpt.py", line 37, in <module>
    import copy,glob,io,brotli,math,os,random,subprocess,sys,time,uuid
ModuleNotFoundError: No module named 'brotli'
Traceback (most recent call last):
  File "/workspace/parameter-golf/autoresearch/baselines/rec_20260410_2026_03_31_parallelresiduals_minidepthre_4d594ac1/train_gpt.py", line 37, in <module>
    import copy,glob,io,brotli,math,os,random,subprocess,sys,time,uuid
ModuleNotFoundError: No module named 'brotli'
E0410 16:43:19.891000 195265 torch/distributed/elastic/multiprocessing/api.py:986] failed (exitcode: 1) local_rank: 0 (pid: 195348) of binary: /workspace/parameter-golf/.venv/bin/python
Traceback (most recent call last):
  File "/workspace/parameter-golf/.venv/bin/torchrun", line 6, in <module>
    sys.exit(main())
             ^^^^^^
  File "/workspace/parameter-golf/.venv/lib/python3.12/site-packages/torch/distributed/elastic/multiprocessing/errors/__init__.py", line 362, in wrapper
    return f(*args, **kwargs)
           ^^^^^^^^^^^^^^^^^^
  File "/workspace/parameter-golf/.venv/lib/python3.12/site-packages/torch/distributed/run.py", line 990, in main
    run(args)
  File "/workspace/parameter-golf/.venv/lib/python3.12/site-packages/torch/distributed/run.py", line 981, in run
    elastic_launch(
  File "/workspace/parameter-golf/.venv/lib/python3.12/site-packages/torch/distributed/launcher/api.py", line 170, in __call__
    return launch_agent(self._config, self._entrypoint, list(args))
           ^^^^^^^^^^^^^^^^^^^^^^^^^^^^^^^^^^^^^^^^^^^^^^^^^^^^^^^^
  File "/workspace/parameter-golf/.venv/lib/python3.12/site-packages/torch/distributed/launcher/api.py", line 317, in launch_agent
    raise ChildFailedError(
torch.distributed.elastic.multiprocessing.errors.ChildFailedError: 
============================================================
autoresearch/baselines/rec_20260410_2026_03_31_parallelresiduals_minidepthre_4d594ac1/train_gpt.py FAILED
------------------------------------------------------------
Failures:
[1]:
  time      : 2026-04-10_16:43:19
  host      : 07537c0cc9a4
  rank      : 1 (local_rank: 1)
  exitcode  : 1 (pid: 195349)
  error_file: <N/A>
  traceback : To enable traceback see: https://pytorch.org/docs/stable/elastic/errors.html
[2]:
  time      : 2026-04-10_16:43:19
  host      : 07537c0cc9a4
  rank      : 2 (local_rank: 2)
  exitcode  : 1 (pid: 195350)
  error_file: <N/A>
  traceback : To enable traceback see: https://pytorch.org/docs/stable/elastic/errors.html
[3]:
  time      : 2026-04-10_16:43:19
  host      : 07537c0cc9a4
  rank      : 3 (local_rank: 3)
  exitcode  : 1 (pid: 195351)
  error_file: <N/A>
  traceback : To enable traceback see: https://pytorch.org/docs/stable/elastic/errors.html
[4]:
  time      : 2026-04-10_16:43:19
  host      : 07537c0cc9a4
  rank      : 4 (local_rank: 4)
  exitcode  : 1 (pid: 195352)
  error_file: <N/A>
  traceback : To enable traceback see: https://pytorch.org/docs/stable/elastic/errors.html
[5]:
  time      : 2026-04-10_16:43:19
  host      : 07537c0cc9a4
  rank      : 5 (local_rank: 5)
  exitcode  : 1 (pid: 195353)
  error_file: <N/A>
  traceback : To enable traceback see: https://pytorch.org/docs/stable/elastic/errors.html
[6]:
  time      : 2026-04-10_16:43:19
  host      : 07537c0cc9a4
  rank      : 6 (local_rank: 6)
  exitcode  : 1 (pid: 195354)
  error_file: <N/A>
  traceback : To enable traceback see: https://pytorch.org/docs/stable/elastic/errors.html
[7]:
  time      : 2026-04-10_16:43:19
  host      : 07537c0cc9a4
  rank      : 7 (local_rank: 7)
  exitcode  : 1 (pid: 195355)
  error_file: <N/A>
  traceback : To enable traceback see: https://pytorch.org/docs/stable/elastic/errors.html
------------------------------------------------------------
Root Cause (first observed failure):
[0]:
  time      : 2026-04-10_16:43:19
  host      : 07537c0cc9a4
  rank      : 0 (local_rank: 0)
  exitcode  : 1 (pid: 195348)
  error_file: <N/A>
  traceback : To enable traceback see: https://pytorch.org/docs/stable/elastic/errors.html
============================================================
