[W401 19:04:11.843063549 CUDAAllocatorConfig.h:28] Warning: expandable_segments not supported on this platform (function operator())
logs/p1_baseline.txt
val_bpb:enabled tokenizer_kind=sentencepiece tokenizer_path=/home/ubuntu/parameter-golf/data/tokenizers/fineweb_1024_bpe.model
train_loader:dataset:fineweb10B_sp1024 train_shards:80
val_loader:shards pattern=/home/ubuntu/parameter-golf/data/datasets/fineweb10B_sp1024/fineweb_val_*.bin tokens:62021632
model_params:6596784
world_size:1 grad_accum_steps:8
sdp_backends:cudnn=False flash=True mem_efficient=False math=False
attention_mode:gqa num_heads:8 num_kv_heads:4
tie_embeddings:True embed_lr:0.05 head_lr:0.0 matrix_lr:0.04 scalar_lr:0.04
train_batch_tokens:262144 train_seq_len:512 iterations:20000 warmup_steps:10 max_wallclock_seconds:90.000
seed:1337
warmup_step:1/10
warmup_step:2/10
warmup_step:3/10
warmup_step:4/10
warmup_step:5/10
warmup_step:6/10
warmup_step:7/10
warmup_step:8/10
warmup_step:9/10
warmup_step:10/10
step:0/20000 val_loss:6.9319 val_bpb:4.1055 train_time:0ms step_avg:0.03ms
step:1/20000 train_loss:6.9327 train_time:1445ms step_avg:1444.53ms
step:2/20000 train_loss:13.9421 train_time:2937ms step_avg:1468.63ms
step:3/20000 train_loss:13.2135 train_time:4445ms step_avg:1481.72ms
step:4/20000 train_loss:12.2745 train_time:5955ms step_avg:1488.84ms
step:5/20000 train_loss:11.3657 train_time:7442ms step_avg:1488.34ms
step:6/20000 train_loss:10.3912 train_time:8895ms step_avg:1482.48ms
step:7/20000 train_loss:9.5444 train_time:10349ms step_avg:1478.47ms
step:8/20000 train_loss:8.6225 train_time:11850ms step_avg:1481.31ms
step:9/20000 train_loss:7.9312 train_time:13303ms step_avg:1478.12ms
step:10/20000 train_loss:7.3512 train_time:14608ms step_avg:1460.79ms
step:10/20000 val_loss:6.8524 val_bpb:4.0584 train_time:14618ms step_avg:1461.84ms
step:20/20000 val_loss:5.6277 val_bpb:3.3330 train_time:23564ms step_avg:1178.22ms
step:30/20000 val_loss:5.4995 val_bpb:3.2571 train_time:33430ms step_avg:1114.35ms
step:40/20000 val_loss:5.3522 val_bpb:3.1699 train_time:43288ms step_avg:1082.20ms
step:50/20000 val_loss:5.2061 val_bpb:3.0833 train_time:53233ms step_avg:1064.66ms
W0401 19:14:08.121000 694575 torch/distributed/elastic/agent/server/api.py:704] Received Signals.SIGTERM death signal, shutting down workers
W0401 19:14:08.123000 694575 torch/distributed/elastic/multiprocessing/api.py:897] Sending process 694610 closing signal SIGTERM
Traceback (most recent call last):
  File "/home/ubuntu/parameter-golf/.venv/bin/torchrun", line 8, in <module>
    sys.exit(main())
  File "/home/ubuntu/parameter-golf/.venv/lib/python3.10/site-packages/torch/distributed/elastic/multiprocessing/errors/__init__.py", line 355, in wrapper
    return f(*args, **kwargs)
  File "/home/ubuntu/parameter-golf/.venv/lib/python3.10/site-packages/torch/distributed/run.py", line 919, in main
    run(args)
  File "/home/ubuntu/parameter-golf/.venv/lib/python3.10/site-packages/torch/distributed/run.py", line 910, in run
    elastic_launch(
  File "/home/ubuntu/parameter-golf/.venv/lib/python3.10/site-packages/torch/distributed/launcher/api.py", line 138, in __call__
    return launch_agent(self._config, self._entrypoint, list(args))
  File "/home/ubuntu/parameter-golf/.venv/lib/python3.10/site-packages/torch/distributed/launcher/api.py", line 260, in launch_agent
    result = agent.run()
  File "/home/ubuntu/parameter-golf/.venv/lib/python3.10/site-packages/torch/distributed/elastic/metrics/api.py", line 137, in wrapper
    result = f(*args, **kwargs)
  File "/home/ubuntu/parameter-golf/.venv/lib/python3.10/site-packages/torch/distributed/elastic/agent/server/api.py", line 696, in run
    result = self._invoke_run(role)
  File "/home/ubuntu/parameter-golf/.venv/lib/python3.10/site-packages/torch/distributed/elastic/agent/server/api.py", line 855, in _invoke_run
    time.sleep(monitor_interval)
  File "/home/ubuntu/parameter-golf/.venv/lib/python3.10/site-packages/torch/distributed/elastic/multiprocessing/api.py", line 84, in _terminate_process_handler
    raise SignalException(f"Process {os.getpid()} got signal: {sigval}", sigval=sigval)
torch.distributed.elastic.multiprocessing.api.SignalException: Process 694575 got signal: 15
