[W401 22:54:16.828015987 CUDAAllocatorConfig.h:28] Warning: expandable_segments not supported on this platform (function operator())
logs/p2_alpha_baseline.txt
val_bpb:enabled tokenizer_kind=sentencepiece tokenizer_path=/home/ubuntu/parameter-golf/data/tokenizers/fineweb_1024_bpe.model
train_loader:dataset:fineweb10B_sp1024 train_shards:80
val_loader:shards pattern=/home/ubuntu/parameter-golf/data/datasets/fineweb10B_sp1024/fineweb_val_*.bin tokens:62021632
model_params:6596784
world_size:1 grad_accum_steps:8
sdp_backends:cudnn=False flash=True mem_efficient=False math=False
attention_mode:gqa num_heads:8 num_kv_heads:4
tie_embeddings:True embed_lr:0.05 head_lr:0.0 matrix_lr:0.04 scalar_lr:0.04
train_batch_tokens:262144 train_seq_len:512 iterations:20000 warmup_steps:10 max_wallclock_seconds:90.000
seed:1337
warmup_step:1/10
warmup_step:2/10
warmup_step:3/10
warmup_step:4/10
warmup_step:5/10
warmup_step:6/10
warmup_step:7/10
warmup_step:8/10
warmup_step:9/10
warmup_step:10/10
step:0/20000 val_loss:6.9319 val_bpb:4.1055 train_time:0ms step_avg:0.02ms
step:1/20000 train_loss:6.9327 train_time:547ms step_avg:547.41ms
step:2/20000 train_loss:13.9420 train_time:1095ms step_avg:547.42ms
step:3/20000 train_loss:11.9449 train_time:1643ms step_avg:547.59ms
step:4/20000 train_loss:9.6581 train_time:2191ms step_avg:547.69ms
step:5/20000 train_loss:7.7196 train_time:2739ms step_avg:547.73ms
step:6/20000 train_loss:6.5437 train_time:3287ms step_avg:547.81ms
step:7/20000 train_loss:6.0651 train_time:3835ms step_avg:547.81ms
step:8/20000 train_loss:5.8035 train_time:4383ms step_avg:547.84ms
step:9/20000 train_loss:5.7460 train_time:4932ms step_avg:547.95ms
step:10/20000 train_loss:5.7479 train_time:5480ms step_avg:547.97ms
step:10/20000 val_loss:5.7260 val_bpb:3.3913 train_time:5481ms step_avg:548.08ms
step:20/20000 val_loss:5.5105 val_bpb:3.2636 train_time:10967ms step_avg:548.36ms
step:30/20000 val_loss:5.0826 val_bpb:3.0102 train_time:16456ms step_avg:548.53ms
step:40/20000 val_loss:4.6867 val_bpb:2.7757 train_time:21946ms step_avg:548.64ms
step:50/20000 val_loss:4.4674 val_bpb:2.6458 train_time:27434ms step_avg:548.67ms
step:60/20000 val_loss:4.3294 val_bpb:2.5641 train_time:32919ms step_avg:548.64ms
step:70/20000 val_loss:4.2268 val_bpb:2.5034 train_time:38409ms step_avg:548.70ms
step:80/20000 val_loss:4.1311 val_bpb:2.4467 train_time:43893ms step_avg:548.66ms
step:90/20000 val_loss:4.0297 val_bpb:2.3866 train_time:49377ms step_avg:548.64ms
step:100/20000 val_loss:3.9326 val_bpb:2.3291 train_time:54862ms step_avg:548.62ms
step:110/20000 val_loss:3.8378 val_bpb:2.2729 train_time:60346ms step_avg:548.60ms
W0401 23:04:13.245000 713917 torch/distributed/elastic/agent/server/api.py:704] Received Signals.SIGTERM death signal, shutting down workers
W0401 23:04:13.247000 713917 torch/distributed/elastic/multiprocessing/api.py:897] Sending process 713950 closing signal SIGTERM
Traceback (most recent call last):
  File "/home/ubuntu/parameter-golf/.venv/bin/torchrun", line 8, in <module>
    sys.exit(main())
  File "/home/ubuntu/parameter-golf/.venv/lib/python3.10/site-packages/torch/distributed/elastic/multiprocessing/errors/__init__.py", line 355, in wrapper
    return f(*args, **kwargs)
  File "/home/ubuntu/parameter-golf/.venv/lib/python3.10/site-packages/torch/distributed/run.py", line 919, in main
    run(args)
  File "/home/ubuntu/parameter-golf/.venv/lib/python3.10/site-packages/torch/distributed/run.py", line 910, in run
    elastic_launch(
  File "/home/ubuntu/parameter-golf/.venv/lib/python3.10/site-packages/torch/distributed/launcher/api.py", line 138, in __call__
    return launch_agent(self._config, self._entrypoint, list(args))
  File "/home/ubuntu/parameter-golf/.venv/lib/python3.10/site-packages/torch/distributed/launcher/api.py", line 260, in launch_agent
    result = agent.run()
  File "/home/ubuntu/parameter-golf/.venv/lib/python3.10/site-packages/torch/distributed/elastic/metrics/api.py", line 137, in wrapper
    result = f(*args, **kwargs)
  File "/home/ubuntu/parameter-golf/.venv/lib/python3.10/site-packages/torch/distributed/elastic/agent/server/api.py", line 696, in run
    result = self._invoke_run(role)
  File "/home/ubuntu/parameter-golf/.venv/lib/python3.10/site-packages/torch/distributed/elastic/agent/server/api.py", line 855, in _invoke_run
    time.sleep(monitor_interval)
  File "/home/ubuntu/parameter-golf/.venv/lib/python3.10/site-packages/torch/distributed/elastic/multiprocessing/api.py", line 84, in _terminate_process_handler
    raise SignalException(f"Process {os.getpid()} got signal: {sigval}", sigval=sigval)
torch.distributed.elastic.multiprocessing.api.SignalException: Process 713917 got signal: 15
