[W401 20:39:45.281030136 CUDAAllocatorConfig.h:28] Warning: expandable_segments not supported on this platform (function operator())
logs/p2_residual_gated.txt
val_bpb:enabled tokenizer_kind=sentencepiece tokenizer_path=/home/ubuntu/parameter-golf/data/tokenizers/fineweb_1024_bpe.model
train_loader:dataset:fineweb10B_sp1024 train_shards:80
val_loader:shards pattern=/home/ubuntu/parameter-golf/data/datasets/fineweb10B_sp1024/fineweb_val_*.bin tokens:62021632
model_params:6599088
world_size:1 grad_accum_steps:8
sdp_backends:cudnn=False flash=True mem_efficient=False math=False
attention_mode:gqa num_heads:8 num_kv_heads:4
tie_embeddings:True embed_lr:0.05 head_lr:0.0 matrix_lr:0.04 scalar_lr:0.04
train_batch_tokens:262144 train_seq_len:512 iterations:20000 warmup_steps:10 max_wallclock_seconds:90.000
seed:1337
warmup_step:1/10
warmup_step:2/10
warmup_step:3/10
warmup_step:4/10
warmup_step:5/10
warmup_step:6/10
warmup_step:7/10
warmup_step:8/10
warmup_step:9/10
warmup_step:10/10
step:0/20000 val_loss:6.9319 val_bpb:4.1055 train_time:0ms step_avg:0.02ms
step:1/20000 train_loss:6.9327 train_time:569ms step_avg:569.05ms
step:2/20000 train_loss:14.1790 train_time:1138ms step_avg:568.92ms
step:3/20000 train_loss:12.3695 train_time:1707ms step_avg:569.01ms
step:4/20000 train_loss:10.2635 train_time:2276ms step_avg:569.01ms
step:5/20000 train_loss:8.3308 train_time:2845ms step_avg:569.00ms
step:6/20000 train_loss:6.9884 train_time:3414ms step_avg:569.00ms
step:7/20000 train_loss:6.3163 train_time:3984ms step_avg:569.18ms
step:8/20000 train_loss:5.9155 train_time:4553ms step_avg:569.13ms
step:9/20000 train_loss:5.7668 train_time:5122ms step_avg:569.14ms
step:10/20000 train_loss:5.7532 train_time:5691ms step_avg:569.08ms
step:10/20000 val_loss:5.7271 val_bpb:3.3919 train_time:5692ms step_avg:569.16ms
step:20/20000 val_loss:5.5935 val_bpb:3.3128 train_time:11386ms step_avg:569.30ms
step:30/20000 val_loss:5.3395 val_bpb:3.1624 train_time:17080ms step_avg:569.32ms
step:40/20000 val_loss:5.0344 val_bpb:2.9817 train_time:22774ms step_avg:569.36ms
step:50/20000 val_loss:4.7035 val_bpb:2.7857 train_time:28472ms step_avg:569.44ms
step:60/20000 val_loss:4.4920 val_bpb:2.6604 train_time:34179ms step_avg:569.65ms
step:70/20000 val_loss:4.3612 val_bpb:2.5830 train_time:39877ms step_avg:569.67ms
step:80/20000 val_loss:4.2748 val_bpb:2.5318 train_time:45575ms step_avg:569.69ms
step:90/20000 val_loss:4.2086 val_bpb:2.4926 train_time:51270ms step_avg:569.67ms
step:100/20000 val_loss:4.1375 val_bpb:2.4505 train_time:56969ms step_avg:569.69ms
step:110/20000 val_loss:4.0630 val_bpb:2.4063 train_time:62664ms step_avg:569.67ms
W0401 20:49:42.520000 703951 torch/distributed/elastic/agent/server/api.py:704] Received Signals.SIGTERM death signal, shutting down workers
W0401 20:49:42.521000 703951 torch/distributed/elastic/multiprocessing/api.py:897] Sending process 703982 closing signal SIGTERM
Traceback (most recent call last):
  File "/home/ubuntu/parameter-golf/.venv/bin/torchrun", line 8, in <module>
    sys.exit(main())
  File "/home/ubuntu/parameter-golf/.venv/lib/python3.10/site-packages/torch/distributed/elastic/multiprocessing/errors/__init__.py", line 355, in wrapper
    return f(*args, **kwargs)
  File "/home/ubuntu/parameter-golf/.venv/lib/python3.10/site-packages/torch/distributed/run.py", line 919, in main
    run(args)
  File "/home/ubuntu/parameter-golf/.venv/lib/python3.10/site-packages/torch/distributed/run.py", line 910, in run
    elastic_launch(
  File "/home/ubuntu/parameter-golf/.venv/lib/python3.10/site-packages/torch/distributed/launcher/api.py", line 138, in __call__
    return launch_agent(self._config, self._entrypoint, list(args))
  File "/home/ubuntu/parameter-golf/.venv/lib/python3.10/site-packages/torch/distributed/launcher/api.py", line 260, in launch_agent
    result = agent.run()
  File "/home/ubuntu/parameter-golf/.venv/lib/python3.10/site-packages/torch/distributed/elastic/metrics/api.py", line 137, in wrapper
    result = f(*args, **kwargs)
  File "/home/ubuntu/parameter-golf/.venv/lib/python3.10/site-packages/torch/distributed/elastic/agent/server/api.py", line 696, in run
    result = self._invoke_run(role)
  File "/home/ubuntu/parameter-golf/.venv/lib/python3.10/site-packages/torch/distributed/elastic/agent/server/api.py", line 855, in _invoke_run
    time.sleep(monitor_interval)
  File "/home/ubuntu/parameter-golf/.venv/lib/python3.10/site-packages/torch/distributed/elastic/multiprocessing/api.py", line 84, in _terminate_process_handler
    raise SignalException(f"Process {os.getpid()} got signal: {sigval}", sigval=sigval)
torch.distributed.elastic.multiprocessing.api.SignalException: Process 703951 got signal: 15
