[W401 19:49:42.114344445 CUDAAllocatorConfig.h:28] Warning: expandable_segments not supported on this platform (function operator())
logs/p2_ttt_chunk128.txt
val_bpb:enabled tokenizer_kind=sentencepiece tokenizer_path=/home/ubuntu/parameter-golf/data/tokenizers/fineweb_1024_bpe.model
train_loader:dataset:fineweb10B_sp1024 train_shards:80
val_loader:shards pattern=/home/ubuntu/parameter-golf/data/datasets/fineweb10B_sp1024/fineweb_val_*.bin tokens:62021632
model_params:6596784
world_size:1 grad_accum_steps:8
sdp_backends:cudnn=False flash=True mem_efficient=False math=False
attention_mode:gqa num_heads:8 num_kv_heads:4
tie_embeddings:True embed_lr:0.05 head_lr:0.0 matrix_lr:0.04 scalar_lr:0.04
train_batch_tokens:262144 train_seq_len:512 iterations:20000 warmup_steps:10 max_wallclock_seconds:90.000
seed:1337
warmup_step:1/10
warmup_step:2/10
warmup_step:3/10
warmup_step:4/10
warmup_step:5/10
warmup_step:6/10
warmup_step:7/10
warmup_step:8/10
warmup_step:9/10
warmup_step:10/10
step:0/20000 val_loss:6.9319 val_bpb:4.1055 train_time:0ms step_avg:0.02ms
step:1/20000 train_loss:6.9327 train_time:543ms step_avg:542.87ms
step:2/20000 train_loss:13.9420 train_time:1086ms step_avg:542.95ms
step:3/20000 train_loss:11.9305 train_time:1629ms step_avg:543.10ms
step:4/20000 train_loss:9.6261 train_time:2173ms step_avg:543.22ms
step:5/20000 train_loss:7.6887 train_time:2716ms step_avg:543.28ms
step:6/20000 train_loss:6.5228 train_time:3260ms step_avg:543.31ms
step:7/20000 train_loss:6.0539 train_time:3804ms step_avg:543.48ms
step:8/20000 train_loss:5.8005 train_time:4348ms step_avg:543.48ms
step:9/20000 train_loss:5.7457 train_time:4891ms step_avg:543.47ms
step:10/20000 train_loss:5.7488 train_time:5435ms step_avg:543.48ms
step:10/20000 val_loss:5.7270 val_bpb:3.3919 train_time:5436ms step_avg:543.59ms
step:20/20000 val_loss:5.5080 val_bpb:3.2621 train_time:10870ms step_avg:543.50ms
step:30/20000 val_loss:5.0745 val_bpb:3.0054 train_time:16305ms step_avg:543.50ms
step:40/20000 val_loss:4.6802 val_bpb:2.7719 train_time:21739ms step_avg:543.48ms
step:50/20000 val_loss:4.4624 val_bpb:2.6429 train_time:27174ms step_avg:543.47ms
step:60/20000 val_loss:4.3252 val_bpb:2.5616 train_time:32610ms step_avg:543.50ms
step:70/20000 val_loss:4.2222 val_bpb:2.5006 train_time:38045ms step_avg:543.50ms
step:80/20000 val_loss:4.1244 val_bpb:2.4427 train_time:43482ms step_avg:543.52ms
step:90/20000 val_loss:4.0211 val_bpb:2.3815 train_time:48918ms step_avg:543.54ms
step:100/20000 val_loss:3.9225 val_bpb:2.3231 train_time:54354ms step_avg:543.54ms
step:110/20000 val_loss:3.8270 val_bpb:2.2665 train_time:59789ms step_avg:543.53ms
W0401 19:59:39.350000 700233 torch/distributed/elastic/agent/server/api.py:704] Received Signals.SIGTERM death signal, shutting down workers
W0401 19:59:39.351000 700233 torch/distributed/elastic/multiprocessing/api.py:897] Sending process 700263 closing signal SIGTERM
Traceback (most recent call last):
  File "/home/ubuntu/parameter-golf/.venv/bin/torchrun", line 8, in <module>
    sys.exit(main())
  File "/home/ubuntu/parameter-golf/.venv/lib/python3.10/site-packages/torch/distributed/elastic/multiprocessing/errors/__init__.py", line 355, in wrapper
    return f(*args, **kwargs)
  File "/home/ubuntu/parameter-golf/.venv/lib/python3.10/site-packages/torch/distributed/run.py", line 919, in main
    run(args)
  File "/home/ubuntu/parameter-golf/.venv/lib/python3.10/site-packages/torch/distributed/run.py", line 910, in run
    elastic_launch(
  File "/home/ubuntu/parameter-golf/.venv/lib/python3.10/site-packages/torch/distributed/launcher/api.py", line 138, in __call__
    return launch_agent(self._config, self._entrypoint, list(args))
  File "/home/ubuntu/parameter-golf/.venv/lib/python3.10/site-packages/torch/distributed/launcher/api.py", line 260, in launch_agent
    result = agent.run()
  File "/home/ubuntu/parameter-golf/.venv/lib/python3.10/site-packages/torch/distributed/elastic/metrics/api.py", line 137, in wrapper
    result = f(*args, **kwargs)
  File "/home/ubuntu/parameter-golf/.venv/lib/python3.10/site-packages/torch/distributed/elastic/agent/server/api.py", line 696, in run
    result = self._invoke_run(role)
  File "/home/ubuntu/parameter-golf/.venv/lib/python3.10/site-packages/torch/distributed/elastic/agent/server/api.py", line 855, in _invoke_run
    time.sleep(monitor_interval)
  File "/home/ubuntu/parameter-golf/.venv/lib/python3.10/site-packages/torch/distributed/elastic/multiprocessing/api.py", line 84, in _terminate_process_handler
    raise SignalException(f"Process {os.getpid()} got signal: {sigval}", sigval=sigval)
torch.distributed.elastic.multiprocessing.api.SignalException: Process 700233 got signal: 15
