[W401 21:49:50.737247744 CUDAAllocatorConfig.h:28] Warning: expandable_segments not supported on this platform (function operator())
logs/p3_fft2_multistep3.txt
val_bpb:enabled tokenizer_kind=sentencepiece tokenizer_path=/home/ubuntu/parameter-golf/data/tokenizers/fineweb_1024_bpe.model
train_loader:dataset:fineweb10B_sp1024 train_shards:80
val_loader:shards pattern=/home/ubuntu/parameter-golf/data/datasets/fineweb10B_sp1024/fineweb_val_*.bin tokens:62021632
model_params:6596784
world_size:1 grad_accum_steps:8
sdp_backends:cudnn=False flash=True mem_efficient=False math=False
attention_mode:gqa num_heads:8 num_kv_heads:4
tie_embeddings:True embed_lr:0.05 head_lr:0.0 matrix_lr:0.04 scalar_lr:0.04
train_batch_tokens:262144 train_seq_len:512 iterations:20000 warmup_steps:10 max_wallclock_seconds:90.000
seed:1337
warmup_step:1/10
warmup_step:2/10
warmup_step:3/10
warmup_step:4/10
warmup_step:5/10
warmup_step:6/10
warmup_step:7/10
warmup_step:8/10
warmup_step:9/10
warmup_step:10/10
step:0/20000 val_loss:6.9319 val_bpb:4.1055 train_time:0ms step_avg:0.02ms
step:1/20000 train_loss:6.9327 train_time:543ms step_avg:542.94ms
step:2/20000 train_loss:13.9420 train_time:1090ms step_avg:545.18ms
step:3/20000 train_loss:11.9304 train_time:1634ms step_avg:544.64ms
step:4/20000 train_loss:9.6341 train_time:2178ms step_avg:544.40ms
step:5/20000 train_loss:7.6974 train_time:2721ms step_avg:544.26ms
step:6/20000 train_loss:6.5286 train_time:3265ms step_avg:544.19ms
step:7/20000 train_loss:6.0569 train_time:3809ms step_avg:544.13ms
step:8/20000 train_loss:5.8013 train_time:4353ms step_avg:544.10ms
step:9/20000 train_loss:5.7457 train_time:4897ms step_avg:544.07ms
step:10/20000 train_loss:5.7484 train_time:5444ms step_avg:544.41ms
step:10/20000 val_loss:5.7268 val_bpb:3.3917 train_time:5445ms step_avg:544.52ms
step:20/20000 val_loss:5.5087 val_bpb:3.2625 train_time:10886ms step_avg:544.32ms
step:30/20000 val_loss:5.0760 val_bpb:3.0063 train_time:16321ms step_avg:544.04ms
step:40/20000 val_loss:4.6811 val_bpb:2.7724 train_time:21763ms step_avg:544.08ms
step:50/20000 val_loss:4.4631 val_bpb:2.6433 train_time:27199ms step_avg:543.99ms
step:60/20000 val_loss:4.3257 val_bpb:2.5619 train_time:32658ms step_avg:544.30ms
step:70/20000 val_loss:4.2224 val_bpb:2.5007 train_time:38096ms step_avg:544.23ms
step:80/20000 val_loss:4.1249 val_bpb:2.4430 train_time:43535ms step_avg:544.19ms
step:90/20000 val_loss:4.0216 val_bpb:2.3818 train_time:48977ms step_avg:544.19ms
step:100/20000 val_loss:3.9234 val_bpb:2.3237 train_time:54416ms step_avg:544.16ms
step:110/20000 val_loss:3.8279 val_bpb:2.2671 train_time:59863ms step_avg:544.21ms
W0401 21:59:46.901000 710275 torch/distributed/elastic/agent/server/api.py:704] Received Signals.SIGTERM death signal, shutting down workers
W0401 21:59:46.902000 710275 torch/distributed/elastic/multiprocessing/api.py:897] Sending process 710305 closing signal SIGTERM
Traceback (most recent call last):
  File "/home/ubuntu/parameter-golf/.venv/bin/torchrun", line 8, in <module>
    sys.exit(main())
  File "/home/ubuntu/parameter-golf/.venv/lib/python3.10/site-packages/torch/distributed/elastic/multiprocessing/errors/__init__.py", line 355, in wrapper
    return f(*args, **kwargs)
  File "/home/ubuntu/parameter-golf/.venv/lib/python3.10/site-packages/torch/distributed/run.py", line 919, in main
    run(args)
  File "/home/ubuntu/parameter-golf/.venv/lib/python3.10/site-packages/torch/distributed/run.py", line 910, in run
    elastic_launch(
  File "/home/ubuntu/parameter-golf/.venv/lib/python3.10/site-packages/torch/distributed/launcher/api.py", line 138, in __call__
    return launch_agent(self._config, self._entrypoint, list(args))
  File "/home/ubuntu/parameter-golf/.venv/lib/python3.10/site-packages/torch/distributed/launcher/api.py", line 260, in launch_agent
    result = agent.run()
  File "/home/ubuntu/parameter-golf/.venv/lib/python3.10/site-packages/torch/distributed/elastic/metrics/api.py", line 137, in wrapper
    result = f(*args, **kwargs)
  File "/home/ubuntu/parameter-golf/.venv/lib/python3.10/site-packages/torch/distributed/elastic/agent/server/api.py", line 696, in run
    result = self._invoke_run(role)
  File "/home/ubuntu/parameter-golf/.venv/lib/python3.10/site-packages/torch/distributed/elastic/agent/server/api.py", line 855, in _invoke_run
    time.sleep(monitor_interval)
  File "/home/ubuntu/parameter-golf/.venv/lib/python3.10/site-packages/torch/distributed/elastic/multiprocessing/api.py", line 84, in _terminate_process_handler
    raise SignalException(f"Process {os.getpid()} got signal: {sigval}", sigval=sigval)
torch.distributed.elastic.multiprocessing.api.SignalException: Process 710275 got signal: 15
