[W401 21:29:48.427044360 CUDAAllocatorConfig.h:28] Warning: expandable_segments not supported on this platform (function operator())
logs/p3_lora_rank32.txt
val_bpb:enabled tokenizer_kind=sentencepiece tokenizer_path=/home/ubuntu/parameter-golf/data/tokenizers/fineweb_1024_bpe.model
train_loader:dataset:fineweb10B_sp1024 train_shards:80
val_loader:shards pattern=/home/ubuntu/parameter-golf/data/datasets/fineweb10B_sp1024/fineweb_val_*.bin tokens:62021632
model_params:6596784
world_size:1 grad_accum_steps:8
sdp_backends:cudnn=False flash=True mem_efficient=False math=False
attention_mode:gqa num_heads:8 num_kv_heads:4
tie_embeddings:True embed_lr:0.05 head_lr:0.0 matrix_lr:0.04 scalar_lr:0.04
train_batch_tokens:262144 train_seq_len:512 iterations:20000 warmup_steps:10 max_wallclock_seconds:90.000
seed:1337
warmup_step:1/10
warmup_step:2/10
warmup_step:3/10
warmup_step:4/10
warmup_step:5/10
warmup_step:6/10
warmup_step:7/10
warmup_step:8/10
warmup_step:9/10
warmup_step:10/10
step:0/20000 val_loss:6.9319 val_bpb:4.1055 train_time:0ms step_avg:0.02ms
step:1/20000 train_loss:6.9327 train_time:543ms step_avg:543.23ms
step:2/20000 train_loss:13.9420 train_time:1087ms step_avg:543.41ms
step:3/20000 train_loss:11.9313 train_time:1631ms step_avg:543.60ms
step:4/20000 train_loss:9.6287 train_time:2175ms step_avg:543.74ms
step:5/20000 train_loss:7.6914 train_time:2719ms step_avg:543.79ms
step:6/20000 train_loss:6.5247 train_time:3263ms step_avg:543.83ms
step:7/20000 train_loss:6.0550 train_time:3807ms step_avg:543.86ms
step:8/20000 train_loss:5.8007 train_time:4351ms step_avg:543.89ms
step:9/20000 train_loss:5.7457 train_time:4895ms step_avg:543.91ms
step:10/20000 train_loss:5.7484 train_time:5440ms step_avg:543.95ms
step:10/20000 val_loss:5.7268 val_bpb:3.3917 train_time:5441ms step_avg:544.06ms
step:20/20000 val_loss:5.5081 val_bpb:3.2622 train_time:10881ms step_avg:544.03ms
step:30/20000 val_loss:5.0753 val_bpb:3.0059 train_time:16337ms step_avg:544.57ms
step:40/20000 val_loss:4.6809 val_bpb:2.7723 train_time:21777ms step_avg:544.43ms
step:50/20000 val_loss:4.4631 val_bpb:2.6433 train_time:27218ms step_avg:544.35ms
step:60/20000 val_loss:4.3258 val_bpb:2.5620 train_time:32667ms step_avg:544.46ms
step:70/20000 val_loss:4.2225 val_bpb:2.5008 train_time:38116ms step_avg:544.51ms
step:80/20000 val_loss:4.1252 val_bpb:2.4432 train_time:43555ms step_avg:544.44ms
step:90/20000 val_loss:4.0222 val_bpb:2.3822 train_time:49013ms step_avg:544.59ms
step:100/20000 val_loss:3.9237 val_bpb:2.3239 train_time:54520ms step_avg:545.20ms
W0401 21:39:45.609000 706369 torch/distributed/elastic/agent/server/api.py:704] Received Signals.SIGTERM death signal, shutting down workers
W0401 21:39:45.611000 706369 torch/distributed/elastic/multiprocessing/api.py:897] Sending process 706399 closing signal SIGTERM
Traceback (most recent call last):
  File "/home/ubuntu/parameter-golf/.venv/bin/torchrun", line 8, in <module>
    sys.exit(main())
  File "/home/ubuntu/parameter-golf/.venv/lib/python3.10/site-packages/torch/distributed/elastic/multiprocessing/errors/__init__.py", line 355, in wrapper
    return f(*args, **kwargs)
  File "/home/ubuntu/parameter-golf/.venv/lib/python3.10/site-packages/torch/distributed/run.py", line 919, in main
    run(args)
  File "/home/ubuntu/parameter-golf/.venv/lib/python3.10/site-packages/torch/distributed/run.py", line 910, in run
    elastic_launch(
  File "/home/ubuntu/parameter-golf/.venv/lib/python3.10/site-packages/torch/distributed/launcher/api.py", line 138, in __call__
    return launch_agent(self._config, self._entrypoint, list(args))
  File "/home/ubuntu/parameter-golf/.venv/lib/python3.10/site-packages/torch/distributed/launcher/api.py", line 260, in launch_agent
    result = agent.run()
  File "/home/ubuntu/parameter-golf/.venv/lib/python3.10/site-packages/torch/distributed/elastic/metrics/api.py", line 137, in wrapper
    result = f(*args, **kwargs)
  File "/home/ubuntu/parameter-golf/.venv/lib/python3.10/site-packages/torch/distributed/elastic/agent/server/api.py", line 696, in run
    result = self._invoke_run(role)
  File "/home/ubuntu/parameter-golf/.venv/lib/python3.10/site-packages/torch/distributed/elastic/agent/server/api.py", line 855, in _invoke_run
    time.sleep(monitor_interval)
  File "/home/ubuntu/parameter-golf/.venv/lib/python3.10/site-packages/torch/distributed/elastic/multiprocessing/api.py", line 84, in _terminate_process_handler
    raise SignalException(f"Process {os.getpid()} got signal: {sigval}", sigval=sigval)
torch.distributed.elastic.multiprocessing.api.SignalException: Process 706369 got signal: 15
