[W401 23:44:19.997135280 CUDAAllocatorConfig.h:28] Warning: expandable_segments not supported on this platform (function operator())
logs/p6_deep_narrow.txt
val_bpb:enabled tokenizer_kind=sentencepiece tokenizer_path=/home/ubuntu/parameter-golf/data/tokenizers/fineweb_1024_bpe.model
train_loader:dataset:fineweb10B_sp1024 train_shards:80
val_loader:shards pattern=/home/ubuntu/parameter-golf/data/datasets/fineweb10B_sp1024/fineweb_val_*.bin tokens:62021632
model_params:8664640
world_size:1 grad_accum_steps:8
sdp_backends:cudnn=False flash=True mem_efficient=False math=False
attention_mode:gqa num_heads:8 num_kv_heads:4
tie_embeddings:True embed_lr:0.05 head_lr:0.0 matrix_lr:0.04 scalar_lr:0.04
train_batch_tokens:262144 train_seq_len:512 iterations:20000 warmup_steps:10 max_wallclock_seconds:90.000
seed:1337
warmup_step:1/10
warmup_step:2/10
warmup_step:3/10
warmup_step:4/10
warmup_step:5/10
warmup_step:6/10
warmup_step:7/10
warmup_step:8/10
warmup_step:9/10
warmup_step:10/10
step:0/20000 val_loss:6.9321 val_bpb:4.1056 train_time:0ms step_avg:0.02ms
step:1/20000 train_loss:6.9324 train_time:720ms step_avg:719.73ms
step:2/20000 train_loss:13.7510 train_time:1439ms step_avg:719.64ms
step:3/20000 train_loss:12.2078 train_time:2159ms step_avg:719.56ms
step:4/20000 train_loss:10.3293 train_time:2878ms step_avg:719.59ms
step:5/20000 train_loss:8.5375 train_time:3598ms step_avg:719.57ms
step:6/20000 train_loss:7.1818 train_time:4318ms step_avg:719.60ms
step:7/20000 train_loss:6.4529 train_time:5038ms step_avg:719.66ms
step:8/20000 train_loss:5.9917 train_time:5757ms step_avg:719.67ms
step:9/20000 train_loss:5.7972 train_time:6477ms step_avg:719.66ms
step:10/20000 train_loss:5.7468 train_time:7197ms step_avg:719.66ms
step:10/20000 val_loss:5.7196 val_bpb:3.3875 train_time:7197ms step_avg:719.72ms
step:20/20000 val_loss:5.5418 val_bpb:3.2822 train_time:14393ms step_avg:719.64ms
step:30/20000 val_loss:5.2212 val_bpb:3.0923 train_time:21587ms step_avg:719.55ms
step:40/20000 val_loss:4.8432 val_bpb:2.8684 train_time:28780ms step_avg:719.50ms
step:50/20000 val_loss:4.6172 val_bpb:2.7345 train_time:35973ms step_avg:719.47ms
step:60/20000 val_loss:4.4588 val_bpb:2.6407 train_time:43167ms step_avg:719.45ms
step:70/20000 val_loss:4.3575 val_bpb:2.5808 train_time:50370ms step_avg:719.57ms
step:80/20000 val_loss:4.2839 val_bpb:2.5372 train_time:57563ms step_avg:719.53ms
W0401 23:54:16.326000 715383 torch/distributed/elastic/agent/server/api.py:704] Received Signals.SIGTERM death signal, shutting down workers
W0401 23:54:16.327000 715383 torch/distributed/elastic/multiprocessing/api.py:897] Sending process 715413 closing signal SIGTERM
Traceback (most recent call last):
  File "/home/ubuntu/parameter-golf/.venv/bin/torchrun", line 8, in <module>
    sys.exit(main())
  File "/home/ubuntu/parameter-golf/.venv/lib/python3.10/site-packages/torch/distributed/elastic/multiprocessing/errors/__init__.py", line 355, in wrapper
    return f(*args, **kwargs)
  File "/home/ubuntu/parameter-golf/.venv/lib/python3.10/site-packages/torch/distributed/run.py", line 919, in main
    run(args)
  File "/home/ubuntu/parameter-golf/.venv/lib/python3.10/site-packages/torch/distributed/run.py", line 910, in run
    elastic_launch(
  File "/home/ubuntu/parameter-golf/.venv/lib/python3.10/site-packages/torch/distributed/launcher/api.py", line 138, in __call__
    return launch_agent(self._config, self._entrypoint, list(args))
  File "/home/ubuntu/parameter-golf/.venv/lib/python3.10/site-packages/torch/distributed/launcher/api.py", line 260, in launch_agent
    result = agent.run()
  File "/home/ubuntu/parameter-golf/.venv/lib/python3.10/site-packages/torch/distributed/elastic/metrics/api.py", line 137, in wrapper
    result = f(*args, **kwargs)
  File "/home/ubuntu/parameter-golf/.venv/lib/python3.10/site-packages/torch/distributed/elastic/agent/server/api.py", line 696, in run
    result = self._invoke_run(role)
  File "/home/ubuntu/parameter-golf/.venv/lib/python3.10/site-packages/torch/distributed/elastic/agent/server/api.py", line 855, in _invoke_run
    time.sleep(monitor_interval)
  File "/home/ubuntu/parameter-golf/.venv/lib/python3.10/site-packages/torch/distributed/elastic/multiprocessing/api.py", line 84, in _terminate_process_handler
    raise SignalException(f"Process {os.getpid()} got signal: {sigval}", sigval=sigval)
torch.distributed.elastic.multiprocessing.api.SignalException: Process 715383 got signal: 15
