[W401 23:24:18.992426467 CUDAAllocatorConfig.h:28] Warning: expandable_segments not supported on this platform (function operator())
logs/p6_leaky_relu2_mlp3x.txt
val_bpb:enabled tokenizer_kind=sentencepiece tokenizer_path=/home/ubuntu/parameter-golf/data/tokenizers/fineweb_1024_bpe.model
train_loader:dataset:fineweb10B_sp1024 train_shards:80
val_loader:shards pattern=/home/ubuntu/parameter-golf/data/datasets/fineweb10B_sp1024/fineweb_val_*.bin tokens:62021632
model_params:8366256
world_size:1 grad_accum_steps:8
sdp_backends:cudnn=False flash=True mem_efficient=False math=False
attention_mode:gqa num_heads:8 num_kv_heads:4
tie_embeddings:True embed_lr:0.05 head_lr:0.0 matrix_lr:0.04 scalar_lr:0.04
train_batch_tokens:262144 train_seq_len:512 iterations:20000 warmup_steps:10 max_wallclock_seconds:90.000
seed:1337
warmup_step:1/10
warmup_step:2/10
warmup_step:3/10
warmup_step:4/10
warmup_step:5/10
warmup_step:6/10
warmup_step:7/10
warmup_step:8/10
warmup_step:9/10
warmup_step:10/10
step:0/20000 val_loss:6.9327 val_bpb:4.1060 train_time:0ms step_avg:0.03ms
step:1/20000 train_loss:6.9336 train_time:579ms step_avg:579.32ms
step:2/20000 train_loss:13.7529 train_time:1159ms step_avg:579.63ms
step:3/20000 train_loss:11.8206 train_time:1740ms step_avg:579.93ms
step:4/20000 train_loss:9.6555 train_time:2320ms step_avg:580.08ms
step:5/20000 train_loss:7.7845 train_time:2904ms step_avg:580.89ms
step:6/20000 train_loss:6.6089 train_time:3485ms step_avg:580.79ms
step:7/20000 train_loss:6.0881 train_time:4066ms step_avg:580.85ms
step:8/20000 train_loss:5.8015 train_time:4647ms step_avg:580.84ms
step:9/20000 train_loss:5.7261 train_time:5228ms step_avg:580.84ms
step:10/20000 train_loss:5.7205 train_time:5808ms step_avg:580.82ms
step:10/20000 val_loss:5.6986 val_bpb:3.3751 train_time:5809ms step_avg:580.95ms
step:20/20000 val_loss:5.4893 val_bpb:3.2511 train_time:11614ms step_avg:580.71ms
step:30/20000 val_loss:5.0672 val_bpb:3.0011 train_time:17422ms step_avg:580.74ms
step:40/20000 val_loss:4.6794 val_bpb:2.7714 train_time:23228ms step_avg:580.69ms
step:50/20000 val_loss:4.4681 val_bpb:2.6463 train_time:29032ms step_avg:580.63ms
step:60/20000 val_loss:4.3321 val_bpb:2.5657 train_time:34842ms step_avg:580.70ms
step:70/20000 val_loss:4.2326 val_bpb:2.5068 train_time:40655ms step_avg:580.78ms
step:80/20000 val_loss:4.1409 val_bpb:2.4525 train_time:46460ms step_avg:580.76ms
step:90/20000 val_loss:4.0443 val_bpb:2.3953 train_time:52265ms step_avg:580.72ms
step:100/20000 val_loss:3.9476 val_bpb:2.3380 train_time:58072ms step_avg:580.72ms
W0401 23:34:15.191000 714928 torch/distributed/elastic/agent/server/api.py:704] Received Signals.SIGTERM death signal, shutting down workers
W0401 23:34:15.192000 714928 torch/distributed/elastic/multiprocessing/api.py:897] Sending process 714958 closing signal SIGTERM
Traceback (most recent call last):
  File "/home/ubuntu/parameter-golf/.venv/bin/torchrun", line 8, in <module>
    sys.exit(main())
  File "/home/ubuntu/parameter-golf/.venv/lib/python3.10/site-packages/torch/distributed/elastic/multiprocessing/errors/__init__.py", line 355, in wrapper
    return f(*args, **kwargs)
  File "/home/ubuntu/parameter-golf/.venv/lib/python3.10/site-packages/torch/distributed/run.py", line 919, in main
    run(args)
  File "/home/ubuntu/parameter-golf/.venv/lib/python3.10/site-packages/torch/distributed/run.py", line 910, in run
    elastic_launch(
  File "/home/ubuntu/parameter-golf/.venv/lib/python3.10/site-packages/torch/distributed/launcher/api.py", line 138, in __call__
    return launch_agent(self._config, self._entrypoint, list(args))
  File "/home/ubuntu/parameter-golf/.venv/lib/python3.10/site-packages/torch/distributed/launcher/api.py", line 260, in launch_agent
    result = agent.run()
  File "/home/ubuntu/parameter-golf/.venv/lib/python3.10/site-packages/torch/distributed/elastic/metrics/api.py", line 137, in wrapper
    result = f(*args, **kwargs)
  File "/home/ubuntu/parameter-golf/.venv/lib/python3.10/site-packages/torch/distributed/elastic/agent/server/api.py", line 696, in run
    result = self._invoke_run(role)
  File "/home/ubuntu/parameter-golf/.venv/lib/python3.10/site-packages/torch/distributed/elastic/agent/server/api.py", line 855, in _invoke_run
    time.sleep(monitor_interval)
  File "/home/ubuntu/parameter-golf/.venv/lib/python3.10/site-packages/torch/distributed/elastic/multiprocessing/api.py", line 84, in _terminate_process_handler
    raise SignalException(f"Process {os.getpid()} got signal: {sigval}", sigval=sigval)
torch.distributed.elastic.multiprocessing.api.SignalException: Process 714928 got signal: 15
