[W402 00:04:27.797317433 CUDAAllocatorConfig.h:28] Warning: expandable_segments not supported on this platform (function operator())
logs/p7_layer_drop_0.2.txt
val_bpb:enabled tokenizer_kind=sentencepiece tokenizer_path=/home/ubuntu/parameter-golf/data/tokenizers/fineweb_1024_bpe.model
train_loader:dataset:fineweb10B_sp1024 train_shards:80
val_loader:shards pattern=/home/ubuntu/parameter-golf/data/datasets/fineweb10B_sp1024/fineweb_val_*.bin tokens:62021632
model_params:6596784
world_size:1 grad_accum_steps:8
sdp_backends:cudnn=False flash=True mem_efficient=False math=False
attention_mode:gqa num_heads:8 num_kv_heads:4
tie_embeddings:True embed_lr:0.05 head_lr:0.0 matrix_lr:0.04 scalar_lr:0.04
train_batch_tokens:262144 train_seq_len:512 iterations:20000 warmup_steps:10 max_wallclock_seconds:90.000
seed:1337
warmup_step:1/10
[rank0]: Traceback (most recent call last):
[rank0]:   File "/home/ubuntu/parameter-golf/train_alpha.py", line 1727, in <module>
[rank0]:     main()
[rank0]:   File "/home/ubuntu/parameter-golf/train_alpha.py", line 1499, in main
[rank0]:     warmup_loss = model(x, y)
[rank0]:   File "/home/ubuntu/parameter-golf/.venv/lib/python3.10/site-packages/torch/nn/modules/module.py", line 1736, in _wrapped_call_impl
[rank0]:     return self._call_impl(*args, **kwargs)
[rank0]:   File "/home/ubuntu/parameter-golf/.venv/lib/python3.10/site-packages/torch/nn/modules/module.py", line 1747, in _call_impl
[rank0]:     return forward_call(*args, **kwargs)
[rank0]:   File "/home/ubuntu/parameter-golf/.venv/lib/python3.10/site-packages/torch/nn/parallel/distributed.py", line 1639, in forward
[rank0]:     inputs, kwargs = self._pre_forward(*inputs, **kwargs)
[rank0]:   File "/home/ubuntu/parameter-golf/.venv/lib/python3.10/site-packages/torch/nn/parallel/distributed.py", line 1528, in _pre_forward
[rank0]:     if torch.is_grad_enabled() and self.reducer._rebuild_buckets():
[rank0]: RuntimeError: Expected to have finished reduction in the prior iteration before starting a new one. This error indicates that your module has parameters that were not used in producing loss. You can enable unused parameter detection by passing the keyword argument `find_unused_parameters=True` to `torch.nn.parallel.DistributedDataParallel`, and by 
[rank0]: making sure all `forward` function outputs participate in calculating loss. 
[rank0]: If you already have done the above, then the distributed data parallel module wasn't able to locate the output tensors in the return value of your module's `forward` function. Please include the loss function and the structure of the return value of `forward` of your module when reporting this issue (e.g. list, dict, iterable).
[rank0]: Parameter indices which did not receive grad for rank 0: 32 33 34 35 36 37 38 39 40 41
[rank0]:  In addition, you can set the environment variable TORCH_DISTRIBUTED_DEBUG to either INFO or DETAIL to print out information about which particular parameters did not receive gradient on this rank as part of this error
[rank0]:[W402 00:04:28.699376016 ProcessGroupNCCL.cpp:1250] Warning: WARNING: process group has NOT been destroyed before we destruct ProcessGroupNCCL. On normal program exit, the application should call destroy_process_group to ensure that any pending NCCL operations have finished in this process. In rare cases this process can exit before this point and block the progress of another member of the process group. This constraint has always been present,  but this warning has only been added since PyTorch 2.4 (function operator())
E0402 00:04:30.002000 716030 torch/distributed/elastic/multiprocessing/api.py:869] failed (exitcode: 1) local_rank: 0 (pid: 716060) of binary: /home/ubuntu/parameter-golf/.venv/bin/python3
Traceback (most recent call last):
  File "/home/ubuntu/parameter-golf/.venv/bin/torchrun", line 8, in <module>
    sys.exit(main())
  File "/home/ubuntu/parameter-golf/.venv/lib/python3.10/site-packages/torch/distributed/elastic/multiprocessing/errors/__init__.py", line 355, in wrapper
    return f(*args, **kwargs)
  File "/home/ubuntu/parameter-golf/.venv/lib/python3.10/site-packages/torch/distributed/run.py", line 919, in main
    run(args)
  File "/home/ubuntu/parameter-golf/.venv/lib/python3.10/site-packages/torch/distributed/run.py", line 910, in run
    elastic_launch(
  File "/home/ubuntu/parameter-golf/.venv/lib/python3.10/site-packages/torch/distributed/launcher/api.py", line 138, in __call__
    return launch_agent(self._config, self._entrypoint, list(args))
  File "/home/ubuntu/parameter-golf/.venv/lib/python3.10/site-packages/torch/distributed/launcher/api.py", line 269, in launch_agent
    raise ChildFailedError(
torch.distributed.elastic.multiprocessing.errors.ChildFailedError: 
============================================================
train_alpha.py FAILED
------------------------------------------------------------
Failures:
  <NO_OTHER_FAILURES>
------------------------------------------------------------
Root Cause (first observed failure):
[0]:
  time      : 2026-04-02_00:04:30
  host      : shameless-willow-buffalo
  rank      : 0 (local_rank: 0)
  exitcode  : 1 (pid: 716060)
  error_file: <N/A>
  traceback : To enable traceback see: https://pytorch.org/docs/stable/elastic/errors.html
============================================================
