W0411 00:26:32.748000 321902 torch/distributed/run.py:851] 
W0411 00:26:32.748000 321902 torch/distributed/run.py:851] *****************************************
W0411 00:26:32.748000 321902 torch/distributed/run.py:851] Setting OMP_NUM_THREADS environment variable for each process to be 1 in default, to avoid your system being overloaded, please further tune the variable for optimal performance in your application as needed. 
W0411 00:26:32.748000 321902 torch/distributed/run.py:851] *****************************************
logs/cf170f0a-3da9-45df-a945-5a738049f2aa.txt
val_bpb:enabled tokenizer_kind=sentencepiece tokenizer_path=./data/tokenizers/fineweb_1024_bpe.model
train_loader:dataset:fineweb10B_sp1024 train_shards:10
val_loader:shards pattern=./data/datasets/fineweb10B_sp1024/fineweb_val_*.bin tokens:62021632
model_params:27041372
XSA:last_11 active_layers:[0, 1, 2, 3, 4, 5, 6, 7, 8, 9, 10]
world_size:8 grad_accum_steps:1
sdp_backends:cudnn=False flash=True mem_efficient=False math=False
attention_mode:gqa num_heads:8 num_kv_heads:4
recurrence:layers=[] start_step=3000 active=0
canon_ac:layers=[] params=0 physical_only=1
parallel_residual:active=0 start_layer=7 start_mode=physical params=0 final_lane=mlp
repeat_untie_mlp:mode=none layers=[] params=0
tie_embeddings:True embed_lr:0.035 head_lr:0.0 matrix_lr:0.03 scalar_lr:0.025
train_batch_tokens:786432 train_seq_len:2048 iterations:20000 warmup_steps:20 max_wallclock_seconds:420.000
seed:1337
gptq:reserving 0ms from training budget, effective=420000ms
