W0402 23:55:05.126000 87512 site-packages/torch/distributed/run.py:851] 
W0402 23:55:05.126000 87512 site-packages/torch/distributed/run.py:851] *****************************************
W0402 23:55:05.126000 87512 site-packages/torch/distributed/run.py:851] Setting OMP_NUM_THREADS environment variable for each process to be 1 in default, to avoid your system being overloaded, please further tune the variable for optimal performance in your application as needed. 
W0402 23:55:05.126000 87512 site-packages/torch/distributed/run.py:851] *****************************************
logs/A1_9L_mlp3.5x.txt
val_bpb:enabled tokenizer_kind=sentencepiece tokenizer_path=./data/tokenizers/fineweb_1024_bpe.model
train_loader:dataset:fineweb10B_sp1024 train_shards:10
val_loader:shards pattern=./data/datasets/fineweb10B_sp1024/fineweb_val_*.bin tokens:62021632
model_params:24629836
mtp_num_heads:0 mtp_loss_weight:0.2 mtp_params:0
XSA:last_9 active_layers:[0, 1, 2, 3, 4, 5, 6, 7, 8]
world_size:4 grad_accum_steps:2
sdp_backends:cudnn=False flash=True mem_efficient=False math=False
attention_mode:gqa num_heads:8 num_kv_heads:4
tie_embeddings:True embed_lr:0.035 head_lr:0.0 matrix_lr:0.025 scalar_lr:0.025
train_batch_tokens:786432 train_seq_len:2048 iterations:20000 warmup_steps:20 max_wallclock_seconds:180.000
seed:1337
warmup_step:1/20
warmup_step:2/20
warmup_step:3/20
warmup_step:4/20
warmup_step:5/20
warmup_step:6/20
warmup_step:7/20
warmup_step:8/20
warmup_step:9/20
warmup_step:10/20
warmup_step:11/20
warmup_step:12/20
warmup_step:13/20
warmup_step:14/20
warmup_step:15/20
warmup_step:16/20
warmup_step:17/20
warmup_step:18/20
warmup_step:19/20
warmup_step:20/20
step:0/20000 val_loss:6.9309 val_bpb:4.1049 train_time:0ms step_avg:0.01ms
step:1/20000 train_loss:6.9314 train_time:187ms step_avg:187.21ms
step:2/20000 train_loss:8.7869 train_time:280ms step_avg:140.22ms
step:3/20000 train_loss:8.2586 train_time:421ms step_avg:140.24ms
step:4/20000 train_loss:7.5224 train_time:561ms step_avg:140.28ms
step:5/20000 train_loss:6.8553 train_time:701ms step_avg:140.13ms
step:6/20000 train_loss:6.4416 train_time:841ms step_avg:140.15ms
step:7/20000 train_loss:6.2455 train_time:981ms step_avg:140.17ms
step:8/20000 train_loss:6.0488 train_time:1122ms step_avg:140.20ms
step:9/20000 train_loss:5.9733 train_time:1268ms step_avg:140.91ms
step:10/20000 train_loss:5.9175 train_time:1409ms step_avg:140.94ms
step:100/20000 train_loss:3.4317 train_time:14205ms step_avg:142.05ms
step:200/20000 train_loss:2.6871 train_time:28512ms step_avg:142.56ms
step:200/20000 val_loss:2.8254 val_bpb:1.6733 train_time:28566ms step_avg:142.83ms
step:300/20000 train_loss:2.6191 train_time:42828ms step_avg:142.76ms
step:400/20000 train_loss:2.4854 train_time:57146ms step_avg:142.86ms
step:400/20000 val_loss:2.4871 val_bpb:1.4730 train_time:57198ms step_avg:142.99ms
step:500/20000 train_loss:2.4139 train_time:71408ms step_avg:142.82ms
swa:start step:600
step:600/20000 train_loss:2.3888 train_time:85673ms step_avg:142.79ms
step:600/20000 val_loss:2.3588 val_bpb:1.3970 train_time:85803ms step_avg:143.01ms
step:700/20000 train_loss:2.4192 train_time:100045ms step_avg:142.92ms
late_qat:enabled step:734 scale:0.1499
step:800/20000 train_loss:2.2600 train_time:114348ms step_avg:142.94ms
step:800/20000 val_loss:2.2847 val_bpb:1.3531 train_time:114437ms step_avg:143.05ms
step:900/20000 train_loss:2.1390 train_time:128738ms step_avg:143.04ms
step:1000/20000 train_loss:2.2861 train_time:143032ms step_avg:143.03ms
step:1000/20000 val_loss:2.2361 val_bpb:1.3243 train_time:143120ms step_avg:143.12ms
step:1100/20000 train_loss:2.2609 train_time:157415ms step_avg:143.10ms
step:1200/20000 train_loss:2.2732 train_time:171767ms step_avg:143.14ms
step:1200/20000 val_loss:2.2020 val_bpb:1.3042 train_time:171841ms step_avg:143.20ms
step:1258/20000 val_loss:2.1975 val_bpb:1.3015 train_time:180150ms step_avg:143.20ms
stopping_early: wallclock_cap train_time:180150ms step:1258/20000
peak memory allocated: 20058 MiB reserved: 20526 MiB
ema:applying EMA weights
DIAGNOSTIC post_ema val_loss:2.2536 val_bpb:1.3347 eval_time:3537ms
Serialized model: 96700398 bytes
Code size: 103019 bytes
gptq:building non-banked model for Hessian collection...
gptq:generating autoregressive calibration data (64 seqs x 2048 tokens, temp=0.8)...
gptq:generated 64 sequences in 138.0s
gptq:collecting hessians from autoregressive data...
gptq:collected hessians for 56 layers (AR self-gen)
selective_prune: 9993575 ±1 candidates, unpruned=7.33MB target=15.9MB
selective_prune: already fits, no pruning needed
Serialized model int6+lzma: 7579004 bytes
Total submission size int6+lzma: 7682023 bytes
final_int6_roundtrip val_loss:2.5473 val_bpb:1.5086 eval_time:13400ms
final_int6_roundtrip_exact val_loss:2.54726397 val_bpb:1.50863320
final_int6_sliding_window_s64 val_loss:2.5096 val_bpb:1.4863 stride:64 eval_time:136905ms
final_int6_sliding_window_s64_exact val_loss:2.50960101 val_bpb:1.48633101
final_int8_zlib_roundtrip_exact val_loss:2.50960101 val_bpb:1.48633101
