W0403 00:09:06.198000 107323 site-packages/torch/distributed/run.py:851] 
W0403 00:09:06.198000 107323 site-packages/torch/distributed/run.py:851] *****************************************
W0403 00:09:06.198000 107323 site-packages/torch/distributed/run.py:851] Setting OMP_NUM_THREADS environment variable for each process to be 1 in default, to avoid your system being overloaded, please further tune the variable for optimal performance in your application as needed. 
W0403 00:09:06.198000 107323 site-packages/torch/distributed/run.py:851] *****************************************
logs/A2_8L_mlp4x.txt
val_bpb:enabled tokenizer_kind=sentencepiece tokenizer_path=./data/tokenizers/fineweb_1024_bpe.model
train_loader:dataset:fineweb10B_sp1024 train_shards:10
val_loader:shards pattern=./data/datasets/fineweb10B_sp1024/fineweb_val_*.bin tokens:62021632
model_params:24103492
mtp_num_heads:0 mtp_loss_weight:0.2 mtp_params:0
XSA:last_8 active_layers:[0, 1, 2, 3, 4, 5, 6, 7]
world_size:4 grad_accum_steps:2
sdp_backends:cudnn=False flash=True mem_efficient=False math=False
attention_mode:gqa num_heads:8 num_kv_heads:4
tie_embeddings:True embed_lr:0.035 head_lr:0.0 matrix_lr:0.025 scalar_lr:0.025
train_batch_tokens:786432 train_seq_len:2048 iterations:20000 warmup_steps:20 max_wallclock_seconds:180.000
seed:1337
warmup_step:1/20
warmup_step:2/20
warmup_step:3/20
warmup_step:4/20
warmup_step:5/20
warmup_step:6/20
warmup_step:7/20
warmup_step:8/20
warmup_step:9/20
warmup_step:10/20
warmup_step:11/20
warmup_step:12/20
warmup_step:13/20
warmup_step:14/20
warmup_step:15/20
warmup_step:16/20
warmup_step:17/20
warmup_step:18/20
warmup_step:19/20
warmup_step:20/20
step:0/20000 val_loss:6.9309 val_bpb:4.1049 train_time:0ms step_avg:0.02ms
step:1/20000 train_loss:6.9314 train_time:162ms step_avg:162.05ms
step:2/20000 train_loss:8.8509 train_time:240ms step_avg:120.11ms
step:3/20000 train_loss:8.2545 train_time:368ms step_avg:122.78ms
step:4/20000 train_loss:7.4720 train_time:497ms step_avg:124.37ms
step:5/20000 train_loss:6.8022 train_time:626ms step_avg:125.20ms
step:6/20000 train_loss:6.4079 train_time:754ms step_avg:125.71ms
step:7/20000 train_loss:6.2252 train_time:882ms step_avg:126.00ms
step:8/20000 train_loss:6.0751 train_time:1010ms step_avg:126.31ms
step:9/20000 train_loss:6.0179 train_time:1143ms step_avg:126.97ms
step:10/20000 train_loss:5.9370 train_time:1275ms step_avg:127.53ms
step:100/20000 train_loss:3.4175 train_time:12968ms step_avg:129.68ms
step:200/20000 train_loss:2.6693 train_time:26031ms step_avg:130.15ms
step:200/20000 val_loss:2.8135 val_bpb:1.6663 train_time:26084ms step_avg:130.42ms
step:300/20000 train_loss:2.6088 train_time:39126ms step_avg:130.42ms
step:400/20000 train_loss:2.4753 train_time:52228ms step_avg:130.57ms
step:400/20000 val_loss:2.4814 val_bpb:1.4696 train_time:52282ms step_avg:130.71ms
step:500/20000 train_loss:2.4129 train_time:65257ms step_avg:130.51ms
step:600/20000 train_loss:2.3842 train_time:78317ms step_avg:130.53ms
step:600/20000 val_loss:2.3558 val_bpb:1.3953 train_time:78371ms step_avg:130.62ms
swa:start step:700
step:700/20000 train_loss:2.4170 train_time:91379ms step_avg:130.54ms
step:800/20000 train_loss:2.2612 train_time:104577ms step_avg:130.72ms
step:800/20000 val_loss:2.2830 val_bpb:1.3521 train_time:104688ms step_avg:130.86ms
late_qat:enabled step:851 scale:0.1498
step:900/20000 train_loss:2.1390 train_time:117792ms step_avg:130.88ms
step:1000/20000 train_loss:2.2820 train_time:130940ms step_avg:130.94ms
step:1000/20000 val_loss:2.2353 val_bpb:1.3239 train_time:131042ms step_avg:131.04ms
step:1100/20000 train_loss:2.2581 train_time:144126ms step_avg:131.02ms
step:1200/20000 train_loss:2.2703 train_time:157329ms step_avg:131.11ms
step:1200/20000 val_loss:2.1984 val_bpb:1.3020 train_time:157440ms step_avg:131.20ms
step:1300/20000 train_loss:2.2741 train_time:170514ms step_avg:131.16ms
step:1372/20000 val_loss:2.1777 val_bpb:1.2898 train_time:180067ms step_avg:131.24ms
stopping_early: wallclock_cap train_time:180067ms step:1372/20000
peak memory allocated: 18756 MiB reserved: 18986 MiB
ema:applying EMA weights
DIAGNOSTIC post_ema val_loss:2.2166 val_bpb:1.3128 eval_time:3287ms
Serialized model: 94593834 bytes
Code size: 103019 bytes
gptq:building non-banked model for Hessian collection...
gptq:generating autoregressive calibration data (64 seqs x 2048 tokens, temp=0.8)...
gptq:generated 64 sequences in 128.1s
gptq:collecting hessians from autoregressive data...
gptq:collected hessians for 50 layers (AR self-gen)
selective_prune: 9791734 ±1 candidates, unpruned=7.35MB target=15.9MB
selective_prune: already fits, no pruning needed
Serialized model int6+lzma: 7605180 bytes
Total submission size int6+lzma: 7708199 bytes
final_int6_roundtrip val_loss:2.4702 val_bpb:1.4630 eval_time:13946ms
final_int6_roundtrip_exact val_loss:2.47023700 val_bpb:1.46301349
final_int6_sliding_window_s64 val_loss:2.4317 val_bpb:1.4402 stride:64 eval_time:126580ms
final_int6_sliding_window_s64_exact val_loss:2.43167196 val_bpb:1.44017692
final_int8_zlib_roundtrip_exact val_loss:2.43167196 val_bpb:1.44017692
