W0403 00:19:29.817000 124913 site-packages/torch/distributed/run.py:851] 
W0403 00:19:29.817000 124913 site-packages/torch/distributed/run.py:851] *****************************************
W0403 00:19:29.817000 124913 site-packages/torch/distributed/run.py:851] Setting OMP_NUM_THREADS environment variable for each process to be 1 in default, to avoid your system being overloaded, please further tune the variable for optimal performance in your application as needed. 
W0403 00:19:29.817000 124913 site-packages/torch/distributed/run.py:851] *****************************************
logs/A3_7L_mlp4x.txt
val_bpb:enabled tokenizer_kind=sentencepiece tokenizer_path=./data/tokenizers/fineweb_1024_bpe.model
train_loader:dataset:fineweb10B_sp1024 train_shards:10
val_loader:shards pattern=./data/datasets/fineweb10B_sp1024/fineweb_val_*.bin tokens:62021632
model_params:21217340
mtp_num_heads:0 mtp_loss_weight:0.2 mtp_params:0
XSA:last_7 active_layers:[0, 1, 2, 3, 4, 5, 6]
world_size:4 grad_accum_steps:2
sdp_backends:cudnn=False flash=True mem_efficient=False math=False
attention_mode:gqa num_heads:8 num_kv_heads:4
tie_embeddings:True embed_lr:0.035 head_lr:0.0 matrix_lr:0.025 scalar_lr:0.025
train_batch_tokens:786432 train_seq_len:2048 iterations:20000 warmup_steps:20 max_wallclock_seconds:180.000
seed:1337
warmup_step:1/20
warmup_step:2/20
warmup_step:3/20
warmup_step:4/20
warmup_step:5/20
warmup_step:6/20
warmup_step:7/20
warmup_step:8/20
warmup_step:9/20
warmup_step:10/20
warmup_step:11/20
warmup_step:12/20
warmup_step:13/20
warmup_step:14/20
warmup_step:15/20
warmup_step:16/20
warmup_step:17/20
warmup_step:18/20
warmup_step:19/20
warmup_step:20/20
step:0/20000 val_loss:6.9309 val_bpb:4.1049 train_time:0ms step_avg:0.02ms
step:1/20000 train_loss:6.9314 train_time:155ms step_avg:154.81ms
step:2/20000 train_loss:8.8852 train_time:218ms step_avg:109.02ms
step:3/20000 train_loss:8.2630 train_time:331ms step_avg:110.33ms
step:4/20000 train_loss:7.4365 train_time:444ms step_avg:111.01ms
step:5/20000 train_loss:6.7559 train_time:558ms step_avg:111.51ms
step:6/20000 train_loss:6.3797 train_time:671ms step_avg:111.80ms
step:7/20000 train_loss:6.2170 train_time:784ms step_avg:112.05ms
step:8/20000 train_loss:6.1328 train_time:898ms step_avg:112.29ms
step:9/20000 train_loss:6.1204 train_time:1012ms step_avg:112.42ms
step:10/20000 train_loss:6.0150 train_time:1131ms step_avg:113.11ms
step:100/20000 train_loss:3.4199 train_time:11463ms step_avg:114.63ms
step:200/20000 train_loss:2.6493 train_time:23024ms step_avg:115.12ms
step:200/20000 val_loss:2.7999 val_bpb:1.6583 train_time:23079ms step_avg:115.39ms
step:300/20000 train_loss:2.6102 train_time:34586ms step_avg:115.29ms
step:400/20000 train_loss:2.4815 train_time:46143ms step_avg:115.36ms
step:400/20000 val_loss:2.4855 val_bpb:1.4721 train_time:46198ms step_avg:115.49ms
step:500/20000 train_loss:2.4128 train_time:57651ms step_avg:115.30ms
step:600/20000 train_loss:2.3923 train_time:69168ms step_avg:115.28ms
step:600/20000 val_loss:2.3616 val_bpb:1.3987 train_time:69222ms step_avg:115.37ms
step:700/20000 train_loss:2.4243 train_time:80705ms step_avg:115.29ms
step:800/20000 train_loss:2.2685 train_time:92233ms step_avg:115.29ms
step:800/20000 val_loss:2.2896 val_bpb:1.3560 train_time:92287ms step_avg:115.36ms
swa:start step:900
step:900/20000 train_loss:2.1437 train_time:103784ms step_avg:115.32ms
step:1000/20000 train_loss:2.2907 train_time:115397ms step_avg:115.40ms
step:1000/20000 val_loss:2.2436 val_bpb:1.3288 train_time:115480ms step_avg:115.48ms
late_qat:enabled step:1034 scale:0.1497
step:1100/20000 train_loss:2.2674 train_time:127020ms step_avg:115.47ms
step:1200/20000 train_loss:2.2777 train_time:138625ms step_avg:115.52ms
step:1200/20000 val_loss:2.2076 val_bpb:1.3075 train_time:138710ms step_avg:115.59ms
step:1300/20000 train_loss:2.2816 train_time:150193ms step_avg:115.53ms
step:1400/20000 train_loss:2.2043 train_time:161765ms step_avg:115.55ms
step:1400/20000 val_loss:2.1767 val_bpb:1.2892 train_time:161848ms step_avg:115.61ms
step:1500/20000 train_loss:2.2320 train_time:173327ms step_avg:115.55ms
step:1558/20000 val_loss:2.1603 val_bpb:1.2794 train_time:180115ms step_avg:115.61ms
stopping_early: wallclock_cap train_time:180115ms step:1558/20000
peak memory allocated: 16545 MiB reserved: 16808 MiB
ema:applying EMA weights
DIAGNOSTIC post_ema val_loss:2.1834 val_bpb:1.2931 eval_time:2896ms
Serialized model: 83048038 bytes
Code size: 103019 bytes
gptq:building non-banked model for Hessian collection...
gptq:generating autoregressive calibration data (64 seqs x 2048 tokens, temp=0.8)...
gptq:generated 64 sequences in 115.2s
gptq:collecting hessians from autoregressive data...
gptq:collected hessians for 44 layers (AR self-gen)
selective_prune: 8698757 ±1 candidates, unpruned=6.97MB target=15.9MB
selective_prune: already fits, no pruning needed
Serialized model int6+lzma: 7200764 bytes
Total submission size int6+lzma: 7303783 bytes
final_int6_roundtrip val_loss:2.3544 val_bpb:1.3944 eval_time:12299ms
final_int6_roundtrip_exact val_loss:2.35442539 val_bpb:1.39442333
final_int6_sliding_window_s64 val_loss:2.3157 val_bpb:1.3715 stride:64 eval_time:115682ms
final_int6_sliding_window_s64_exact val_loss:2.31566702 val_bpb:1.37147208
final_int8_zlib_roundtrip_exact val_loss:2.31566702 val_bpb:1.37147208
