logs/811a3f6b-c46a-4d7a-ac7d-5cd213236174.txt
val_bpb:enabled tokenizer_kind=sentencepiece tokenizer_path=./data/tokenizers/fineweb_1024_bpe.model
train_loader:dataset:fineweb10B_sp1024 train_shards:10
val_loader:shards pattern=./data/datasets/fineweb10B_sp1024/fineweb_val_*.bin tokens:62021632
model_params:15880264
world_size:1 grad_accum_steps:8
sdp_backends:cudnn=False flash=True mem_efficient=False math=False
attention_mode:gqa num_heads:8 num_kv_heads:2
tie_embeddings:True embed_lr:0.05 head_lr:0.0 matrix_lr:0.04 scalar_lr:0.04
train_batch_tokens:524288 train_seq_len:1024 iterations:20000 warmup_steps:20 max_wallclock_seconds:540.000
seed:1337
warmup_step:1/20
warmup_step:2/20
warmup_step:3/20
warmup_step:4/20
warmup_step:5/20
warmup_step:6/20
warmup_step:7/20
warmup_step:8/20
warmup_step:9/20
warmup_step:10/20
warmup_step:11/20
warmup_step:12/20
warmup_step:13/20
warmup_step:14/20
warmup_step:15/20
warmup_step:16/20
warmup_step:17/20
warmup_step:18/20
warmup_step:19/20
warmup_step:20/20
step:0/20000 val_loss:6.9378 val_bpb:4.1090 train_time:0ms step_avg:0.02ms
step:1/20000 train_loss:6.9380 train_time:312ms step_avg:312.43ms
step:2/20000 train_loss:16.6609 train_time:625ms step_avg:312.56ms
step:3/20000 train_loss:8.6895 train_time:937ms step_avg:312.48ms
step:4/20000 train_loss:6.5182 train_time:1250ms step_avg:312.50ms
step:5/20000 train_loss:6.6450 train_time:1562ms step_avg:312.49ms
step:6/20000 train_loss:6.6757 train_time:1875ms step_avg:312.46ms
step:7/20000 train_loss:6.3339 train_time:2187ms step_avg:312.44ms
step:8/20000 train_loss:6.1687 train_time:2499ms step_avg:312.41ms
step:9/20000 train_loss:6.0536 train_time:2812ms step_avg:312.44ms
step:10/20000 train_loss:5.9754 train_time:3125ms step_avg:312.46ms
step:200/20000 train_loss:2.8015 train_time:64168ms step_avg:320.84ms
step:400/20000 train_loss:2.3958 train_time:128596ms step_avg:321.49ms
step:600/20000 train_loss:2.4903 train_time:193152ms step_avg:321.92ms
step:800/20000 train_loss:2.3321 train_time:257726ms step_avg:322.16ms
step:1000/20000 train_loss:2.3464 train_time:322337ms step_avg:322.34ms
step:1000/20000 val_loss:2.3143 val_bpb:1.3706 train_time:322337ms step_avg:322.34ms
step:1200/20000 train_loss:2.2677 train_time:386283ms step_avg:321.90ms
step:1400/20000 train_loss:2.2957 train_time:450453ms step_avg:321.75ms
step:1600/20000 train_loss:2.1837 train_time:514524ms step_avg:321.58ms
step:1680/20000 val_loss:2.2201 val_bpb:1.3149 train_time:540126ms step_avg:321.50ms
stopping_early: wallclock_cap train_time:540126ms step:1680/20000
peak memory allocated: 9814 MiB reserved: 9896 MiB
Serialized model: 62506391 bytes
Code size: 47693 bytes
Total submission size: 62554084 bytes
Serialized model int8+zlib: 14560584 bytes (payload:17169696 raw_torch:17209405 payload_ratio:3.64x)
Total submission size int8+zlib: 14608277 bytes
final_int8_zlib_roundtrip val_loss:2.2221 val_bpb:1.3160 eval_time:10387ms
final_int8_zlib_roundtrip_exact val_loss:2.22205572 val_bpb:1.31602656
