logs/019be3db-3972-4c0f-b947-833ea1f1361f.txt
val_bpb:enabled tokenizer_kind=sentencepiece tokenizer_path=./data/tokenizers/fineweb_1024_bpe.model
train_loader:dataset:fineweb10B_sp1024 train_shards:10
val_loader:shards pattern=./data/datasets/fineweb10B_sp1024/fineweb_val_*.bin tokens:62021632
model_params:17059912
world_size:1 grad_accum_steps:8
sdp_backends:cudnn=False flash=True mem_efficient=False math=False
attention_mode:gqa num_heads:8 num_kv_heads:4
tie_embeddings:True embed_lr:0.05 head_lr:0.0 matrix_lr:0.04 scalar_lr:0.04
train_batch_tokens:524288 train_seq_len:1024 iterations:20000 warmup_steps:20 max_wallclock_seconds:540.000
seed:1337
warmup_step:1/20
warmup_step:2/20
warmup_step:3/20
warmup_step:4/20
warmup_step:5/20
warmup_step:6/20
warmup_step:7/20
warmup_step:8/20
warmup_step:9/20
warmup_step:10/20
warmup_step:11/20
warmup_step:12/20
warmup_step:13/20
warmup_step:14/20
warmup_step:15/20
warmup_step:16/20
warmup_step:17/20
warmup_step:18/20
warmup_step:19/20
warmup_step:20/20
step:0/20000 val_loss:6.9357 val_bpb:4.1077 train_time:0ms step_avg:0.01ms
step:1/20000 train_loss:6.9357 train_time:329ms step_avg:329.04ms
step:2/20000 train_loss:16.7413 train_time:658ms step_avg:328.78ms
step:3/20000 train_loss:8.7525 train_time:986ms step_avg:328.64ms
step:4/20000 train_loss:6.5885 train_time:1315ms step_avg:328.66ms
step:5/20000 train_loss:6.6520 train_time:1645ms step_avg:328.97ms
step:6/20000 train_loss:6.7002 train_time:1974ms step_avg:328.94ms
step:7/20000 train_loss:6.3337 train_time:2307ms step_avg:329.60ms
step:8/20000 train_loss:6.1813 train_time:2642ms step_avg:330.25ms
step:9/20000 train_loss:6.0841 train_time:2976ms step_avg:330.63ms
step:10/20000 train_loss:5.9959 train_time:3311ms step_avg:331.09ms
step:200/20000 train_loss:2.7941 train_time:67082ms step_avg:335.41ms
step:400/20000 train_loss:2.3991 train_time:134298ms step_avg:335.74ms
step:600/20000 train_loss:2.4957 train_time:201275ms step_avg:335.46ms
step:800/20000 train_loss:2.3312 train_time:267904ms step_avg:334.88ms
step:1000/20000 train_loss:2.3383 train_time:333929ms step_avg:333.93ms
step:1000/20000 val_loss:2.3082 val_bpb:1.3671 train_time:333929ms step_avg:333.93ms
step:1200/20000 train_loss:2.2597 train_time:400498ms step_avg:333.75ms
step:1400/20000 train_loss:2.2858 train_time:467399ms step_avg:333.86ms
step:1600/20000 train_loss:2.1757 train_time:534380ms step_avg:333.99ms
step:1617/20000 val_loss:2.2151 val_bpb:1.3119 train_time:540065ms step_avg:333.99ms
stopping_early: wallclock_cap train_time:540065ms step:1617/20000
peak memory allocated: 10303 MiB reserved: 10622 MiB
Serialized model: 67224983 bytes
Code size: 47693 bytes
Total submission size: 67272676 bytes
Serialized model int8+zlib: 15259302 bytes (payload:17178912 raw_torch:17224025 payload_ratio:3.91x)
Total submission size int8+zlib: 15306995 bytes
final_int8_zlib_roundtrip val_loss:2.2168 val_bpb:1.3129 eval_time:10853ms
final_int8_zlib_roundtrip_exact val_loss:2.21677284 val_bpb:1.31289774
