W0410 09:54:23.607000 62614 torch/distributed/run.py:851] 
W0410 09:54:23.607000 62614 torch/distributed/run.py:851] *****************************************
W0410 09:54:23.607000 62614 torch/distributed/run.py:851] Setting OMP_NUM_THREADS environment variable for each process to be 1 in default, to avoid your system being overloaded, please further tune the variable for optimal performance in your application as needed. 
W0410 09:54:23.607000 62614 torch/distributed/run.py:851] *****************************************
logs/a4f59b69-d191-4edc-acdd-e8a19cd9d9b0.txt
val_bpb:enabled tokenizer_kind=sentencepiece tokenizer_path=./data/tokenizers/fineweb_1024_bpe.model
train_loader:dataset:fineweb10B_sp1024 train_shards:10
val_loader:shards pattern=./data/datasets/fineweb10B_sp1024/fineweb_val_*.bin tokens:62021632
model_params:11766232
world_size:2 grad_accum_steps:4
sdp_backends:cudnn=False flash=True mem_efficient=False math=False
attention_mode:gqa num_heads:8 num_kv_heads:4
tie_embeddings:True embed_lr:0.05 head_lr:0.0 matrix_lr:0.04 scalar_lr:0.04
train_batch_tokens:524288 train_seq_len:1024 iterations:20000 warmup_steps:20 max_wallclock_seconds:180.000
seed:1337
warmup_step:1/20
warmup_step:2/20
warmup_step:3/20
warmup_step:4/20
warmup_step:5/20
warmup_step:6/20
warmup_step:7/20
warmup_step:8/20
warmup_step:9/20
warmup_step:10/20
warmup_step:11/20
warmup_step:12/20
warmup_step:13/20
warmup_step:14/20
warmup_step:15/20
warmup_step:16/20
warmup_step:17/20
warmup_step:18/20
warmup_step:19/20
warmup_step:20/20
step:0/20000 val_loss:6.9332 val_bpb:4.1062 train_time:0ms step_avg:0.01ms
step:1/20000 train_loss:6.9326 train_time:230ms step_avg:229.83ms
step:2/20000 train_loss:13.2216 train_time:455ms step_avg:227.73ms
step:3/20000 train_loss:8.2497 train_time:681ms step_avg:226.84ms
step:4/20000 train_loss:6.3193 train_time:906ms step_avg:226.48ms
step:5/20000 train_loss:6.1851 train_time:1132ms step_avg:226.30ms
step:6/20000 train_loss:6.4875 train_time:1357ms step_avg:226.17ms
step:7/20000 train_loss:6.2235 train_time:1582ms step_avg:226.04ms
step:8/20000 train_loss:6.1002 train_time:1808ms step_avg:225.99ms
step:9/20000 train_loss:6.0048 train_time:2035ms step_avg:226.08ms
step:10/20000 train_loss:5.9327 train_time:2261ms step_avg:226.14ms
step:200/20000 train_loss:2.7750 train_time:45419ms step_avg:227.10ms
step:400/20000 train_loss:2.3746 train_time:90992ms step_avg:227.48ms
step:600/20000 train_loss:2.5247 train_time:136492ms step_avg:227.49ms
step:793/20000 val_loss:2.3792 val_bpb:1.4091 train_time:180045ms step_avg:227.04ms
stopping_early: wallclock_cap train_time:180045ms step:793/20000
peak memory allocated: 9590 MiB reserved: 9708 MiB
Serialized model: 46319671 bytes
Code size: 47693 bytes
Total submission size: 46367364 bytes
Serialized model int8+zlib: 8234320 bytes (payload:11875680 raw_torch:11930585 payload_ratio:3.90x)
Total submission size int8+zlib: 8282013 bytes
