W0402 03:06:45.720000 7301 torch/distributed/run.py:792] 
W0402 03:06:45.720000 7301 torch/distributed/run.py:792] *****************************************
W0402 03:06:45.720000 7301 torch/distributed/run.py:792] Setting OMP_NUM_THREADS environment variable for each process to be 1 in default, to avoid your system being overloaded, please further tune the variable for optimal performance in your application as needed. 
W0402 03:06:45.720000 7301 torch/distributed/run.py:792] *****************************************
[rank5]:[W402 03:07:08.446481376 ProcessGroupNCCL.cpp:4561] [PG ID 0 PG GUID 0 Rank 5]  using GPU 5 to perform barrier as devices used by this process are currently unknown. This can potentially cause a hang if this rank to GPU mapping is incorrect. Specify device_ids in barrier() to force use of a particular device, or call init_process_group() with a device_id.
[rank6]:[W402 03:07:09.554824005 ProcessGroupNCCL.cpp:4561] [PG ID 0 PG GUID 0 Rank 6]  using GPU 6 to perform barrier as devices used by this process are currently unknown. This can potentially cause a hang if this rank to GPU mapping is incorrect. Specify device_ids in barrier() to force use of a particular device, or call init_process_group() with a device_id.
[rank7]:[W402 03:07:09.947182069 ProcessGroupNCCL.cpp:4561] [PG ID 0 PG GUID 0 Rank 7]  using GPU 7 to perform barrier as devices used by this process are currently unknown. This can potentially cause a hang if this rank to GPU mapping is incorrect. Specify device_ids in barrier() to force use of a particular device, or call init_process_group() with a device_id.
[rank3]:[W402 03:07:09.981423273 ProcessGroupNCCL.cpp:4561] [PG ID 0 PG GUID 0 Rank 3]  using GPU 3 to perform barrier as devices used by this process are currently unknown. This can potentially cause a hang if this rank to GPU mapping is incorrect. Specify device_ids in barrier() to force use of a particular device, or call init_process_group() with a device_id.
[rank0]:[W402 03:07:09.061453903 ProcessGroupNCCL.cpp:4561] [PG ID 0 PG GUID 0 Rank 0]  using GPU 0 to perform barrier as devices used by this process are currently unknown. This can potentially cause a hang if this rank to GPU mapping is incorrect. Specify device_ids in barrier() to force use of a particular device, or call init_process_group() with a device_id.
[rank1]:[W402 03:07:09.141695589 ProcessGroupNCCL.cpp:4561] [PG ID 0 PG GUID 0 Rank 1]  using GPU 1 to perform barrier as devices used by this process are currently unknown. This can potentially cause a hang if this rank to GPU mapping is incorrect. Specify device_ids in barrier() to force use of a particular device, or call init_process_group() with a device_id.
[rank2]:[W402 03:07:09.142285674 ProcessGroupNCCL.cpp:4561] [PG ID 0 PG GUID 0 Rank 2]  using GPU 2 to perform barrier as devices used by this process are currently unknown. This can potentially cause a hang if this rank to GPU mapping is incorrect. Specify device_ids in barrier() to force use of a particular device, or call init_process_group() with a device_id.
[rank4]:[W402 03:07:09.143513526 ProcessGroupNCCL.cpp:4561] [PG ID 0 PG GUID 0 Rank 4]  using GPU 4 to perform barrier as devices used by this process are currently unknown. This can potentially cause a hang if this rank to GPU mapping is incorrect. Specify device_ids in barrier() to force use of a particular device, or call init_process_group() with a device_id.
logs/p1_baseline.txt
val_bpb:enabled tokenizer_kind=sentencepiece tokenizer_path=/home/ubuntu/parameter-golf/data/tokenizers/fineweb_1024_bpe.model
train_loader:dataset:fineweb10B_sp1024 train_shards:80
val_loader:shards pattern=/home/ubuntu/parameter-golf/data/datasets/fineweb10B_sp1024/fineweb_val_*.bin tokens:62021632
model_params:27067484
mtp_num_heads:0 mtp_loss_weight:0.2 mtp_params:0
XSA:last_11 active_layers:[0, 1, 2, 3, 4, 5, 6, 7, 8, 9, 10]
world_size:8 grad_accum_steps:1
sdp_backends:cudnn=False flash=True mem_efficient=False math=False
attention_mode:gqa num_heads:8 num_kv_heads:4
tie_embeddings:True embed_lr:0.035 head_lr:0.0 matrix_lr:0.025 scalar_lr:0.025
train_batch_tokens:524288 train_seq_len:1024 iterations:20000 warmup_steps:20 max_wallclock_seconds:90.000
seed:1337
warmup_step:1/20
warmup_step:2/20
warmup_step:3/20
warmup_step:4/20
warmup_step:5/20
warmup_step:6/20
warmup_step:7/20
warmup_step:8/20
warmup_step:9/20
warmup_step:10/20
warmup_step:11/20
warmup_step:12/20
warmup_step:13/20
warmup_step:14/20
warmup_step:15/20
warmup_step:16/20
warmup_step:17/20
warmup_step:18/20
warmup_step:19/20
warmup_step:20/20
step:0/20000 val_loss:6.9292 val_bpb:4.1038 train_time:0ms step_avg:0.03ms
step:1/20000 train_loss:6.9296 train_time:326ms step_avg:325.96ms
late_qat:enabled step:1 scale:0.0687
step:2/20000 train_loss:8.4188 train_time:595ms step_avg:297.74ms
step:3/20000 train_loss:8.3724 train_time:902ms step_avg:300.76ms
step:4/20000 train_loss:8.2231 train_time:1209ms step_avg:302.35ms
step:5/20000 train_loss:7.8408 train_time:1517ms step_avg:303.36ms
step:6/20000 train_loss:8.0062 train_time:1824ms step_avg:303.92ms
step:7/20000 train_loss:7.3538 train_time:2130ms step_avg:304.34ms
step:8/20000 train_loss:7.2800 train_time:2437ms step_avg:304.66ms
step:9/20000 train_loss:7.0111 train_time:2745ms step_avg:304.98ms
step:10/20000 train_loss:6.7195 train_time:3052ms step_avg:305.21ms
swa:start step:50
step:200/20000 val_loss:3.5389 val_bpb:2.0959 train_time:61979ms step_avg:309.89ms
step:292/20000 val_loss:3.4242 val_bpb:2.0280 train_time:90316ms step_avg:309.30ms
stopping_early: wallclock_cap train_time:90316ms step:292/20000
peak memory allocated: 23523 MiB reserved: 23992 MiB
ema:applying EMA weights
DIAGNOSTIC post_ema val_loss:5.7860 val_bpb:3.4268 eval_time:10919ms
Serialized model: 106289185 bytes
Code size: 125477 bytes
gptq:building non-banked model for Hessian collection...
gptq:generating autoregressive calibration data (64 seqs x 2048 tokens, temp=0.8)...
gptq:generated 64 sequences in 165.6s
gptq:collecting hessians from autoregressive data...
gptq:collected hessians for 68 layers (AR self-gen)
selective_prune: 6706816 ±1 candidates, unpruned=4.98MB target=15.9MB
selective_prune: already fits, no pruning needed
Serialized model int6+lzma: 5094316 bytes
Total submission size int6+lzma: 5219793 bytes
final_int6_roundtrip val_loss:7.1769 val_bpb:4.2506 eval_time:11218ms
final_int6_roundtrip_exact val_loss:7.17690703 val_bpb:4.25056860
final_int6_sliding_window val_loss:7.1821 val_bpb:4.2537 stride:64 eval_time:363099ms
final_int6_sliding_window_exact val_loss:7.18214751 val_bpb:4.25368356
final_int8_zlib_roundtrip_exact val_loss:7.18214751 val_bpb:4.25368356
