W0402 04:00:03.913000 11047 torch/distributed/run.py:792] 
W0402 04:00:03.913000 11047 torch/distributed/run.py:792] *****************************************
W0402 04:00:03.913000 11047 torch/distributed/run.py:792] Setting OMP_NUM_THREADS environment variable for each process to be 1 in default, to avoid your system being overloaded, please further tune the variable for optimal performance in your application as needed. 
W0402 04:00:03.913000 11047 torch/distributed/run.py:792] *****************************************
[rank6]:[W402 04:00:27.134636946 ProcessGroupNCCL.cpp:4561] [PG ID 0 PG GUID 0 Rank 6]  using GPU 6 to perform barrier as devices used by this process are currently unknown. This can potentially cause a hang if this rank to GPU mapping is incorrect. Specify device_ids in barrier() to force use of a particular device, or call init_process_group() with a device_id.
[rank3]:[W402 04:00:27.170301464 ProcessGroupNCCL.cpp:4561] [PG ID 0 PG GUID 0 Rank 3]  using GPU 3 to perform barrier as devices used by this process are currently unknown. This can potentially cause a hang if this rank to GPU mapping is incorrect. Specify device_ids in barrier() to force use of a particular device, or call init_process_group() with a device_id.
[rank7]:[W402 04:00:27.254504507 ProcessGroupNCCL.cpp:4561] [PG ID 0 PG GUID 0 Rank 7]  using GPU 7 to perform barrier as devices used by this process are currently unknown. This can potentially cause a hang if this rank to GPU mapping is incorrect. Specify device_ids in barrier() to force use of a particular device, or call init_process_group() with a device_id.
[rank2]:[W402 04:00:27.363327999 ProcessGroupNCCL.cpp:4561] [PG ID 0 PG GUID 0 Rank 2]  using GPU 2 to perform barrier as devices used by this process are currently unknown. This can potentially cause a hang if this rank to GPU mapping is incorrect. Specify device_ids in barrier() to force use of a particular device, or call init_process_group() with a device_id.
[rank0]:[W402 04:00:28.529967864 ProcessGroupNCCL.cpp:4561] [PG ID 0 PG GUID 0 Rank 0]  using GPU 0 to perform barrier as devices used by this process are currently unknown. This can potentially cause a hang if this rank to GPU mapping is incorrect. Specify device_ids in barrier() to force use of a particular device, or call init_process_group() with a device_id.
[rank4]:[W402 04:00:28.653899002 ProcessGroupNCCL.cpp:4561] [PG ID 0 PG GUID 0 Rank 4]  using GPU 4 to perform barrier as devices used by this process are currently unknown. This can potentially cause a hang if this rank to GPU mapping is incorrect. Specify device_ids in barrier() to force use of a particular device, or call init_process_group() with a device_id.
[rank1]:[W402 04:00:28.653898992 ProcessGroupNCCL.cpp:4561] [PG ID 0 PG GUID 0 Rank 1]  using GPU 1 to perform barrier as devices used by this process are currently unknown. This can potentially cause a hang if this rank to GPU mapping is incorrect. Specify device_ids in barrier() to force use of a particular device, or call init_process_group() with a device_id.
[rank5]:[W402 04:00:28.653977841 ProcessGroupNCCL.cpp:4561] [PG ID 0 PG GUID 0 Rank 5]  using GPU 5 to perform barrier as devices used by this process are currently unknown. This can potentially cause a hang if this rank to GPU mapping is incorrect. Specify device_ids in barrier() to force use of a particular device, or call init_process_group() with a device_id.
logs/p1_leaky_relu2.txt
val_bpb:enabled tokenizer_kind=sentencepiece tokenizer_path=/home/ubuntu/parameter-golf/data/tokenizers/fineweb_1024_bpe.model
train_loader:dataset:fineweb10B_sp1024 train_shards:80
val_loader:shards pattern=/home/ubuntu/parameter-golf/data/datasets/fineweb10B_sp1024/fineweb_val_*.bin tokens:62021632
model_params:27067484
mtp_num_heads:0 mtp_loss_weight:0.2 mtp_params:0
XSA:last_11 active_layers:[0, 1, 2, 3, 4, 5, 6, 7, 8, 9, 10]
world_size:8 grad_accum_steps:1
sdp_backends:cudnn=False flash=True mem_efficient=False math=False
attention_mode:gqa num_heads:8 num_kv_heads:4
tie_embeddings:True embed_lr:0.035 head_lr:0.0 matrix_lr:0.025 scalar_lr:0.025
train_batch_tokens:524288 train_seq_len:1024 iterations:20000 warmup_steps:20 max_wallclock_seconds:90.000
seed:1337
warmup_step:1/20
warmup_step:2/20
warmup_step:3/20
warmup_step:4/20
warmup_step:5/20
warmup_step:6/20
warmup_step:7/20
warmup_step:8/20
warmup_step:9/20
warmup_step:10/20
warmup_step:11/20
warmup_step:12/20
warmup_step:13/20
warmup_step:14/20
warmup_step:15/20
warmup_step:16/20
warmup_step:17/20
warmup_step:18/20
warmup_step:19/20
warmup_step:20/20
step:0/20000 val_loss:6.9292 val_bpb:4.1038 train_time:0ms step_avg:0.01ms
step:1/20000 train_loss:6.9296 train_time:315ms step_avg:314.85ms
late_qat:enabled step:1 scale:0.0684
step:2/20000 train_loss:8.4188 train_time:593ms step_avg:296.69ms
step:3/20000 train_loss:8.3726 train_time:903ms step_avg:301.15ms
step:4/20000 train_loss:8.2240 train_time:1211ms step_avg:302.75ms
step:5/20000 train_loss:7.8418 train_time:1518ms step_avg:303.63ms
step:6/20000 train_loss:8.0074 train_time:1826ms step_avg:304.29ms
step:7/20000 train_loss:7.3553 train_time:2133ms step_avg:304.76ms
step:8/20000 train_loss:7.2815 train_time:2441ms step_avg:305.10ms
step:9/20000 train_loss:7.0129 train_time:2748ms step_avg:305.36ms
step:10/20000 train_loss:6.7212 train_time:3055ms step_avg:305.54ms
swa:start step:50
step:200/20000 val_loss:3.5399 val_bpb:2.0966 train_time:62065ms step_avg:310.33ms
step:291/20000 val_loss:3.4259 val_bpb:2.0290 train_time:90131ms step_avg:309.73ms
stopping_early: wallclock_cap train_time:90131ms step:291/20000
peak memory allocated: 23523 MiB reserved: 23992 MiB
ema:applying EMA weights
DIAGNOSTIC post_ema val_loss:5.7816 val_bpb:3.4242 eval_time:10905ms
Serialized model: 106289185 bytes
Code size: 125477 bytes
gptq:building non-banked model for Hessian collection...
gptq:generating autoregressive calibration data (64 seqs x 2048 tokens, temp=0.8)...
gptq:generated 64 sequences in 88.0s
gptq:collecting hessians from autoregressive data...
gptq:collected hessians for 68 layers (AR self-gen)
selective_prune: 6717864 ±1 candidates, unpruned=5.00MB target=15.9MB
selective_prune: already fits, no pruning needed
Serialized model int6+lzma: 5121972 bytes
Total submission size int6+lzma: 5247449 bytes
final_int6_roundtrip val_loss:7.1653 val_bpb:4.2437 eval_time:11613ms
final_int6_roundtrip_exact val_loss:7.16530736 val_bpb:4.24369862
final_int6_sliding_window val_loss:7.1702 val_bpb:4.2466 stride:64 eval_time:362099ms
final_int6_sliding_window_exact val_loss:7.17020589 val_bpb:4.24661105
final_int8_zlib_roundtrip_exact val_loss:7.17020589 val_bpb:4.24661105
