W0402 06:07:12.533000 32312 torch/distributed/run.py:851] 
W0402 06:07:12.533000 32312 torch/distributed/run.py:851] *****************************************
W0402 06:07:12.533000 32312 torch/distributed/run.py:851] Setting OMP_NUM_THREADS environment variable for each process to be 1 in default, to avoid your system being overloaded, please further tune the variable for optimal performance in your application as needed. 
W0402 06:07:12.533000 32312 torch/distributed/run.py:851] *****************************************
/workspace/parameter-golf/.venv/lib/python3.12/site-packages/torch/distributed/c10d_logger.py:83: UserWarning: barrier(): using the device under current context. You can specify `device_id` in `init_process_group` to mute this warning.
  return func(*args, **kwargs)
[rank0]:[W402 06:07:21.777019677 ProcessGroupNCCL.cpp:5188] Guessing device ID based on global rank. This can cause a hang if rank to GPU mapping is heterogeneous. You can specify device_id in init_process_group()
logs/p1_leaky_relu2.txt
val_bpb:enabled tokenizer_kind=sentencepiece tokenizer_path=/workspace/parameter-golf/data/tokenizers/fineweb_1024_bpe.model
train_loader:dataset:fineweb10B_sp1024 train_shards:80
val_loader:shards pattern=/workspace/parameter-golf/data/datasets/fineweb10B_sp1024/fineweb_val_*.bin tokens:62021632
model_params:27067484
mtp_num_heads:0 mtp_loss_weight:0.2 mtp_params:0
XSA:last_11 active_layers:[0, 1, 2, 3, 4, 5, 6, 7, 8, 9, 10]
world_size:8 grad_accum_steps:1
sdp_backends:cudnn=False flash=True mem_efficient=False math=False
attention_mode:gqa num_heads:8 num_kv_heads:4
tie_embeddings:True embed_lr:0.035 head_lr:0.0 matrix_lr:0.025 scalar_lr:0.025
train_batch_tokens:524288 train_seq_len:1024 iterations:20000 warmup_steps:20 max_wallclock_seconds:90.000
seed:1337
warmup_step:1/20
warmup_step:2/20
warmup_step:3/20
warmup_step:4/20
warmup_step:5/20
warmup_step:6/20
warmup_step:7/20
warmup_step:8/20
warmup_step:9/20
warmup_step:10/20
warmup_step:11/20
warmup_step:12/20
warmup_step:13/20
warmup_step:14/20
warmup_step:15/20
warmup_step:16/20
warmup_step:17/20
warmup_step:18/20
warmup_step:19/20
warmup_step:20/20
step:0/20000 val_loss:6.9301 val_bpb:4.1044 train_time:0ms step_avg:0.02ms
step:1/20000 train_loss:6.9305 train_time:189ms step_avg:188.56ms
late_qat:enabled step:1 scale:0.1181
step:2/20000 train_loss:8.6315 train_time:328ms step_avg:164.02ms
step:3/20000 train_loss:8.4514 train_time:487ms step_avg:162.21ms
step:4/20000 train_loss:8.0012 train_time:644ms step_avg:161.10ms
step:5/20000 train_loss:7.5007 train_time:802ms step_avg:160.45ms
step:6/20000 train_loss:7.5585 train_time:960ms step_avg:160.02ms
step:7/20000 train_loss:6.7607 train_time:1118ms step_avg:159.75ms
step:8/20000 train_loss:6.6101 train_time:1276ms step_avg:159.49ms
step:9/20000 train_loss:6.3559 train_time:1434ms step_avg:159.30ms
step:10/20000 train_loss:6.1238 train_time:1592ms step_avg:159.15ms
swa:start step:50
step:200/20000 val_loss:3.1912 val_bpb:1.8900 train_time:32024ms step_avg:160.12ms
step:400/20000 val_loss:2.8351 val_bpb:1.6791 train_time:63980ms step_avg:159.95ms
step:500/20000 train_loss:2.7620 train_time:79808ms step_avg:159.62ms
step:564/20000 val_loss:2.7557 val_bpb:1.6321 train_time:90111ms step_avg:159.77ms
stopping_early: wallclock_cap train_time:90111ms step:564/20000
peak memory allocated: 20995 MiB reserved: 21572 MiB
ema:applying EMA weights
DIAGNOSTIC post_ema val_loss:6.1359 val_bpb:3.6340 eval_time:6011ms
Serialized model: 106289590 bytes
Code size: 125477 bytes
gptq:building non-banked model for Hessian collection...
gptq:generating autoregressive calibration data (64 seqs x 2048 tokens, temp=0.8)...
gptq:generated 64 sequences in 73.9s
gptq:collecting hessians from autoregressive data...
gptq:collected hessians for 68 layers (AR self-gen)
selective_prune: 7002457 ±1 candidates, unpruned=5.44MB target=15.9MB
selective_prune: already fits, no pruning needed
Serialized model int6+lzma: 5580032 bytes
Total submission size int6+lzma: 5705509 bytes
/workspace/parameter-golf/.venv/lib/python3.12/site-packages/torch/distributed/c10d_logger.py:83: UserWarning: barrier(): using the device under current context. You can specify `device_id` in `init_process_group` to mute this warning.
  return func(*args, **kwargs)
final_int6_roundtrip val_loss:11.1693 val_bpb:6.6151 eval_time:6340ms
final_int6_roundtrip_exact val_loss:11.16929899 val_bpb:6.61508800
final_int6_sliding_window val_loss:11.1802 val_bpb:6.6215 stride:64 eval_time:210360ms
final_int6_sliding_window_exact val_loss:11.18016668 val_bpb:6.62154198
final_int8_zlib_roundtrip_exact val_loss:11.18016668 val_bpb:6.62154198
