W0402 06:44:05.503000 49572 torch/distributed/run.py:851] 
W0402 06:44:05.503000 49572 torch/distributed/run.py:851] *****************************************
W0402 06:44:05.503000 49572 torch/distributed/run.py:851] Setting OMP_NUM_THREADS environment variable for each process to be 1 in default, to avoid your system being overloaded, please further tune the variable for optimal performance in your application as needed. 
W0402 06:44:05.503000 49572 torch/distributed/run.py:851] *****************************************
/workspace/parameter-golf/.venv/lib/python3.12/site-packages/torch/distributed/c10d_logger.py:83: UserWarning: barrier(): using the device under current context. You can specify `device_id` in `init_process_group` to mute this warning.
  return func(*args, **kwargs)
[rank0]:[W402 06:44:13.871035323 ProcessGroupNCCL.cpp:5188] Guessing device ID based on global rank. This can cause a hang if rank to GPU mapping is heterogeneous. You can specify device_id in init_process_group()
logs/p3_9L_mlp4x_swiglu_trigram.txt
val_bpb:enabled tokenizer_kind=sentencepiece tokenizer_path=/workspace/parameter-golf/data/tokenizers/fineweb_1024_bpe.model
train_loader:dataset:fineweb10B_sp1024 train_shards:80
val_loader:shards pattern=/workspace/parameter-golf/data/datasets/fineweb10B_sp1024/fineweb_val_*.bin tokens:62021632
model_params:36500044
mtp_num_heads:0 mtp_loss_weight:0.2 mtp_params:0
XSA:last_11 active_layers:[0, 1, 2, 3, 4, 5, 6, 7, 8]
world_size:8 grad_accum_steps:1
sdp_backends:cudnn=False flash=True mem_efficient=False math=False
attention_mode:gqa num_heads:8 num_kv_heads:4
tie_embeddings:True embed_lr:0.035 head_lr:0.0 matrix_lr:0.025 scalar_lr:0.025
train_batch_tokens:524288 train_seq_len:1024 iterations:20000 warmup_steps:20 max_wallclock_seconds:90.000
seed:1337
warmup_step:1/20
warmup_step:2/20
warmup_step:3/20
warmup_step:4/20
warmup_step:5/20
warmup_step:6/20
warmup_step:7/20
warmup_step:8/20
warmup_step:9/20
warmup_step:10/20
warmup_step:11/20
warmup_step:12/20
warmup_step:13/20
warmup_step:14/20
warmup_step:15/20
warmup_step:16/20
warmup_step:17/20
warmup_step:18/20
warmup_step:19/20
warmup_step:20/20
step:0/20000 val_loss:6.9307 val_bpb:4.1048 train_time:0ms step_avg:0.02ms
step:1/20000 train_loss:6.9310 train_time:159ms step_avg:159.25ms
late_qat:enabled step:1 scale:0.1392
step:2/20000 train_loss:9.0046 train_time:272ms step_avg:136.10ms
step:3/20000 train_loss:8.6631 train_time:400ms step_avg:133.24ms
step:4/20000 train_loss:8.0355 train_time:527ms step_avg:131.72ms
step:5/20000 train_loss:7.3983 train_time:654ms step_avg:130.76ms
step:6/20000 train_loss:7.3705 train_time:781ms step_avg:130.12ms
step:7/20000 train_loss:6.5759 train_time:908ms step_avg:129.68ms
step:8/20000 train_loss:6.3826 train_time:1035ms step_avg:129.34ms
step:9/20000 train_loss:6.1977 train_time:1162ms step_avg:129.07ms
step:10/20000 train_loss:6.0083 train_time:1289ms step_avg:128.87ms
swa:start step:50
step:200/20000 val_loss:3.1935 val_bpb:1.8914 train_time:26033ms step_avg:130.16ms
step:400/20000 val_loss:2.7943 val_bpb:1.6549 train_time:52027ms step_avg:130.07ms
step:500/20000 train_loss:2.7169 train_time:64794ms step_avg:129.59ms
step:600/20000 val_loss:2.6656 val_bpb:1.5787 train_time:77877ms step_avg:129.80ms
step:695/20000 val_loss:2.6436 val_bpb:1.5657 train_time:90035ms step_avg:129.55ms
stopping_early: wallclock_cap train_time:90035ms step:695/20000
peak memory allocated: 19611 MiB reserved: 19662 MiB
ema:applying EMA weights
DIAGNOSTIC post_ema val_loss:3.4688 val_bpb:2.0544 eval_time:4753ms
Serialized model: 125145911 bytes
Code size: 125477 bytes
gptq:building non-banked model for Hessian collection...
gptq:generating autoregressive calibration data (64 seqs x 2048 tokens, temp=0.8)...
gptq:generated 64 sequences in 62.1s
gptq:collecting hessians from autoregressive data...
gptq:collected hessians for 65 layers (AR self-gen)
selective_prune: 10765209 ±1 candidates, unpruned=9.00MB target=15.9MB
selective_prune: already fits, no pruning needed
Serialized model int6+lzma: 9309964 bytes
Total submission size int6+lzma: 9435441 bytes
/workspace/parameter-golf/.venv/lib/python3.12/site-packages/torch/distributed/c10d_logger.py:83: UserWarning: barrier(): using the device under current context. You can specify `device_id` in `init_process_group` to mute this warning.
  return func(*args, **kwargs)
final_int6_roundtrip val_loss:6.9083 val_bpb:4.0915 eval_time:5036ms
final_int6_roundtrip_exact val_loss:6.90827494 val_bpb:4.09146954
final_int6_sliding_window val_loss:6.9125 val_bpb:4.0940 stride:64 eval_time:168348ms
final_int6_sliding_window_exact val_loss:6.91248444 val_bpb:4.09397348
final_int8_zlib_roundtrip_exact val_loss:6.91248444 val_bpb:4.09397348
