W0402 09:18:55.980000 371683 torch/distributed/run.py:851] 
W0402 09:18:55.980000 371683 torch/distributed/run.py:851] *****************************************
W0402 09:18:55.980000 371683 torch/distributed/run.py:851] Setting OMP_NUM_THREADS environment variable for each process to be 1 in default, to avoid your system being overloaded, please further tune the variable for optimal performance in your application as needed. 
W0402 09:18:55.980000 371683 torch/distributed/run.py:851] *****************************************
/workspace/parameter-golf/.venv/lib/python3.12/site-packages/torch/distributed/c10d_logger.py:83: UserWarning: barrier(): using the device under current context. You can specify `device_id` in `init_process_group` to mute this warning.
  return func(*args, **kwargs)
[rank0]:[W402 09:19:02.771424898 ProcessGroupNCCL.cpp:5188] Guessing device ID based on global rank. This can cause a hang if rank to GPU mapping is heterogeneous. You can specify device_id in init_process_group()
logs/p4_lora_r8.txt
val_bpb:enabled tokenizer_kind=sentencepiece tokenizer_path=/workspace/parameter-golf/data/tokenizers/fineweb_1024_bpe.model
train_loader:dataset:fineweb10B_sp1024 train_shards:80
val_loader:shards pattern=/workspace/parameter-golf/data/datasets/fineweb10B_sp1024/fineweb_val_*.bin tokens:62021632
model_params:27067484
mtp_num_heads:0 mtp_loss_weight:0.2 mtp_params:0
XSA:last_11 active_layers:[0, 1, 2, 3, 4, 5, 6, 7, 8, 9, 10]
world_size:8 grad_accum_steps:1
sdp_backends:cudnn=False flash=True mem_efficient=False math=False
attention_mode:gqa num_heads:8 num_kv_heads:4
tie_embeddings:True embed_lr:0.035 head_lr:0.0 matrix_lr:0.025 scalar_lr:0.025
train_batch_tokens:524288 train_seq_len:1024 iterations:20000 warmup_steps:20 max_wallclock_seconds:90.000
seed:1337
warmup_step:1/20
warmup_step:2/20
warmup_step:3/20
warmup_step:4/20
warmup_step:5/20
warmup_step:6/20
warmup_step:7/20
warmup_step:8/20
warmup_step:9/20
warmup_step:10/20
warmup_step:11/20
warmup_step:12/20
warmup_step:13/20
warmup_step:14/20
warmup_step:15/20
warmup_step:16/20
warmup_step:17/20
warmup_step:18/20
warmup_step:19/20
warmup_step:20/20
step:0/20000 val_loss:6.9301 val_bpb:4.1044 train_time:0ms step_avg:0.03ms
step:1/20000 train_loss:6.9305 train_time:423ms step_avg:422.83ms
late_qat:enabled step:1 scale:0.0501
step:2/20000 train_loss:8.6315 train_time:669ms step_avg:334.33ms
step:3/20000 train_loss:8.5672 train_time:1017ms step_avg:339.06ms
step:4/20000 train_loss:8.3993 train_time:1367ms step_avg:341.80ms
step:5/20000 train_loss:8.0516 train_time:1740ms step_avg:347.94ms
step:6/20000 train_loss:8.1489 train_time:2105ms step_avg:350.83ms
step:7/20000 train_loss:7.5388 train_time:2474ms step_avg:353.39ms
step:8/20000 train_loss:7.4449 train_time:2847ms step_avg:355.88ms
step:9/20000 train_loss:7.1888 train_time:3215ms step_avg:357.26ms
step:10/20000 train_loss:6.9208 train_time:3592ms step_avg:359.17ms
swa:start step:50
step:200/20000 val_loss:4.1317 val_bpb:2.4470 train_time:74962ms step_avg:374.81ms
step:243/20000 val_loss:4.0827 val_bpb:2.4180 train_time:90343ms step_avg:371.78ms
stopping_early: wallclock_cap train_time:90343ms step:243/20000
peak memory allocated: 20995 MiB reserved: 21572 MiB
ema:applying EMA weights
DIAGNOSTIC post_ema val_loss:5.7142 val_bpb:3.3843 eval_time:10012ms
Serialized model: 106289590 bytes
Code size: 125477 bytes
gptq:building non-banked model for Hessian collection...
gptq:generating autoregressive calibration data (64 seqs x 2048 tokens, temp=0.8)...
gptq:generated 64 sequences in 86.8s
gptq:collecting hessians from autoregressive data...
gptq:collected hessians for 68 layers (AR self-gen)
selective_prune: 6762381 ±1 candidates, unpruned=5.08MB target=15.9MB
selective_prune: already fits, no pruning needed
Serialized model int6+lzma: 5201912 bytes
Total submission size int6+lzma: 5327389 bytes
/workspace/parameter-golf/.venv/lib/python3.12/site-packages/torch/distributed/c10d_logger.py:83: UserWarning: barrier(): using the device under current context. You can specify `device_id` in `init_process_group` to mute this warning.
  return func(*args, **kwargs)
final_int6_roundtrip val_loss:5.9183 val_bpb:3.5051 eval_time:10499ms
final_int6_roundtrip_exact val_loss:5.91828418 val_bpb:3.50514125
final_int6_sliding_window val_loss:5.9183 val_bpb:3.5052 stride:64 eval_time:517025ms
final_int6_sliding_window_exact val_loss:5.91833651 val_bpb:3.50518152
final_int8_zlib_roundtrip_exact val_loss:5.91833651 val_bpb:3.50518152
ttt:starting mode=lora
ttt_eval val_loss:5.5450 val_bpb:3.2840 mode:lora eval_time:119936ms
ttt_eval_exact val_loss:5.54495664 val_bpb:3.28403546
