W0402 09:02:23.771000 370239 torch/distributed/run.py:851] 
W0402 09:02:23.771000 370239 torch/distributed/run.py:851] *****************************************
W0402 09:02:23.771000 370239 torch/distributed/run.py:851] Setting OMP_NUM_THREADS environment variable for each process to be 1 in default, to avoid your system being overloaded, please further tune the variable for optimal performance in your application as needed. 
W0402 09:02:23.771000 370239 torch/distributed/run.py:851] *****************************************
/workspace/parameter-golf/.venv/lib/python3.12/site-packages/torch/distributed/c10d_logger.py:83: UserWarning: barrier(): using the device under current context. You can specify `device_id` in `init_process_group` to mute this warning.
  return func(*args, **kwargs)
[rank0]:[W402 09:02:31.720246902 ProcessGroupNCCL.cpp:5188] Guessing device ID based on global rank. This can cause a hang if rank to GPU mapping is heterogeneous. You can specify device_id in init_process_group()
logs/p4_lora_r4.txt
val_bpb:enabled tokenizer_kind=sentencepiece tokenizer_path=/workspace/parameter-golf/data/tokenizers/fineweb_1024_bpe.model
train_loader:dataset:fineweb10B_sp1024 train_shards:80
val_loader:shards pattern=/workspace/parameter-golf/data/datasets/fineweb10B_sp1024/fineweb_val_*.bin tokens:62021632
model_params:27067484
mtp_num_heads:0 mtp_loss_weight:0.2 mtp_params:0
XSA:last_11 active_layers:[0, 1, 2, 3, 4, 5, 6, 7, 8, 9, 10]
world_size:8 grad_accum_steps:1
sdp_backends:cudnn=False flash=True mem_efficient=False math=False
attention_mode:gqa num_heads:8 num_kv_heads:4
tie_embeddings:True embed_lr:0.035 head_lr:0.0 matrix_lr:0.025 scalar_lr:0.025
train_batch_tokens:524288 train_seq_len:1024 iterations:20000 warmup_steps:20 max_wallclock_seconds:90.000
seed:1337
warmup_step:1/20
warmup_step:2/20
warmup_step:3/20
warmup_step:4/20
warmup_step:5/20
warmup_step:6/20
warmup_step:7/20
warmup_step:8/20
warmup_step:9/20
warmup_step:10/20
warmup_step:11/20
warmup_step:12/20
warmup_step:13/20
warmup_step:14/20
warmup_step:15/20
warmup_step:16/20
warmup_step:17/20
warmup_step:18/20
warmup_step:19/20
warmup_step:20/20
step:0/20000 val_loss:6.9301 val_bpb:4.1044 train_time:0ms step_avg:0.02ms
step:1/20000 train_loss:6.9305 train_time:419ms step_avg:418.78ms
late_qat:enabled step:1 scale:0.0511
step:2/20000 train_loss:8.6315 train_time:658ms step_avg:329.14ms
step:3/20000 train_loss:8.5657 train_time:1049ms step_avg:349.82ms
step:4/20000 train_loss:8.4080 train_time:1385ms step_avg:346.15ms
step:5/20000 train_loss:8.0762 train_time:1750ms step_avg:349.95ms
step:6/20000 train_loss:8.1611 train_time:2295ms step_avg:382.48ms
step:7/20000 train_loss:7.5716 train_time:2640ms step_avg:377.17ms
step:8/20000 train_loss:7.4887 train_time:3001ms step_avg:375.18ms
step:9/20000 train_loss:7.2374 train_time:3451ms step_avg:383.42ms
step:10/20000 train_loss:6.9776 train_time:3810ms step_avg:381.00ms
swa:start step:50
step:200/20000 val_loss:4.0392 val_bpb:2.3923 train_time:72198ms step_avg:360.99ms
step:251/20000 val_loss:3.9758 val_bpb:2.3547 train_time:90213ms step_avg:359.42ms
stopping_early: wallclock_cap train_time:90213ms step:251/20000
peak memory allocated: 20995 MiB reserved: 21572 MiB
ema:applying EMA weights
DIAGNOSTIC post_ema val_loss:5.7989 val_bpb:3.4344 eval_time:9998ms
Serialized model: 106289590 bytes
Code size: 125477 bytes
gptq:building non-banked model for Hessian collection...
gptq:generating autoregressive calibration data (64 seqs x 2048 tokens, temp=0.8)...
gptq:generated 64 sequences in 85.8s
gptq:collecting hessians from autoregressive data...
gptq:collected hessians for 68 layers (AR self-gen)
selective_prune: 6783406 ±1 candidates, unpruned=5.12MB target=15.9MB
selective_prune: already fits, no pruning needed
Serialized model int6+lzma: 5239024 bytes
Total submission size int6+lzma: 5364501 bytes
/workspace/parameter-golf/.venv/lib/python3.12/site-packages/torch/distributed/c10d_logger.py:83: UserWarning: barrier(): using the device under current context. You can specify `device_id` in `init_process_group` to mute this warning.
  return func(*args, **kwargs)
final_int6_roundtrip val_loss:6.0392 val_bpb:3.5767 eval_time:10589ms
final_int6_roundtrip_exact val_loss:6.03917267 val_bpb:3.57673823
final_int6_sliding_window val_loss:6.0392 val_bpb:3.5768 stride:64 eval_time:535138ms
final_int6_sliding_window_exact val_loss:6.03922903 val_bpb:3.57678107
final_int8_zlib_roundtrip_exact val_loss:6.03922903 val_bpb:3.57678107
ttt:starting mode=lora
ttt_eval val_loss:5.6358 val_bpb:3.3378 mode:lora eval_time:127024ms
ttt_eval_exact val_loss:5.63575491 val_bpb:3.33781130
