W0402 09:35:03.694000 372976 torch/distributed/run.py:851] 
W0402 09:35:03.694000 372976 torch/distributed/run.py:851] *****************************************
W0402 09:35:03.694000 372976 torch/distributed/run.py:851] Setting OMP_NUM_THREADS environment variable for each process to be 1 in default, to avoid your system being overloaded, please further tune the variable for optimal performance in your application as needed. 
W0402 09:35:03.694000 372976 torch/distributed/run.py:851] *****************************************
/workspace/parameter-golf/.venv/lib/python3.12/site-packages/torch/distributed/c10d_logger.py:83: UserWarning: barrier(): using the device under current context. You can specify `device_id` in `init_process_group` to mute this warning.
  return func(*args, **kwargs)
[rank0]:[W402 09:35:09.029166018 ProcessGroupNCCL.cpp:5188] Guessing device ID based on global rank. This can cause a hang if rank to GPU mapping is heterogeneous. You can specify device_id in init_process_group()
logs/p4_lora_r16.txt
val_bpb:enabled tokenizer_kind=sentencepiece tokenizer_path=/workspace/parameter-golf/data/tokenizers/fineweb_1024_bpe.model
train_loader:dataset:fineweb10B_sp1024 train_shards:80
val_loader:shards pattern=/workspace/parameter-golf/data/datasets/fineweb10B_sp1024/fineweb_val_*.bin tokens:62021632
model_params:27067484
mtp_num_heads:0 mtp_loss_weight:0.2 mtp_params:0
XSA:last_11 active_layers:[0, 1, 2, 3, 4, 5, 6, 7, 8, 9, 10]
world_size:8 grad_accum_steps:1
sdp_backends:cudnn=False flash=True mem_efficient=False math=False
attention_mode:gqa num_heads:8 num_kv_heads:4
tie_embeddings:True embed_lr:0.035 head_lr:0.0 matrix_lr:0.025 scalar_lr:0.025
train_batch_tokens:524288 train_seq_len:1024 iterations:20000 warmup_steps:20 max_wallclock_seconds:90.000
seed:1337
warmup_step:1/20
warmup_step:2/20
warmup_step:3/20
warmup_step:4/20
warmup_step:5/20
warmup_step:6/20
warmup_step:7/20
warmup_step:8/20
warmup_step:9/20
warmup_step:10/20
warmup_step:11/20
warmup_step:12/20
warmup_step:13/20
warmup_step:14/20
warmup_step:15/20
warmup_step:16/20
warmup_step:17/20
warmup_step:18/20
warmup_step:19/20
warmup_step:20/20
step:0/20000 val_loss:6.9301 val_bpb:4.1044 train_time:0ms step_avg:0.02ms
step:1/20000 train_loss:6.9305 train_time:423ms step_avg:422.70ms
late_qat:enabled step:1 scale:0.0517
step:2/20000 train_loss:8.6315 train_time:659ms step_avg:329.31ms
step:3/20000 train_loss:8.5647 train_time:914ms step_avg:304.75ms
step:4/20000 train_loss:8.3700 train_time:1245ms step_avg:311.25ms
step:5/20000 train_loss:7.9543 train_time:1606ms step_avg:321.26ms
step:6/20000 train_loss:8.0863 train_time:1972ms step_avg:328.71ms
step:7/20000 train_loss:7.4577 train_time:2315ms step_avg:330.72ms
step:8/20000 train_loss:7.3642 train_time:2716ms step_avg:339.56ms
step:9/20000 train_loss:7.1088 train_time:3130ms step_avg:347.80ms
step:10/20000 train_loss:6.8336 train_time:3440ms step_avg:343.97ms
swa:start step:50
step:200/20000 val_loss:4.0939 val_bpb:2.4246 train_time:75587ms step_avg:377.94ms
step:241/20000 val_loss:4.0514 val_bpb:2.3995 train_time:90162ms step_avg:374.11ms
stopping_early: wallclock_cap train_time:90162ms step:241/20000
peak memory allocated: 20995 MiB reserved: 21572 MiB
ema:applying EMA weights
DIAGNOSTIC post_ema val_loss:5.7505 val_bpb:3.4058 eval_time:9992ms
Serialized model: 106289590 bytes
Code size: 125477 bytes
gptq:building non-banked model for Hessian collection...
gptq:generating autoregressive calibration data (64 seqs x 2048 tokens, temp=0.8)...
gptq:generated 64 sequences in 86.0s
gptq:collecting hessians from autoregressive data...
gptq:collected hessians for 68 layers (AR self-gen)
selective_prune: 6767489 ±1 candidates, unpruned=5.09MB target=15.9MB
selective_prune: already fits, no pruning needed
Serialized model int6+lzma: 5213380 bytes
Total submission size int6+lzma: 5338857 bytes
/workspace/parameter-golf/.venv/lib/python3.12/site-packages/torch/distributed/c10d_logger.py:83: UserWarning: barrier(): using the device under current context. You can specify `device_id` in `init_process_group` to mute this warning.
  return func(*args, **kwargs)
final_int6_roundtrip val_loss:5.9649 val_bpb:3.5327 eval_time:10479ms
final_int6_roundtrip_exact val_loss:5.96487365 val_bpb:3.53273416
final_int6_sliding_window val_loss:5.9649 val_bpb:3.5328 stride:64 eval_time:518183ms
final_int6_sliding_window_exact val_loss:5.96490392 val_bpb:3.53276144
final_int8_zlib_roundtrip_exact val_loss:5.96490392 val_bpb:3.53276144
ttt:starting mode=lora
ttt_eval val_loss:5.6274 val_bpb:3.3329 mode:lora eval_time:119487ms
ttt_eval_exact val_loss:5.62743924 val_bpb:3.33288629
