W0402 08:23:07.197000 365696 torch/distributed/run.py:851] 
W0402 08:23:07.197000 365696 torch/distributed/run.py:851] *****************************************
W0402 08:23:07.197000 365696 torch/distributed/run.py:851] Setting OMP_NUM_THREADS environment variable for each process to be 1 in default, to avoid your system being overloaded, please further tune the variable for optimal performance in your application as needed. 
W0402 08:23:07.197000 365696 torch/distributed/run.py:851] *****************************************
/workspace/parameter-golf/.venv/lib/python3.12/site-packages/torch/distributed/c10d_logger.py:83: UserWarning: barrier(): using the device under current context. You can specify `device_id` in `init_process_group` to mute this warning.
  return func(*args, **kwargs)
[rank0]:[W402 08:23:14.693833074 ProcessGroupNCCL.cpp:5188] Guessing device ID based on global rank. This can cause a hang if rank to GPU mapping is heterogeneous. You can specify device_id in init_process_group()
logs/p4_fft_all.txt
val_bpb:enabled tokenizer_kind=sentencepiece tokenizer_path=/workspace/parameter-golf/data/tokenizers/fineweb_1024_bpe.model
train_loader:dataset:fineweb10B_sp1024 train_shards:80
val_loader:shards pattern=/workspace/parameter-golf/data/datasets/fineweb10B_sp1024/fineweb_val_*.bin tokens:62021632
model_params:27067484
mtp_num_heads:0 mtp_loss_weight:0.2 mtp_params:0
XSA:last_11 active_layers:[0, 1, 2, 3, 4, 5, 6, 7, 8, 9, 10]
world_size:8 grad_accum_steps:1
sdp_backends:cudnn=False flash=True mem_efficient=False math=False
attention_mode:gqa num_heads:8 num_kv_heads:4
tie_embeddings:True embed_lr:0.035 head_lr:0.0 matrix_lr:0.025 scalar_lr:0.025
train_batch_tokens:524288 train_seq_len:1024 iterations:20000 warmup_steps:20 max_wallclock_seconds:90.000
seed:1337
warmup_step:1/20
warmup_step:2/20
warmup_step:3/20
warmup_step:4/20
warmup_step:5/20
warmup_step:6/20
warmup_step:7/20
warmup_step:8/20
warmup_step:9/20
warmup_step:10/20
warmup_step:11/20
warmup_step:12/20
warmup_step:13/20
warmup_step:14/20
warmup_step:15/20
warmup_step:16/20
warmup_step:17/20
warmup_step:18/20
warmup_step:19/20
warmup_step:20/20
step:0/20000 val_loss:6.9301 val_bpb:4.1044 train_time:0ms step_avg:0.02ms
step:1/20000 train_loss:6.9305 train_time:190ms step_avg:190.37ms
late_qat:enabled step:1 scale:0.1167
step:2/20000 train_loss:8.6315 train_time:330ms step_avg:165.06ms
step:3/20000 train_loss:8.4540 train_time:490ms step_avg:163.22ms
step:4/20000 train_loss:8.0057 train_time:647ms step_avg:161.87ms
step:5/20000 train_loss:7.5068 train_time:806ms step_avg:161.19ms
step:6/20000 train_loss:7.5642 train_time:964ms step_avg:160.60ms
step:7/20000 train_loss:6.7670 train_time:1121ms step_avg:160.20ms
step:8/20000 train_loss:6.6154 train_time:1279ms step_avg:159.90ms
step:9/20000 train_loss:6.3605 train_time:1437ms step_avg:159.67ms
step:10/20000 train_loss:6.1269 train_time:1595ms step_avg:159.53ms
swa:start step:50
step:200/20000 val_loss:3.1923 val_bpb:1.8906 train_time:32066ms step_avg:160.33ms
step:400/20000 val_loss:2.8355 val_bpb:1.6793 train_time:64040ms step_avg:160.10ms
step:500/20000 train_loss:2.7630 train_time:79879ms step_avg:159.76ms
step:563/20000 val_loss:2.7565 val_bpb:1.6326 train_time:90029ms step_avg:159.91ms
stopping_early: wallclock_cap train_time:90029ms step:563/20000
peak memory allocated: 20995 MiB reserved: 21572 MiB
ema:applying EMA weights
DIAGNOSTIC post_ema val_loss:6.1635 val_bpb:3.6503 eval_time:6009ms
Serialized model: 106289590 bytes
Code size: 125477 bytes
gptq:building non-banked model for Hessian collection...
gptq:generating autoregressive calibration data (64 seqs x 2048 tokens, temp=0.8)...
gptq:generated 64 sequences in 75.2s
gptq:collecting hessians from autoregressive data...
gptq:collected hessians for 68 layers (AR self-gen)
selective_prune: 6921173 ±1 candidates, unpruned=5.38MB target=15.9MB
selective_prune: already fits, no pruning needed
Serialized model int6+lzma: 5517936 bytes
Total submission size int6+lzma: 5643413 bytes
/workspace/parameter-golf/.venv/lib/python3.12/site-packages/torch/distributed/c10d_logger.py:83: UserWarning: barrier(): using the device under current context. You can specify `device_id` in `init_process_group` to mute this warning.
  return func(*args, **kwargs)
final_int6_roundtrip val_loss:11.3035 val_bpb:6.6946 eval_time:6337ms
final_int6_roundtrip_exact val_loss:11.30346768 val_bpb:6.69455025
final_int6_sliding_window val_loss:11.3067 val_bpb:6.6965 stride:64 eval_time:210754ms
final_int6_sliding_window_exact val_loss:11.30665146 val_bpb:6.69645359
final_int8_zlib_roundtrip_exact val_loss:11.30665146 val_bpb:6.69645359
ttt:starting mode=fft_all
ttt_eval val_loss:11.1351 val_bpb:6.5948 mode:fft_all eval_time:149433ms
ttt_eval_exact val_loss:11.13512089 val_bpb:6.59484541
