logs/c17554ce-93bb-4979-810b-b037f2324e69.txt
val_bpb:enabled tokenizer_kind=sentencepiece tokenizer_path=./data/tokenizers/fineweb_1024_bpe.model
train_loader:dataset:fineweb10B_sp1024 train_shards:10
val_loader:shards pattern=./data/datasets/fineweb10B_sp1024/fineweb_val_*.bin tokens:62021632
model_params:26497096
world_size:1 grad_accum_steps:8
sdp_backends:cudnn=False flash=True mem_efficient=False math=False
attention_mode:gqa num_heads:8 num_kv_heads:4
tie_embeddings:True embed_lr:0.05 head_lr:0.0 matrix_lr:0.04 scalar_lr:0.04
train_batch_tokens:524288 train_seq_len:1024 iterations:20000 warmup_steps:20 max_wallclock_seconds:480.000
seed:1337
warmup_step:1/20
warmup_step:2/20
warmup_step:3/20
warmup_step:4/20
warmup_step:5/20
warmup_step:6/20
warmup_step:7/20
warmup_step:8/20
warmup_step:9/20
warmup_step:10/20
warmup_step:11/20
warmup_step:12/20
warmup_step:13/20
warmup_step:14/20
warmup_step:15/20
warmup_step:16/20
warmup_step:17/20
warmup_step:18/20
warmup_step:19/20
warmup_step:20/20
step:0/20000 val_loss:6.9357 val_bpb:4.1077 train_time:0ms step_avg:0.02ms
step:1/20000 train_loss:6.9357 train_time:388ms step_avg:388.05ms
step:2/20000 train_loss:16.6546 train_time:780ms step_avg:389.89ms
step:3/20000 train_loss:8.6285 train_time:1173ms step_avg:391.03ms
step:4/20000 train_loss:6.6731 train_time:1567ms step_avg:391.80ms
step:5/20000 train_loss:6.7695 train_time:1960ms step_avg:391.96ms
step:6/20000 train_loss:6.7625 train_time:2355ms step_avg:392.44ms
step:7/20000 train_loss:6.3921 train_time:2748ms step_avg:392.62ms
step:8/20000 train_loss:6.1924 train_time:3141ms step_avg:392.58ms
step:9/20000 train_loss:6.0775 train_time:3536ms step_avg:392.84ms
step:10/20000 train_loss:5.9740 train_time:3929ms step_avg:392.93ms
step:200/20000 train_loss:2.7601 train_time:80275ms step_avg:401.37ms
step:400/20000 train_loss:2.3549 train_time:160542ms step_avg:401.35ms
step:600/20000 train_loss:2.4463 train_time:240603ms step_avg:401.00ms
step:800/20000 train_loss:2.2831 train_time:320572ms step_avg:400.72ms
step:1000/20000 train_loss:2.2931 train_time:400636ms step_avg:400.64ms
step:1000/20000 val_loss:2.2588 val_bpb:1.3378 train_time:400637ms step_avg:400.64ms
step:1199/20000 val_loss:2.2260 val_bpb:1.3184 train_time:480205ms step_avg:400.50ms
stopping_early: wallclock_cap train_time:480205ms step:1199/20000
peak memory allocated: 13017 MiB reserved: 13386 MiB
Serialized model: 104973719 bytes
Code size: 47693 bytes
Total submission size: 105021412 bytes
Serialized model int8+zlib: 19775260 bytes (payload:26634528 raw_torch:26679641 payload_ratio:3.94x)
Total submission size int8+zlib: 19822953 bytes
final_int8_zlib_roundtrip val_loss:2.2280 val_bpb:1.3195 eval_time:13493ms
final_int8_zlib_roundtrip_exact val_loss:2.22798977 val_bpb:1.31954104
