W0402 05:41:59.714000 25634 torch/distributed/run.py:851] 
W0402 05:41:59.714000 25634 torch/distributed/run.py:851] *****************************************
W0402 05:41:59.714000 25634 torch/distributed/run.py:851] Setting OMP_NUM_THREADS environment variable for each process to be 1 in default, to avoid your system being overloaded, please further tune the variable for optimal performance in your application as needed. 
W0402 05:41:59.714000 25634 torch/distributed/run.py:851] *****************************************
/workspace/parameter-golf/.venv/lib/python3.12/site-packages/torch/distributed/c10d_logger.py:83: UserWarning: barrier(): using the device under current context. You can specify `device_id` in `init_process_group` to mute this warning.
  return func(*args, **kwargs)
[rank0]:[W402 05:42:07.588857319 ProcessGroupNCCL.cpp:5188] Guessing device ID based on global rank. This can cause a hang if rank to GPU mapping is heterogeneous. You can specify device_id in init_process_group()
logs/p1_swiglu.txt
val_bpb:enabled tokenizer_kind=sentencepiece tokenizer_path=/workspace/parameter-golf/data/tokenizers/fineweb_1024_bpe.model
train_loader:dataset:fineweb10B_sp1024 train_shards:80
val_loader:shards pattern=/workspace/parameter-golf/data/datasets/fineweb10B_sp1024/fineweb_val_*.bin tokens:62021632
model_params:35718236
mtp_num_heads:0 mtp_loss_weight:0.2 mtp_params:0
XSA:last_11 active_layers:[0, 1, 2, 3, 4, 5, 6, 7, 8, 9, 10]
world_size:8 grad_accum_steps:1
sdp_backends:cudnn=False flash=True mem_efficient=False math=False
attention_mode:gqa num_heads:8 num_kv_heads:4
tie_embeddings:True embed_lr:0.035 head_lr:0.0 matrix_lr:0.025 scalar_lr:0.025
train_batch_tokens:524288 train_seq_len:1024 iterations:20000 warmup_steps:20 max_wallclock_seconds:90.000
seed:1337
warmup_step:1/20
warmup_step:2/20
warmup_step:3/20
warmup_step:4/20
warmup_step:5/20
warmup_step:6/20
warmup_step:7/20
warmup_step:8/20
warmup_step:9/20
warmup_step:10/20
warmup_step:11/20
warmup_step:12/20
warmup_step:13/20
warmup_step:14/20
warmup_step:15/20
warmup_step:16/20
warmup_step:17/20
warmup_step:18/20
warmup_step:19/20
warmup_step:20/20
step:0/20000 val_loss:6.9307 val_bpb:4.1047 train_time:0ms step_avg:0.02ms
step:1/20000 train_loss:6.9324 train_time:179ms step_avg:178.72ms
late_qat:enabled step:1 scale:0.1239
step:2/20000 train_loss:8.8405 train_time:312ms step_avg:156.12ms
step:3/20000 train_loss:8.5586 train_time:459ms step_avg:153.16ms
step:4/20000 train_loss:7.9952 train_time:606ms step_avg:151.42ms
step:5/20000 train_loss:7.4113 train_time:752ms step_avg:150.44ms
step:6/20000 train_loss:7.4222 train_time:898ms step_avg:149.72ms
step:7/20000 train_loss:6.6083 train_time:1045ms step_avg:149.23ms
step:8/20000 train_loss:6.4346 train_time:1191ms step_avg:148.86ms
step:9/20000 train_loss:6.2121 train_time:1337ms step_avg:148.57ms
step:10/20000 train_loss:6.0127 train_time:1483ms step_avg:148.34ms
swa:start step:50
step:200/20000 val_loss:3.1794 val_bpb:1.8830 train_time:29768ms step_avg:148.84ms
step:400/20000 val_loss:2.8015 val_bpb:1.6592 train_time:59438ms step_avg:148.60ms
step:500/20000 train_loss:2.7273 train_time:74119ms step_avg:148.24ms
step:600/20000 val_loss:2.7005 val_bpb:1.5994 train_time:89098ms step_avg:148.50ms
step:607/20000 val_loss:2.7002 val_bpb:1.5992 train_time:90121ms step_avg:148.47ms
stopping_early: wallclock_cap train_time:90121ms step:607/20000
peak memory allocated: 20787 MiB reserved: 20932 MiB
ema:applying EMA weights
DIAGNOSTIC post_ema val_loss:3.6712 val_bpb:2.1743 eval_time:5457ms
Serialized model: 123594561 bytes
Code size: 125477 bytes
gptq:building non-banked model for Hessian collection...
gptq:generating autoregressive calibration data (64 seqs x 2048 tokens, temp=0.8)...
gptq:generated 64 sequences in 74.1s
gptq:collecting hessians from autoregressive data...
gptq:collected hessians for 79 layers (AR self-gen)
selective_prune: 10875826 ±1 candidates, unpruned=9.14MB target=15.9MB
selective_prune: already fits, no pruning needed
Serialized model int6+lzma: 9457268 bytes
Total submission size int6+lzma: 9582745 bytes
/workspace/parameter-golf/.venv/lib/python3.12/site-packages/torch/distributed/c10d_logger.py:83: UserWarning: barrier(): using the device under current context. You can specify `device_id` in `init_process_group` to mute this warning.
  return func(*args, **kwargs)
final_int6_roundtrip val_loss:6.9975 val_bpb:4.1443 eval_time:5779ms
final_int6_roundtrip_exact val_loss:6.99750377 val_bpb:4.14431588
final_int6_sliding_window val_loss:7.0036 val_bpb:4.1480 stride:64 eval_time:192414ms
final_int6_sliding_window_exact val_loss:7.00364076 val_bpb:4.14796153
final_int8_zlib_roundtrip_exact val_loss:7.00364076 val_bpb:4.14796153
