W0402 06:22:59.657000 38688 torch/distributed/run.py:851] 
W0402 06:22:59.657000 38688 torch/distributed/run.py:851] *****************************************
W0402 06:22:59.657000 38688 torch/distributed/run.py:851] Setting OMP_NUM_THREADS environment variable for each process to be 1 in default, to avoid your system being overloaded, please further tune the variable for optimal performance in your application as needed. 
W0402 06:22:59.657000 38688 torch/distributed/run.py:851] *****************************************
/workspace/parameter-golf/.venv/lib/python3.12/site-packages/torch/distributed/c10d_logger.py:83: UserWarning: barrier(): using the device under current context. You can specify `device_id` in `init_process_group` to mute this warning.
  return func(*args, **kwargs)
[rank0]:[W402 06:23:07.644071877 ProcessGroupNCCL.cpp:5188] Guessing device ID based on global rank. This can cause a hang if rank to GPU mapping is heterogeneous. You can specify device_id in init_process_group()
logs/p2_8L_mlp4x.txt
val_bpb:enabled tokenizer_kind=sentencepiece tokenizer_path=/workspace/parameter-golf/data/tokenizers/fineweb_1024_bpe.model
train_loader:dataset:fineweb10B_sp1024 train_shards:80
val_loader:shards pattern=/workspace/parameter-golf/data/datasets/fineweb10B_sp1024/fineweb_val_*.bin tokens:62021632
model_params:24177220
mtp_num_heads:0 mtp_loss_weight:0.2 mtp_params:0
XSA:last_11 active_layers:[0, 1, 2, 3, 4, 5, 6, 7]
world_size:8 grad_accum_steps:1
sdp_backends:cudnn=False flash=True mem_efficient=False math=False
attention_mode:gqa num_heads:8 num_kv_heads:4
tie_embeddings:True embed_lr:0.035 head_lr:0.0 matrix_lr:0.025 scalar_lr:0.025
train_batch_tokens:524288 train_seq_len:1024 iterations:20000 warmup_steps:20 max_wallclock_seconds:90.000
seed:1337
warmup_step:1/20
warmup_step:2/20
warmup_step:3/20
warmup_step:4/20
warmup_step:5/20
warmup_step:6/20
warmup_step:7/20
warmup_step:8/20
warmup_step:9/20
warmup_step:10/20
warmup_step:11/20
warmup_step:12/20
warmup_step:13/20
warmup_step:14/20
warmup_step:15/20
warmup_step:16/20
warmup_step:17/20
warmup_step:18/20
warmup_step:19/20
warmup_step:20/20
step:0/20000 val_loss:6.9301 val_bpb:4.1044 train_time:0ms step_avg:0.02ms
step:1/20000 train_loss:6.9305 train_time:154ms step_avg:154.27ms
late_qat:enabled step:1 scale:0.1451
step:2/20000 train_loss:8.7939 train_time:255ms step_avg:127.32ms
step:3/20000 train_loss:8.5562 train_time:380ms step_avg:126.53ms
step:4/20000 train_loss:8.0430 train_time:504ms step_avg:126.05ms
step:5/20000 train_loss:7.4647 train_time:629ms step_avg:125.79ms
step:6/20000 train_loss:7.4750 train_time:754ms step_avg:125.61ms
step:7/20000 train_loss:6.6408 train_time:878ms step_avg:125.46ms
step:8/20000 train_loss:6.4667 train_time:1003ms step_avg:125.35ms
step:9/20000 train_loss:6.2397 train_time:1127ms step_avg:125.26ms
step:10/20000 train_loss:6.0116 train_time:1252ms step_avg:125.20ms
swa:start step:50
step:200/20000 val_loss:3.1025 val_bpb:1.8375 train_time:25342ms step_avg:126.71ms
step:400/20000 val_loss:2.7512 val_bpb:1.6294 train_time:50621ms step_avg:126.55ms
step:500/20000 train_loss:2.6672 train_time:63123ms step_avg:126.25ms
step:600/20000 val_loss:2.6168 val_bpb:1.5498 train_time:75885ms step_avg:126.47ms
step:713/20000 val_loss:2.5894 val_bpb:1.5336 train_time:90101ms step_avg:126.37ms
stopping_early: wallclock_cap train_time:90101ms step:713/20000
peak memory allocated: 18216 MiB reserved: 18718 MiB
ema:applying EMA weights
DIAGNOSTIC post_ema val_loss:3.5516 val_bpb:2.1035 eval_time:4779ms
Serialized model: 94724906 bytes
Code size: 125477 bytes
gptq:building non-banked model for Hessian collection...
gptq:generating autoregressive calibration data (64 seqs x 2048 tokens, temp=0.8)...
gptq:generated 64 sequences in 55.5s
gptq:collecting hessians from autoregressive data...
gptq:collected hessians for 50 layers (AR self-gen)
selective_prune: 6454147 ±1 candidates, unpruned=5.01MB target=15.9MB
selective_prune: already fits, no pruning needed
Serialized model int6+lzma: 5123384 bytes
Total submission size int6+lzma: 5248861 bytes
/workspace/parameter-golf/.venv/lib/python3.12/site-packages/torch/distributed/c10d_logger.py:83: UserWarning: barrier(): using the device under current context. You can specify `device_id` in `init_process_group` to mute this warning.
  return func(*args, **kwargs)
final_int6_roundtrip val_loss:8.7019 val_bpb:5.1538 eval_time:5085ms
final_int6_roundtrip_exact val_loss:8.70192086 val_bpb:5.15376769
final_int6_sliding_window val_loss:8.6725 val_bpb:5.1363 stride:64 eval_time:168352ms
final_int6_sliding_window_exact val_loss:8.67248580 val_bpb:5.13634818
final_int8_zlib_roundtrip_exact val_loss:8.67248580 val_bpb:5.13634818
