W0402 06:15:23.418000 35386 torch/distributed/run.py:851] 
W0402 06:15:23.418000 35386 torch/distributed/run.py:851] *****************************************
W0402 06:15:23.418000 35386 torch/distributed/run.py:851] Setting OMP_NUM_THREADS environment variable for each process to be 1 in default, to avoid your system being overloaded, please further tune the variable for optimal performance in your application as needed. 
W0402 06:15:23.418000 35386 torch/distributed/run.py:851] *****************************************
/workspace/parameter-golf/.venv/lib/python3.12/site-packages/torch/distributed/c10d_logger.py:83: UserWarning: barrier(): using the device under current context. You can specify `device_id` in `init_process_group` to mute this warning.
  return func(*args, **kwargs)
[rank0]:[W402 06:15:31.036608089 ProcessGroupNCCL.cpp:5188] Guessing device ID based on global rank. This can cause a hang if rank to GPU mapping is heterogeneous. You can specify device_id in init_process_group()
logs/p2_9L_mlp4x.txt
val_bpb:enabled tokenizer_kind=sentencepiece tokenizer_path=/workspace/parameter-golf/data/tokenizers/fineweb_1024_bpe.model
train_loader:dataset:fineweb10B_sp1024 train_shards:80
val_loader:shards pattern=/workspace/parameter-golf/data/datasets/fineweb10B_sp1024/fineweb_val_*.bin tokens:62021632
model_params:27062860
mtp_num_heads:0 mtp_loss_weight:0.2 mtp_params:0
XSA:last_11 active_layers:[0, 1, 2, 3, 4, 5, 6, 7, 8]
world_size:8 grad_accum_steps:1
sdp_backends:cudnn=False flash=True mem_efficient=False math=False
attention_mode:gqa num_heads:8 num_kv_heads:4
tie_embeddings:True embed_lr:0.035 head_lr:0.0 matrix_lr:0.025 scalar_lr:0.025
train_batch_tokens:524288 train_seq_len:1024 iterations:20000 warmup_steps:20 max_wallclock_seconds:90.000
seed:1337
warmup_step:1/20
warmup_step:2/20
warmup_step:3/20
warmup_step:4/20
warmup_step:5/20
warmup_step:6/20
warmup_step:7/20
warmup_step:8/20
warmup_step:9/20
warmup_step:10/20
warmup_step:11/20
warmup_step:12/20
warmup_step:13/20
warmup_step:14/20
warmup_step:15/20
warmup_step:16/20
warmup_step:17/20
warmup_step:18/20
warmup_step:19/20
warmup_step:20/20
step:0/20000 val_loss:6.9301 val_bpb:4.1044 train_time:0ms step_avg:0.02ms
step:1/20000 train_loss:6.9305 train_time:173ms step_avg:173.36ms
late_qat:enabled step:1 scale:0.1275
step:2/20000 train_loss:8.7285 train_time:292ms step_avg:145.91ms
step:3/20000 train_loss:8.5230 train_time:433ms step_avg:144.17ms
step:4/20000 train_loss:8.0450 train_time:573ms step_avg:143.18ms
step:5/20000 train_loss:7.5031 train_time:712ms step_avg:142.48ms
step:6/20000 train_loss:7.5133 train_time:852ms step_avg:142.01ms
step:7/20000 train_loss:6.7070 train_time:992ms step_avg:141.69ms
step:8/20000 train_loss:6.5441 train_time:1132ms step_avg:141.46ms
step:9/20000 train_loss:6.3000 train_time:1272ms step_avg:141.28ms
step:10/20000 train_loss:6.0706 train_time:1411ms step_avg:141.13ms
swa:start step:50
step:200/20000 val_loss:3.1471 val_bpb:1.8639 train_time:28435ms step_avg:142.17ms
step:400/20000 val_loss:2.7893 val_bpb:1.6520 train_time:56800ms step_avg:142.00ms
step:500/20000 train_loss:2.7045 train_time:70820ms step_avg:141.64ms
step:600/20000 val_loss:2.6718 val_bpb:1.5824 train_time:85135ms step_avg:141.89ms
step:636/20000 val_loss:2.6667 val_bpb:1.5794 train_time:90162ms step_avg:141.76ms
stopping_early: wallclock_cap train_time:90162ms step:636/20000
peak memory allocated: 20291 MiB reserved: 20880 MiB
ema:applying EMA weights
DIAGNOSTIC post_ema val_loss:4.8034 val_bpb:2.8448 eval_time:5343ms
Serialized model: 106268654 bytes
Code size: 125477 bytes
gptq:building non-banked model for Hessian collection...
gptq:generating autoregressive calibration data (64 seqs x 2048 tokens, temp=0.8)...
gptq:generated 64 sequences in 62.2s
gptq:collecting hessians from autoregressive data...
gptq:collected hessians for 56 layers (AR self-gen)
selective_prune: 6991606 ±1 candidates, unpruned=5.27MB target=15.9MB
selective_prune: already fits, no pruning needed
Serialized model int6+lzma: 5399540 bytes
Total submission size int6+lzma: 5525017 bytes
/workspace/parameter-golf/.venv/lib/python3.12/site-packages/torch/distributed/c10d_logger.py:83: UserWarning: barrier(): using the device under current context. You can specify `device_id` in `init_process_group` to mute this warning.
  return func(*args, **kwargs)
final_int6_roundtrip val_loss:10.7775 val_bpb:6.3830 eval_time:5657ms
final_int6_roundtrip_exact val_loss:10.77746512 val_bpb:6.38302191
final_int6_sliding_window val_loss:10.8139 val_bpb:6.4046 stride:64 eval_time:187562ms
final_int6_sliding_window_exact val_loss:10.81388029 val_bpb:6.40460598
final_int8_zlib_roundtrip_exact val_loss:10.81388029 val_bpb:6.40460598
