W0402 07:25:42.198000 333445 torch/distributed/run.py:851] 
W0402 07:25:42.198000 333445 torch/distributed/run.py:851] *****************************************
W0402 07:25:42.198000 333445 torch/distributed/run.py:851] Setting OMP_NUM_THREADS environment variable for each process to be 1 in default, to avoid your system being overloaded, please further tune the variable for optimal performance in your application as needed. 
W0402 07:25:42.198000 333445 torch/distributed/run.py:851] *****************************************
/workspace/parameter-golf/.venv/lib/python3.12/site-packages/torch/distributed/c10d_logger.py:83: UserWarning: barrier(): using the device under current context. You can specify `device_id` in `init_process_group` to mute this warning.
  return func(*args, **kwargs)
[rank0]:[W402 07:25:50.966682763 ProcessGroupNCCL.cpp:5188] Guessing device ID based on global rank. This can cause a hang if rank to GPU mapping is heterogeneous. You can specify device_id in init_process_group()
logs/p3_8L_mlp4x_swiglu_trigram.txt
val_bpb:enabled tokenizer_kind=sentencepiece tokenizer_path=/workspace/parameter-golf/data/tokenizers/fineweb_1024_bpe.model
train_loader:dataset:fineweb10B_sp1024 train_shards:80
val_loader:shards pattern=/workspace/parameter-golf/data/datasets/fineweb10B_sp1024/fineweb_val_*.bin tokens:62021632
model_params:32565828
mtp_num_heads:0 mtp_loss_weight:0.2 mtp_params:0
XSA:last_11 active_layers:[0, 1, 2, 3, 4, 5, 6, 7]
world_size:8 grad_accum_steps:1
sdp_backends:cudnn=False flash=True mem_efficient=False math=False
attention_mode:gqa num_heads:8 num_kv_heads:4
tie_embeddings:True embed_lr:0.035 head_lr:0.0 matrix_lr:0.025 scalar_lr:0.025
train_batch_tokens:524288 train_seq_len:1024 iterations:20000 warmup_steps:20 max_wallclock_seconds:90.000
seed:1337
warmup_step:1/20
warmup_step:2/20
warmup_step:3/20
warmup_step:4/20
warmup_step:5/20
warmup_step:6/20
warmup_step:7/20
warmup_step:8/20
warmup_step:9/20
warmup_step:10/20
warmup_step:11/20
warmup_step:12/20
warmup_step:13/20
warmup_step:14/20
warmup_step:15/20
warmup_step:16/20
warmup_step:17/20
warmup_step:18/20
warmup_step:19/20
warmup_step:20/20
step:0/20000 val_loss:6.9300 val_bpb:4.1043 train_time:0ms step_avg:0.02ms
step:1/20000 train_loss:6.9311 train_time:148ms step_avg:147.57ms
step:2/20000 train_loss:9.0137 train_time:234ms step_avg:116.91ms
step:3/20000 train_loss:8.6732 train_time:347ms step_avg:115.71ms
step:4/20000 train_loss:8.0111 train_time:461ms step_avg:115.25ms
step:5/20000 train_loss:7.3474 train_time:574ms step_avg:114.83ms
step:6/20000 train_loss:7.3568 train_time:688ms step_avg:114.66ms
step:7/20000 train_loss:6.5122 train_time:801ms step_avg:114.47ms
step:8/20000 train_loss:6.3452 train_time:915ms step_avg:114.37ms
step:9/20000 train_loss:6.1554 train_time:1028ms step_avg:114.24ms
step:10/20000 train_loss:5.9768 train_time:1142ms step_avg:114.18ms
swa:start step:50
late_qat:enabled step:182 scale:0.1498
step:200/20000 val_loss:3.1591 val_bpb:1.8710 train_time:23174ms step_avg:115.87ms
step:400/20000 val_loss:2.7649 val_bpb:1.6375 train_time:46318ms step_avg:115.80ms
step:500/20000 train_loss:2.6827 train_time:58686ms step_avg:117.37ms
step:600/20000 val_loss:2.6267 val_bpb:1.5557 train_time:80727ms step_avg:134.55ms
step:637/20000 val_loss:2.6176 val_bpb:1.5503 train_time:90153ms step_avg:141.53ms
stopping_early: wallclock_cap train_time:90153ms step:637/20000
peak memory allocated: 17526 MiB reserved: 17558 MiB
ema:applying EMA weights
DIAGNOSTIC post_ema val_loss:3.3158 val_bpb:1.9638 eval_time:8528ms
Serialized model: 111504626 bytes
Code size: 125477 bytes
gptq:building non-banked model for Hessian collection...
gptq:generating autoregressive calibration data (64 seqs x 2048 tokens, temp=0.8)...
gptq:generated 64 sequences in 57.6s
gptq:collecting hessians from autoregressive data...
gptq:collected hessians for 58 layers (AR self-gen)
selective_prune: 9763066 ±1 candidates, unpruned=8.39MB target=15.9MB
selective_prune: already fits, no pruning needed
Serialized model int6+lzma: 8672964 bytes
Total submission size int6+lzma: 8798441 bytes
/workspace/parameter-golf/.venv/lib/python3.12/site-packages/torch/distributed/c10d_logger.py:83: UserWarning: barrier(): using the device under current context. You can specify `device_id` in `init_process_group` to mute this warning.
  return func(*args, **kwargs)
final_int6_roundtrip val_loss:6.5878 val_bpb:3.9016 eval_time:4510ms
final_int6_roundtrip_exact val_loss:6.58775573 val_bpb:3.90164001
final_int6_sliding_window val_loss:6.5912 val_bpb:3.9037 stride:64 eval_time:152022ms
final_int6_sliding_window_exact val_loss:6.59124769 val_bpb:3.90371848
final_int8_zlib_roundtrip_exact val_loss:6.59124769 val_bpb:3.90371848
