logs/7629f240-4cd4-4ff0-8a89-428820b1f90b.txt
val_bpb:enabled tokenizer_kind=sentencepiece tokenizer_path=./data/tokenizers/fineweb_1024_bpe.model
train_loader:dataset:fineweb10B_sp1024 train_shards:10
val_loader:shards pattern=./data/datasets/fineweb10B_sp1024/fineweb_val_*.bin tokens:62021632
model_params:17059912
world_size:1 grad_accum_steps:8
sdp_backends:cudnn=False flash=True mem_efficient=False math=False
attention_mode:gqa num_heads:8 num_kv_heads:4
tie_embeddings:True embed_lr:0.05 head_lr:0.0 matrix_lr:0.04 scalar_lr:0.04
train_batch_tokens:524288 train_seq_len:1024 iterations:20000 warmup_steps:20 max_wallclock_seconds:480.000
seed:1337
warmup_step:1/20
warmup_step:2/20
warmup_step:3/20
warmup_step:4/20
warmup_step:5/20
warmup_step:6/20
warmup_step:7/20
warmup_step:8/20
warmup_step:9/20
warmup_step:10/20
warmup_step:11/20
warmup_step:12/20
warmup_step:13/20
warmup_step:14/20
warmup_step:15/20
warmup_step:16/20
warmup_step:17/20
warmup_step:18/20
warmup_step:19/20
warmup_step:20/20
step:0/20000 val_loss:6.9357 val_bpb:4.1077 train_time:0ms step_avg:0.02ms
step:1/20000 train_loss:6.9357 train_time:338ms step_avg:337.79ms
step:2/20000 train_loss:16.7413 train_time:672ms step_avg:336.00ms
step:3/20000 train_loss:8.7525 train_time:1009ms step_avg:336.31ms
step:4/20000 train_loss:6.5884 train_time:1341ms step_avg:335.21ms
step:5/20000 train_loss:6.6520 train_time:1681ms step_avg:336.22ms
step:6/20000 train_loss:6.6999 train_time:2022ms step_avg:337.03ms
step:7/20000 train_loss:6.3334 train_time:2359ms step_avg:336.96ms
step:8/20000 train_loss:6.1813 train_time:2694ms step_avg:336.73ms
step:9/20000 train_loss:6.0839 train_time:3040ms step_avg:337.77ms
step:10/20000 train_loss:5.9957 train_time:3375ms step_avg:337.53ms
step:200/20000 train_loss:2.7912 train_time:67450ms step_avg:337.25ms
step:400/20000 train_loss:2.3846 train_time:134509ms step_avg:336.27ms
step:600/20000 train_loss:2.4816 train_time:201553ms step_avg:335.92ms
step:800/20000 train_loss:2.3292 train_time:268495ms step_avg:335.62ms
step:1000/20000 train_loss:2.3398 train_time:335580ms step_avg:335.58ms
step:1000/20000 val_loss:2.3084 val_bpb:1.3672 train_time:335581ms step_avg:335.58ms
step:1200/20000 train_loss:2.2624 train_time:402624ms step_avg:335.52ms
step:1400/20000 train_loss:2.2927 train_time:469839ms step_avg:335.60ms
step:1431/20000 val_loss:2.2438 val_bpb:1.3289 train_time:480184ms step_avg:335.56ms
stopping_early: wallclock_cap train_time:480184ms step:1431/20000
peak memory allocated: 10303 MiB reserved: 10622 MiB
Serialized model: 67224983 bytes
Code size: 47693 bytes
Total submission size: 67272676 bytes
Serialized model int8+zlib: 13471458 bytes (payload:17178912 raw_torch:17224025 payload_ratio:3.91x)
Total submission size int8+zlib: 13519151 bytes
final_int8_zlib_roundtrip val_loss:2.2459 val_bpb:1.3301 eval_time:10934ms
final_int8_zlib_roundtrip_exact val_loss:2.24589635 val_bpb:1.33014633
