[W401 19:34:13.883466749 CUDAAllocatorConfig.h:28] Warning: expandable_segments not supported on this platform (function operator())
logs/p1_16q_8kv_mlp2x.txt
val_bpb:enabled tokenizer_kind=sentencepiece tokenizer_path=/home/ubuntu/parameter-golf/data/tokenizers/fineweb_1024_bpe.model
train_loader:dataset:fineweb10B_sp1024 train_shards:80
val_loader:shards pattern=/home/ubuntu/parameter-golf/data/datasets/fineweb10B_sp1024/fineweb_val_*.bin tokens:62021632
model_params:6596832
world_size:1 grad_accum_steps:8
sdp_backends:cudnn=False flash=True mem_efficient=False math=False
attention_mode:gqa num_heads:16 num_kv_heads:8
tie_embeddings:True embed_lr:0.05 head_lr:0.0 matrix_lr:0.04 scalar_lr:0.04
train_batch_tokens:262144 train_seq_len:512 iterations:20000 warmup_steps:10 max_wallclock_seconds:90.000
seed:1337
warmup_step:1/10
warmup_step:2/10
warmup_step:3/10
warmup_step:4/10
warmup_step:5/10
warmup_step:6/10
warmup_step:7/10
warmup_step:8/10
warmup_step:9/10
warmup_step:10/10
step:0/20000 val_loss:6.9319 val_bpb:4.1055 train_time:0ms step_avg:0.02ms
step:1/20000 train_loss:6.9327 train_time:544ms step_avg:543.60ms
step:2/20000 train_loss:13.9410 train_time:1087ms step_avg:543.36ms
step:3/20000 train_loss:11.9318 train_time:1631ms step_avg:543.55ms
step:4/20000 train_loss:9.6286 train_time:2175ms step_avg:543.79ms
step:5/20000 train_loss:7.6902 train_time:2719ms step_avg:543.82ms
step:6/20000 train_loss:6.5244 train_time:3263ms step_avg:543.81ms
step:7/20000 train_loss:6.0548 train_time:3807ms step_avg:543.80ms
step:8/20000 train_loss:5.8007 train_time:4350ms step_avg:543.81ms
step:9/20000 train_loss:5.7463 train_time:4898ms step_avg:544.19ms
step:10/20000 train_loss:5.7486 train_time:5441ms step_avg:544.11ms
step:10/20000 val_loss:5.7277 val_bpb:3.3923 train_time:5442ms step_avg:544.23ms
step:20/20000 val_loss:5.5077 val_bpb:3.2619 train_time:10882ms step_avg:544.10ms
step:30/20000 val_loss:5.0723 val_bpb:3.0041 train_time:16321ms step_avg:544.04ms
step:40/20000 val_loss:4.6827 val_bpb:2.7734 train_time:21759ms step_avg:543.97ms
step:50/20000 val_loss:4.4719 val_bpb:2.6485 train_time:27197ms step_avg:543.94ms
step:60/20000 val_loss:4.3489 val_bpb:2.5756 train_time:32642ms step_avg:544.03ms
step:70/20000 val_loss:4.2679 val_bpb:2.5277 train_time:38082ms step_avg:544.02ms
step:80/20000 val_loss:4.2047 val_bpb:2.4903 train_time:43525ms step_avg:544.06ms
step:90/20000 val_loss:4.1423 val_bpb:2.4533 train_time:48962ms step_avg:544.03ms
step:100/20000 val_loss:4.0714 val_bpb:2.4113 train_time:54401ms step_avg:544.01ms
step:110/20000 val_loss:3.9944 val_bpb:2.3657 train_time:59841ms step_avg:544.01ms
step:120/20000 val_loss:3.9367 val_bpb:2.3315 train_time:65285ms step_avg:544.04ms
W0401 19:44:10.191000 698573 torch/distributed/elastic/agent/server/api.py:704] Received Signals.SIGTERM death signal, shutting down workers
W0401 19:44:10.192000 698573 torch/distributed/elastic/multiprocessing/api.py:897] Sending process 698608 closing signal SIGTERM
Traceback (most recent call last):
  File "/home/ubuntu/parameter-golf/.venv/bin/torchrun", line 8, in <module>
    sys.exit(main())
  File "/home/ubuntu/parameter-golf/.venv/lib/python3.10/site-packages/torch/distributed/elastic/multiprocessing/errors/__init__.py", line 355, in wrapper
    return f(*args, **kwargs)
  File "/home/ubuntu/parameter-golf/.venv/lib/python3.10/site-packages/torch/distributed/run.py", line 919, in main
    run(args)
  File "/home/ubuntu/parameter-golf/.venv/lib/python3.10/site-packages/torch/distributed/run.py", line 910, in run
    elastic_launch(
  File "/home/ubuntu/parameter-golf/.venv/lib/python3.10/site-packages/torch/distributed/launcher/api.py", line 138, in __call__
    return launch_agent(self._config, self._entrypoint, list(args))
  File "/home/ubuntu/parameter-golf/.venv/lib/python3.10/site-packages/torch/distributed/launcher/api.py", line 260, in launch_agent
    result = agent.run()
  File "/home/ubuntu/parameter-golf/.venv/lib/python3.10/site-packages/torch/distributed/elastic/metrics/api.py", line 137, in wrapper
    result = f(*args, **kwargs)
  File "/home/ubuntu/parameter-golf/.venv/lib/python3.10/site-packages/torch/distributed/elastic/agent/server/api.py", line 696, in run
    result = self._invoke_run(role)
  File "/home/ubuntu/parameter-golf/.venv/lib/python3.10/site-packages/torch/distributed/elastic/agent/server/api.py", line 855, in _invoke_run
    time.sleep(monitor_interval)
  File "/home/ubuntu/parameter-golf/.venv/lib/python3.10/site-packages/torch/distributed/elastic/multiprocessing/api.py", line 84, in _terminate_process_handler
    raise SignalException(f"Process {os.getpid()} got signal: {sigval}", sigval=sigval)
torch.distributed.elastic.multiprocessing.api.SignalException: Process 698573 got signal: 15
