[W401 20:19:44.922624707 CUDAAllocatorConfig.h:28] Warning: expandable_segments not supported on this platform (function operator())
logs/p2_fft_last2.txt
val_bpb:enabled tokenizer_kind=sentencepiece tokenizer_path=/home/ubuntu/parameter-golf/data/tokenizers/fineweb_1024_bpe.model
train_loader:dataset:fineweb10B_sp1024 train_shards:80
val_loader:shards pattern=/home/ubuntu/parameter-golf/data/datasets/fineweb10B_sp1024/fineweb_val_*.bin tokens:62021632
model_params:6596784
world_size:1 grad_accum_steps:8
sdp_backends:cudnn=False flash=True mem_efficient=False math=False
attention_mode:gqa num_heads:8 num_kv_heads:4
tie_embeddings:True embed_lr:0.05 head_lr:0.0 matrix_lr:0.04 scalar_lr:0.04
train_batch_tokens:262144 train_seq_len:512 iterations:20000 warmup_steps:10 max_wallclock_seconds:90.000
seed:1337
warmup_step:1/10
warmup_step:2/10
warmup_step:3/10
warmup_step:4/10
warmup_step:5/10
warmup_step:6/10
warmup_step:7/10
warmup_step:8/10
warmup_step:9/10
warmup_step:10/10
step:0/20000 val_loss:6.9319 val_bpb:4.1055 train_time:0ms step_avg:0.02ms
step:1/20000 train_loss:6.9327 train_time:542ms step_avg:541.76ms
step:2/20000 train_loss:13.9420 train_time:1084ms step_avg:541.89ms
step:3/20000 train_loss:11.9266 train_time:1626ms step_avg:542.04ms
step:4/20000 train_loss:9.6182 train_time:2169ms step_avg:542.28ms
step:5/20000 train_loss:7.6807 train_time:2711ms step_avg:542.18ms
step:6/20000 train_loss:6.5173 train_time:3253ms step_avg:542.23ms
step:7/20000 train_loss:6.0511 train_time:3795ms step_avg:542.21ms
step:8/20000 train_loss:5.7996 train_time:4338ms step_avg:542.22ms
step:9/20000 train_loss:5.7455 train_time:4880ms step_avg:542.22ms
step:10/20000 train_loss:5.7487 train_time:5422ms step_avg:542.22ms
step:10/20000 val_loss:5.7272 val_bpb:3.3920 train_time:5423ms step_avg:542.31ms
step:20/20000 val_loss:5.5074 val_bpb:3.2618 train_time:10846ms step_avg:542.28ms
step:30/20000 val_loss:5.0717 val_bpb:3.0037 train_time:16269ms step_avg:542.30ms
step:40/20000 val_loss:4.6782 val_bpb:2.7707 train_time:21692ms step_avg:542.31ms
step:50/20000 val_loss:4.4609 val_bpb:2.6420 train_time:27115ms step_avg:542.31ms
step:60/20000 val_loss:4.3240 val_bpb:2.5609 train_time:32538ms step_avg:542.31ms
step:70/20000 val_loss:4.2207 val_bpb:2.4997 train_time:37960ms step_avg:542.28ms
step:80/20000 val_loss:4.1223 val_bpb:2.4415 train_time:43382ms step_avg:542.28ms
step:90/20000 val_loss:4.0187 val_bpb:2.3801 train_time:48804ms step_avg:542.26ms
step:100/20000 val_loss:3.9198 val_bpb:2.3215 train_time:54228ms step_avg:542.28ms
step:110/20000 val_loss:3.8238 val_bpb:2.2647 train_time:59650ms step_avg:542.28ms
W0401 20:29:41.221000 702984 torch/distributed/elastic/agent/server/api.py:704] Received Signals.SIGTERM death signal, shutting down workers
W0401 20:29:41.222000 702984 torch/distributed/elastic/multiprocessing/api.py:897] Sending process 703015 closing signal SIGTERM
Traceback (most recent call last):
  File "/home/ubuntu/parameter-golf/.venv/bin/torchrun", line 8, in <module>
    sys.exit(main())
  File "/home/ubuntu/parameter-golf/.venv/lib/python3.10/site-packages/torch/distributed/elastic/multiprocessing/errors/__init__.py", line 355, in wrapper
    return f(*args, **kwargs)
  File "/home/ubuntu/parameter-golf/.venv/lib/python3.10/site-packages/torch/distributed/run.py", line 919, in main
    run(args)
  File "/home/ubuntu/parameter-golf/.venv/lib/python3.10/site-packages/torch/distributed/run.py", line 910, in run
    elastic_launch(
  File "/home/ubuntu/parameter-golf/.venv/lib/python3.10/site-packages/torch/distributed/launcher/api.py", line 138, in __call__
    return launch_agent(self._config, self._entrypoint, list(args))
  File "/home/ubuntu/parameter-golf/.venv/lib/python3.10/site-packages/torch/distributed/launcher/api.py", line 260, in launch_agent
    result = agent.run()
  File "/home/ubuntu/parameter-golf/.venv/lib/python3.10/site-packages/torch/distributed/elastic/metrics/api.py", line 137, in wrapper
    result = f(*args, **kwargs)
  File "/home/ubuntu/parameter-golf/.venv/lib/python3.10/site-packages/torch/distributed/elastic/agent/server/api.py", line 696, in run
    result = self._invoke_run(role)
  File "/home/ubuntu/parameter-golf/.venv/lib/python3.10/site-packages/torch/distributed/elastic/agent/server/api.py", line 855, in _invoke_run
    time.sleep(monitor_interval)
  File "/home/ubuntu/parameter-golf/.venv/lib/python3.10/site-packages/torch/distributed/elastic/multiprocessing/api.py", line 84, in _terminate_process_handler
    raise SignalException(f"Process {os.getpid()} got signal: {sigval}", sigval=sigval)
torch.distributed.elastic.multiprocessing.api.SignalException: Process 702984 got signal: 15
