[W401 20:49:46.860027503 CUDAAllocatorConfig.h:28] Warning: expandable_segments not supported on this platform (function operator())
logs/p2_ln_inv_sqrt.txt
val_bpb:enabled tokenizer_kind=sentencepiece tokenizer_path=/home/ubuntu/parameter-golf/data/tokenizers/fineweb_1024_bpe.model
train_loader:dataset:fineweb10B_sp1024 train_shards:80
val_loader:shards pattern=/home/ubuntu/parameter-golf/data/datasets/fineweb10B_sp1024/fineweb_val_*.bin tokens:62021632
model_params:6596784
world_size:1 grad_accum_steps:8
sdp_backends:cudnn=False flash=True mem_efficient=False math=False
attention_mode:gqa num_heads:8 num_kv_heads:4
tie_embeddings:True embed_lr:0.05 head_lr:0.0 matrix_lr:0.04 scalar_lr:0.04
train_batch_tokens:262144 train_seq_len:512 iterations:20000 warmup_steps:10 max_wallclock_seconds:90.000
seed:1337
warmup_step:1/10
warmup_step:2/10
warmup_step:3/10
warmup_step:4/10
warmup_step:5/10
warmup_step:6/10
warmup_step:7/10
warmup_step:8/10
warmup_step:9/10
warmup_step:10/10
step:0/20000 val_loss:6.9319 val_bpb:4.1055 train_time:0ms step_avg:0.02ms
step:1/20000 train_loss:6.9327 train_time:541ms step_avg:540.92ms
step:2/20000 train_loss:14.0728 train_time:1082ms step_avg:541.00ms
step:3/20000 train_loss:12.1193 train_time:1623ms step_avg:541.09ms
step:4/20000 train_loss:9.8750 train_time:2164ms step_avg:541.05ms
step:5/20000 train_loss:7.9201 train_time:2705ms step_avg:541.07ms
step:6/20000 train_loss:6.6761 train_time:3247ms step_avg:541.09ms
step:7/20000 train_loss:6.1331 train_time:3788ms step_avg:541.12ms
step:8/20000 train_loss:5.8279 train_time:4329ms step_avg:541.12ms
step:9/20000 train_loss:5.7463 train_time:4870ms step_avg:541.14ms
step:10/20000 train_loss:5.7477 train_time:5411ms step_avg:541.13ms
step:10/20000 val_loss:5.7276 val_bpb:3.3922 train_time:5412ms step_avg:541.18ms
step:20/20000 val_loss:5.5430 val_bpb:3.2829 train_time:10823ms step_avg:541.16ms
step:30/20000 val_loss:5.1801 val_bpb:3.0680 train_time:16236ms step_avg:541.21ms
step:40/20000 val_loss:4.7589 val_bpb:2.8185 train_time:21649ms step_avg:541.22ms
step:50/20000 val_loss:4.5108 val_bpb:2.6716 train_time:27060ms step_avg:541.21ms
step:60/20000 val_loss:4.3627 val_bpb:2.5838 train_time:32471ms step_avg:541.19ms
step:70/20000 val_loss:4.2638 val_bpb:2.5253 train_time:37881ms step_avg:541.16ms
step:80/20000 val_loss:4.1795 val_bpb:2.4753 train_time:43289ms step_avg:541.11ms
step:90/20000 val_loss:4.0931 val_bpb:2.4242 train_time:48701ms step_avg:541.12ms
step:100/20000 val_loss:4.0018 val_bpb:2.3701 train_time:54116ms step_avg:541.16ms
step:110/20000 val_loss:3.9129 val_bpb:2.3174 train_time:59535ms step_avg:541.23ms
W0401 20:59:43.126000 704392 torch/distributed/elastic/agent/server/api.py:704] Received Signals.SIGTERM death signal, shutting down workers
W0401 20:59:43.127000 704392 torch/distributed/elastic/multiprocessing/api.py:897] Sending process 704422 closing signal SIGTERM
Traceback (most recent call last):
  File "/home/ubuntu/parameter-golf/.venv/bin/torchrun", line 8, in <module>
    sys.exit(main())
  File "/home/ubuntu/parameter-golf/.venv/lib/python3.10/site-packages/torch/distributed/elastic/multiprocessing/errors/__init__.py", line 355, in wrapper
    return f(*args, **kwargs)
  File "/home/ubuntu/parameter-golf/.venv/lib/python3.10/site-packages/torch/distributed/run.py", line 919, in main
    run(args)
  File "/home/ubuntu/parameter-golf/.venv/lib/python3.10/site-packages/torch/distributed/run.py", line 910, in run
    elastic_launch(
  File "/home/ubuntu/parameter-golf/.venv/lib/python3.10/site-packages/torch/distributed/launcher/api.py", line 138, in __call__
    return launch_agent(self._config, self._entrypoint, list(args))
  File "/home/ubuntu/parameter-golf/.venv/lib/python3.10/site-packages/torch/distributed/launcher/api.py", line 260, in launch_agent
    result = agent.run()
  File "/home/ubuntu/parameter-golf/.venv/lib/python3.10/site-packages/torch/distributed/elastic/metrics/api.py", line 137, in wrapper
    result = f(*args, **kwargs)
  File "/home/ubuntu/parameter-golf/.venv/lib/python3.10/site-packages/torch/distributed/elastic/agent/server/api.py", line 696, in run
    result = self._invoke_run(role)
  File "/home/ubuntu/parameter-golf/.venv/lib/python3.10/site-packages/torch/distributed/elastic/agent/server/api.py", line 855, in _invoke_run
    time.sleep(monitor_interval)
  File "/home/ubuntu/parameter-golf/.venv/lib/python3.10/site-packages/torch/distributed/elastic/multiprocessing/api.py", line 84, in _terminate_process_handler
    raise SignalException(f"Process {os.getpid()} got signal: {sigval}", sigval=sigval)
torch.distributed.elastic.multiprocessing.api.SignalException: Process 704392 got signal: 15
