[W401 23:04:16.578648773 CUDAAllocatorConfig.h:28] Warning: expandable_segments not supported on this platform (function operator())
logs/p2_local_conv3.txt
val_bpb:enabled tokenizer_kind=sentencepiece tokenizer_path=/home/ubuntu/parameter-golf/data/tokenizers/fineweb_1024_bpe.model
train_loader:dataset:fineweb10B_sp1024 train_shards:80
val_loader:shards pattern=/home/ubuntu/parameter-golf/data/datasets/fineweb10B_sp1024/fineweb_val_*.bin tokens:62021632
model_params:6598320
world_size:1 grad_accum_steps:8
sdp_backends:cudnn=False flash=True mem_efficient=False math=False
attention_mode:gqa num_heads:8 num_kv_heads:4
tie_embeddings:True embed_lr:0.05 head_lr:0.0 matrix_lr:0.04 scalar_lr:0.04
train_batch_tokens:262144 train_seq_len:512 iterations:20000 warmup_steps:10 max_wallclock_seconds:90.000
seed:1337
warmup_step:1/10
warmup_step:2/10
warmup_step:3/10
warmup_step:4/10
warmup_step:5/10
warmup_step:6/10
warmup_step:7/10
warmup_step:8/10
warmup_step:9/10
warmup_step:10/10
step:0/20000 val_loss:6.9330 val_bpb:4.1061 train_time:0ms step_avg:0.02ms
step:1/20000 train_loss:6.9333 train_time:560ms step_avg:559.80ms
step:2/20000 train_loss:13.8767 train_time:1119ms step_avg:559.74ms
step:3/20000 train_loss:11.9362 train_time:1679ms step_avg:559.81ms
step:4/20000 train_loss:9.6997 train_time:2239ms step_avg:559.83ms
step:5/20000 train_loss:7.7719 train_time:2804ms step_avg:560.76ms
step:6/20000 train_loss:6.5765 train_time:3364ms step_avg:560.67ms
step:7/20000 train_loss:6.0730 train_time:3924ms step_avg:560.63ms
step:8/20000 train_loss:5.7887 train_time:4484ms step_avg:560.56ms
step:9/20000 train_loss:5.7350 train_time:5045ms step_avg:560.54ms
step:10/20000 train_loss:5.7382 train_time:5605ms step_avg:560.51ms
step:10/20000 val_loss:5.7107 val_bpb:3.3822 train_time:5606ms step_avg:560.61ms
step:20/20000 val_loss:5.5268 val_bpb:3.2733 train_time:11207ms step_avg:560.35ms
step:30/20000 val_loss:5.1350 val_bpb:3.0412 train_time:16805ms step_avg:560.17ms
step:40/20000 val_loss:4.7264 val_bpb:2.7992 train_time:22406ms step_avg:560.14ms
step:50/20000 val_loss:4.4983 val_bpb:2.6641 train_time:28006ms step_avg:560.13ms
step:60/20000 val_loss:4.3514 val_bpb:2.5771 train_time:33610ms step_avg:560.17ms
step:70/20000 val_loss:4.2426 val_bpb:2.5127 train_time:39210ms step_avg:560.14ms
step:80/20000 val_loss:4.1451 val_bpb:2.4550 train_time:44809ms step_avg:560.11ms
step:90/20000 val_loss:4.0466 val_bpb:2.3966 train_time:50409ms step_avg:560.10ms
step:100/20000 val_loss:3.9519 val_bpb:2.3405 train_time:56013ms step_avg:560.13ms
step:110/20000 val_loss:3.8601 val_bpb:2.2861 train_time:61613ms step_avg:560.12ms
W0401 23:14:13.991000 714321 torch/distributed/elastic/agent/server/api.py:704] Received Signals.SIGTERM death signal, shutting down workers
W0401 23:14:13.992000 714321 torch/distributed/elastic/multiprocessing/api.py:897] Sending process 714351 closing signal SIGTERM
Traceback (most recent call last):
  File "/home/ubuntu/parameter-golf/.venv/bin/torchrun", line 8, in <module>
    sys.exit(main())
  File "/home/ubuntu/parameter-golf/.venv/lib/python3.10/site-packages/torch/distributed/elastic/multiprocessing/errors/__init__.py", line 355, in wrapper
    return f(*args, **kwargs)
  File "/home/ubuntu/parameter-golf/.venv/lib/python3.10/site-packages/torch/distributed/run.py", line 919, in main
    run(args)
  File "/home/ubuntu/parameter-golf/.venv/lib/python3.10/site-packages/torch/distributed/run.py", line 910, in run
    elastic_launch(
  File "/home/ubuntu/parameter-golf/.venv/lib/python3.10/site-packages/torch/distributed/launcher/api.py", line 138, in __call__
    return launch_agent(self._config, self._entrypoint, list(args))
  File "/home/ubuntu/parameter-golf/.venv/lib/python3.10/site-packages/torch/distributed/launcher/api.py", line 260, in launch_agent
    result = agent.run()
  File "/home/ubuntu/parameter-golf/.venv/lib/python3.10/site-packages/torch/distributed/elastic/metrics/api.py", line 137, in wrapper
    result = f(*args, **kwargs)
  File "/home/ubuntu/parameter-golf/.venv/lib/python3.10/site-packages/torch/distributed/elastic/agent/server/api.py", line 696, in run
    result = self._invoke_run(role)
  File "/home/ubuntu/parameter-golf/.venv/lib/python3.10/site-packages/torch/distributed/elastic/agent/server/api.py", line 855, in _invoke_run
    time.sleep(monitor_interval)
  File "/home/ubuntu/parameter-golf/.venv/lib/python3.10/site-packages/torch/distributed/elastic/multiprocessing/api.py", line 84, in _terminate_process_handler
    raise SignalException(f"Process {os.getpid()} got signal: {sigval}", sigval=sigval)
torch.distributed.elastic.multiprocessing.api.SignalException: Process 714321 got signal: 15
