[W401 20:59:46.445823211 CUDAAllocatorConfig.h:28] Warning: expandable_segments not supported on this platform (function operator())
logs/p2_trigram_hash.txt
val_bpb:enabled tokenizer_kind=sentencepiece tokenizer_path=/home/ubuntu/parameter-golf/data/tokenizers/fineweb_1024_bpe.model
train_loader:dataset:fineweb10B_sp1024 train_shards:80
val_loader:shards pattern=/home/ubuntu/parameter-golf/data/datasets/fineweb10B_sp1024/fineweb_val_*.bin tokens:62021632
model_params:6883888
world_size:1 grad_accum_steps:8
sdp_backends:cudnn=False flash=True mem_efficient=False math=False
attention_mode:gqa num_heads:8 num_kv_heads:4
tie_embeddings:True embed_lr:0.05 head_lr:0.0 matrix_lr:0.04 scalar_lr:0.04
train_batch_tokens:262144 train_seq_len:512 iterations:20000 warmup_steps:10 max_wallclock_seconds:90.000
seed:1337
warmup_step:1/10
warmup_step:2/10
warmup_step:3/10
warmup_step:4/10
warmup_step:5/10
warmup_step:6/10
warmup_step:7/10
warmup_step:8/10
warmup_step:9/10
warmup_step:10/10
step:0/20000 val_loss:6.9317 val_bpb:4.1054 train_time:0ms step_avg:0.02ms
step:1/20000 train_loss:6.9322 train_time:550ms step_avg:549.78ms
step:2/20000 train_loss:13.9503 train_time:1100ms step_avg:549.91ms
step:3/20000 train_loss:11.9507 train_time:1650ms step_avg:549.86ms
step:4/20000 train_loss:9.6727 train_time:2200ms step_avg:549.93ms
step:5/20000 train_loss:7.7463 train_time:2750ms step_avg:549.93ms
step:6/20000 train_loss:6.5536 train_time:3300ms step_avg:549.94ms
step:7/20000 train_loss:6.0560 train_time:3850ms step_avg:549.98ms
step:8/20000 train_loss:5.7907 train_time:4400ms step_avg:549.99ms
step:9/20000 train_loss:5.7293 train_time:4950ms step_avg:549.97ms
step:10/20000 train_loss:5.7357 train_time:5504ms step_avg:550.35ms
step:10/20000 val_loss:5.7238 val_bpb:3.3899 train_time:5504ms step_avg:550.42ms
step:20/20000 val_loss:5.5101 val_bpb:3.2634 train_time:11004ms step_avg:550.22ms
step:30/20000 val_loss:5.0909 val_bpb:3.0151 train_time:16505ms step_avg:550.15ms
step:40/20000 val_loss:4.6655 val_bpb:2.7632 train_time:22003ms step_avg:550.08ms
step:50/20000 val_loss:4.4195 val_bpb:2.6175 train_time:27502ms step_avg:550.04ms
step:60/20000 val_loss:4.2477 val_bpb:2.5157 train_time:32999ms step_avg:549.99ms
step:70/20000 val_loss:4.1150 val_bpb:2.4372 train_time:38499ms step_avg:549.98ms
step:80/20000 val_loss:4.0031 val_bpb:2.3709 train_time:43998ms step_avg:549.98ms
step:90/20000 val_loss:3.9000 val_bpb:2.3098 train_time:49496ms step_avg:549.96ms
step:100/20000 val_loss:3.8103 val_bpb:2.2567 train_time:54995ms step_avg:549.95ms
step:110/20000 val_loss:3.7321 val_bpb:2.2104 train_time:60494ms step_avg:549.95ms
W0401 21:09:43.741000 704859 torch/distributed/elastic/agent/server/api.py:704] Received Signals.SIGTERM death signal, shutting down workers
W0401 21:09:43.742000 704859 torch/distributed/elastic/multiprocessing/api.py:897] Sending process 704889 closing signal SIGTERM
Traceback (most recent call last):
  File "/home/ubuntu/parameter-golf/.venv/bin/torchrun", line 8, in <module>
    sys.exit(main())
  File "/home/ubuntu/parameter-golf/.venv/lib/python3.10/site-packages/torch/distributed/elastic/multiprocessing/errors/__init__.py", line 355, in wrapper
    return f(*args, **kwargs)
  File "/home/ubuntu/parameter-golf/.venv/lib/python3.10/site-packages/torch/distributed/run.py", line 919, in main
    run(args)
  File "/home/ubuntu/parameter-golf/.venv/lib/python3.10/site-packages/torch/distributed/run.py", line 910, in run
    elastic_launch(
  File "/home/ubuntu/parameter-golf/.venv/lib/python3.10/site-packages/torch/distributed/launcher/api.py", line 138, in __call__
    return launch_agent(self._config, self._entrypoint, list(args))
  File "/home/ubuntu/parameter-golf/.venv/lib/python3.10/site-packages/torch/distributed/launcher/api.py", line 260, in launch_agent
    result = agent.run()
  File "/home/ubuntu/parameter-golf/.venv/lib/python3.10/site-packages/torch/distributed/elastic/metrics/api.py", line 137, in wrapper
    result = f(*args, **kwargs)
  File "/home/ubuntu/parameter-golf/.venv/lib/python3.10/site-packages/torch/distributed/elastic/agent/server/api.py", line 696, in run
    result = self._invoke_run(role)
  File "/home/ubuntu/parameter-golf/.venv/lib/python3.10/site-packages/torch/distributed/elastic/agent/server/api.py", line 855, in _invoke_run
    time.sleep(monitor_interval)
  File "/home/ubuntu/parameter-golf/.venv/lib/python3.10/site-packages/torch/distributed/elastic/multiprocessing/api.py", line 84, in _terminate_process_handler
    raise SignalException(f"Process {os.getpid()} got signal: {sigval}", sigval=sigval)
torch.distributed.elastic.multiprocessing.api.SignalException: Process 704859 got signal: 15
