[W401 22:15:23.825324812 CUDAAllocatorConfig.h:28] Warning: expandable_segments not supported on this platform (function operator())
logs/p6_mlp3x.txt
val_bpb:enabled tokenizer_kind=sentencepiece tokenizer_path=./data/tokenizers/fineweb_1024_bpe.model
train_loader:dataset:fineweb10B_sp1024 train_shards:80
val_loader:shards pattern=./data/datasets/fineweb10B_sp1024/fineweb_val_*.bin tokens:62021632
model_params:8366256
world_size:1 grad_accum_steps:8
sdp_backends:cudnn=False flash=True mem_efficient=False math=False
attention_mode:gqa num_heads:8 num_kv_heads:4
tie_embeddings:True embed_lr:0.05 head_lr:0.0 matrix_lr:0.04 scalar_lr:0.04
train_batch_tokens:262144 train_seq_len:512 iterations:20000 warmup_steps:10 max_wallclock_seconds:90.000
seed:1337
warmup_step:1/10
warmup_step:2/10
warmup_step:3/10
warmup_step:4/10
warmup_step:5/10
warmup_step:6/10
warmup_step:7/10
warmup_step:8/10
warmup_step:9/10
warmup_step:10/10
step:0/20000 val_loss:6.9327 val_bpb:4.1060 train_time:0ms step_avg:0.02ms
step:1/20000 train_loss:6.9336 train_time:574ms step_avg:574.41ms
step:2/20000 train_loss:13.7839 train_time:1150ms step_avg:574.75ms
step:3/20000 train_loss:11.8561 train_time:1725ms step_avg:575.02ms
step:4/20000 train_loss:9.6896 train_time:2304ms step_avg:575.98ms
step:5/20000 train_loss:7.8125 train_time:2880ms step_avg:575.96ms
step:6/20000 train_loss:6.6210 train_time:3456ms step_avg:575.93ms
step:7/20000 train_loss:6.0906 train_time:4031ms step_avg:575.90ms
step:8/20000 train_loss:5.8010 train_time:4607ms step_avg:575.91ms
step:9/20000 train_loss:5.7238 train_time:5183ms step_avg:575.89ms
step:10/20000 train_loss:5.7198 train_time:5759ms step_avg:575.88ms
step:10/20000 val_loss:5.6991 val_bpb:3.3753 train_time:5760ms step_avg:576.01ms
step:20/20000 val_loss:5.4834 val_bpb:3.2476 train_time:11517ms step_avg:575.86ms
step:30/20000 val_loss:5.0401 val_bpb:2.9850 train_time:17283ms step_avg:576.09ms
step:40/20000 val_loss:4.6624 val_bpb:2.7613 train_time:23041ms step_avg:576.02ms
step:50/20000 val_loss:4.4567 val_bpb:2.6395 train_time:28798ms step_avg:575.95ms
step:60/20000 val_loss:4.3252 val_bpb:2.5616 train_time:34557ms step_avg:575.95ms
step:70/20000 val_loss:4.2265 val_bpb:2.5032 train_time:40319ms step_avg:575.99ms
step:80/20000 val_loss:4.1334 val_bpb:2.4480 train_time:46076ms step_avg:575.95ms
step:90/20000 val_loss:4.0367 val_bpb:2.3908 train_time:51836ms step_avg:575.95ms
step:100/20000 val_loss:3.9416 val_bpb:2.3344 train_time:57592ms step_avg:575.92ms
step:110/20000 val_loss:3.8530 val_bpb:2.2820 train_time:63350ms step_avg:575.91ms
W0401 22:25:20.132000 712301 torch/distributed/elastic/agent/server/api.py:704] Received Signals.SIGTERM death signal, shutting down workers
W0401 22:25:20.133000 712301 torch/distributed/elastic/multiprocessing/api.py:897] Sending process 712331 closing signal SIGTERM
Traceback (most recent call last):
  File "/home/ubuntu/parameter-golf/.venv/bin/torchrun", line 8, in <module>
    sys.exit(main())
  File "/home/ubuntu/parameter-golf/.venv/lib/python3.10/site-packages/torch/distributed/elastic/multiprocessing/errors/__init__.py", line 355, in wrapper
    return f(*args, **kwargs)
  File "/home/ubuntu/parameter-golf/.venv/lib/python3.10/site-packages/torch/distributed/run.py", line 919, in main
    run(args)
  File "/home/ubuntu/parameter-golf/.venv/lib/python3.10/site-packages/torch/distributed/run.py", line 910, in run
    elastic_launch(
  File "/home/ubuntu/parameter-golf/.venv/lib/python3.10/site-packages/torch/distributed/launcher/api.py", line 138, in __call__
    return launch_agent(self._config, self._entrypoint, list(args))
  File "/home/ubuntu/parameter-golf/.venv/lib/python3.10/site-packages/torch/distributed/launcher/api.py", line 260, in launch_agent
    result = agent.run()
  File "/home/ubuntu/parameter-golf/.venv/lib/python3.10/site-packages/torch/distributed/elastic/metrics/api.py", line 137, in wrapper
    result = f(*args, **kwargs)
  File "/home/ubuntu/parameter-golf/.venv/lib/python3.10/site-packages/torch/distributed/elastic/agent/server/api.py", line 696, in run
    result = self._invoke_run(role)
  File "/home/ubuntu/parameter-golf/.venv/lib/python3.10/site-packages/torch/distributed/elastic/agent/server/api.py", line 855, in _invoke_run
    time.sleep(monitor_interval)
  File "/home/ubuntu/parameter-golf/.venv/lib/python3.10/site-packages/torch/distributed/elastic/multiprocessing/api.py", line 84, in _terminate_process_handler
    raise SignalException(f"Process {os.getpid()} got signal: {sigval}", sigval=sigval)
torch.distributed.elastic.multiprocessing.api.SignalException: Process 712301 got signal: 15
