[W401 23:34:18.477251155 CUDAAllocatorConfig.h:28] Warning: expandable_segments not supported on this platform (function operator())
logs/p6_swiglu_mlp3x.txt
val_bpb:enabled tokenizer_kind=sentencepiece tokenizer_path=/home/ubuntu/parameter-golf/data/tokenizers/fineweb_1024_bpe.model
train_loader:dataset:fineweb10B_sp1024 train_shards:80
val_loader:shards pattern=/home/ubuntu/parameter-golf/data/datasets/fineweb10B_sp1024/fineweb_val_*.bin tokens:62021632
model_params:8366256
world_size:1 grad_accum_steps:8
sdp_backends:cudnn=False flash=True mem_efficient=False math=False
attention_mode:gqa num_heads:8 num_kv_heads:4
tie_embeddings:True embed_lr:0.05 head_lr:0.0 matrix_lr:0.04 scalar_lr:0.04
train_batch_tokens:262144 train_seq_len:512 iterations:20000 warmup_steps:10 max_wallclock_seconds:90.000
seed:1337
warmup_step:1/10
warmup_step:2/10
warmup_step:3/10
warmup_step:4/10
warmup_step:5/10
warmup_step:6/10
warmup_step:7/10
warmup_step:8/10
warmup_step:9/10
warmup_step:10/10
step:0/20000 val_loss:6.9327 val_bpb:4.1060 train_time:0ms step_avg:0.02ms
step:1/20000 train_loss:6.9336 train_time:537ms step_avg:536.79ms
step:2/20000 train_loss:14.1349 train_time:1073ms step_avg:536.74ms
step:3/20000 train_loss:12.1797 train_time:1609ms step_avg:536.47ms
step:4/20000 train_loss:9.9586 train_time:2146ms step_avg:536.49ms
step:5/20000 train_loss:8.0015 train_time:2684ms step_avg:536.76ms
step:6/20000 train_loss:6.7341 train_time:3225ms step_avg:537.43ms
step:7/20000 train_loss:6.1525 train_time:3761ms step_avg:537.31ms
step:8/20000 train_loss:5.8324 train_time:4302ms step_avg:537.71ms
step:9/20000 train_loss:5.7364 train_time:4842ms step_avg:537.96ms
step:10/20000 train_loss:5.7373 train_time:5382ms step_avg:538.16ms
step:10/20000 val_loss:5.7220 val_bpb:3.3889 train_time:5382ms step_avg:538.22ms
step:20/20000 val_loss:5.5766 val_bpb:3.3028 train_time:10751ms step_avg:537.53ms
step:30/20000 val_loss:5.2843 val_bpb:3.1296 train_time:16116ms step_avg:537.21ms
step:40/20000 val_loss:4.8945 val_bpb:2.8988 train_time:21483ms step_avg:537.07ms
step:50/20000 val_loss:4.6271 val_bpb:2.7404 train_time:26849ms step_avg:536.99ms
step:60/20000 val_loss:4.4346 val_bpb:2.6264 train_time:32216ms step_avg:536.93ms
step:70/20000 val_loss:4.2972 val_bpb:2.5450 train_time:37580ms step_avg:536.86ms
step:80/20000 val_loss:4.1792 val_bpb:2.4751 train_time:42946ms step_avg:536.82ms
step:90/20000 val_loss:4.0665 val_bpb:2.4084 train_time:48312ms step_avg:536.79ms
step:100/20000 val_loss:3.9618 val_bpb:2.3464 train_time:53681ms step_avg:536.81ms
step:110/20000 val_loss:3.8623 val_bpb:2.2875 train_time:59047ms step_avg:536.79ms
step:120/20000 val_loss:3.7915 val_bpb:2.2455 train_time:64414ms step_avg:536.78ms
W0401 23:44:15.759000 715189 torch/distributed/elastic/agent/server/api.py:704] Received Signals.SIGTERM death signal, shutting down workers
W0401 23:44:15.762000 715189 torch/distributed/elastic/multiprocessing/api.py:897] Sending process 715219 closing signal SIGTERM
Traceback (most recent call last):
  File "/home/ubuntu/parameter-golf/.venv/bin/torchrun", line 8, in <module>
    sys.exit(main())
  File "/home/ubuntu/parameter-golf/.venv/lib/python3.10/site-packages/torch/distributed/elastic/multiprocessing/errors/__init__.py", line 355, in wrapper
    return f(*args, **kwargs)
  File "/home/ubuntu/parameter-golf/.venv/lib/python3.10/site-packages/torch/distributed/run.py", line 919, in main
    run(args)
  File "/home/ubuntu/parameter-golf/.venv/lib/python3.10/site-packages/torch/distributed/run.py", line 910, in run
    elastic_launch(
  File "/home/ubuntu/parameter-golf/.venv/lib/python3.10/site-packages/torch/distributed/launcher/api.py", line 138, in __call__
    return launch_agent(self._config, self._entrypoint, list(args))
  File "/home/ubuntu/parameter-golf/.venv/lib/python3.10/site-packages/torch/distributed/launcher/api.py", line 260, in launch_agent
    result = agent.run()
  File "/home/ubuntu/parameter-golf/.venv/lib/python3.10/site-packages/torch/distributed/elastic/metrics/api.py", line 137, in wrapper
    result = f(*args, **kwargs)
  File "/home/ubuntu/parameter-golf/.venv/lib/python3.10/site-packages/torch/distributed/elastic/agent/server/api.py", line 696, in run
    result = self._invoke_run(role)
  File "/home/ubuntu/parameter-golf/.venv/lib/python3.10/site-packages/torch/distributed/elastic/agent/server/api.py", line 855, in _invoke_run
    time.sleep(monitor_interval)
  File "/home/ubuntu/parameter-golf/.venv/lib/python3.10/site-packages/torch/distributed/elastic/multiprocessing/api.py", line 84, in _terminate_process_handler
    raise SignalException(f"Process {os.getpid()} got signal: {sigval}", sigval=sigval)
torch.distributed.elastic.multiprocessing.api.SignalException: Process 715189 got signal: 15
