[W401 20:09:43.326542889 CUDAAllocatorConfig.h:28] Warning: expandable_segments not supported on this platform (function operator())
logs/p2_ttt_bias_only.txt
val_bpb:enabled tokenizer_kind=sentencepiece tokenizer_path=/home/ubuntu/parameter-golf/data/tokenizers/fineweb_1024_bpe.model
train_loader:dataset:fineweb10B_sp1024 train_shards:80
val_loader:shards pattern=/home/ubuntu/parameter-golf/data/datasets/fineweb10B_sp1024/fineweb_val_*.bin tokens:62021632
model_params:6596784
world_size:1 grad_accum_steps:8
sdp_backends:cudnn=False flash=True mem_efficient=False math=False
attention_mode:gqa num_heads:8 num_kv_heads:4
tie_embeddings:True embed_lr:0.05 head_lr:0.0 matrix_lr:0.04 scalar_lr:0.04
train_batch_tokens:262144 train_seq_len:512 iterations:20000 warmup_steps:10 max_wallclock_seconds:90.000
seed:1337
warmup_step:1/10
warmup_step:2/10
warmup_step:3/10
warmup_step:4/10
warmup_step:5/10
warmup_step:6/10
warmup_step:7/10
warmup_step:8/10
warmup_step:9/10
warmup_step:10/10
step:0/20000 val_loss:6.9319 val_bpb:4.1055 train_time:0ms step_avg:0.02ms
step:1/20000 train_loss:6.9327 train_time:541ms step_avg:541.11ms
step:2/20000 train_loss:13.9420 train_time:1082ms step_avg:541.20ms
step:3/20000 train_loss:11.9245 train_time:1624ms step_avg:541.33ms
step:4/20000 train_loss:9.6133 train_time:2166ms step_avg:541.47ms
step:5/20000 train_loss:7.6758 train_time:2707ms step_avg:541.42ms
step:6/20000 train_loss:6.5138 train_time:3249ms step_avg:541.45ms
step:7/20000 train_loss:6.0491 train_time:3790ms step_avg:541.42ms
step:8/20000 train_loss:5.7990 train_time:4332ms step_avg:541.46ms
step:9/20000 train_loss:5.7456 train_time:4873ms step_avg:541.47ms
step:10/20000 train_loss:5.7486 train_time:5415ms step_avg:541.48ms
step:10/20000 val_loss:5.7273 val_bpb:3.3921 train_time:5416ms step_avg:541.56ms
step:20/20000 val_loss:5.5068 val_bpb:3.2614 train_time:10829ms step_avg:541.46ms
step:30/20000 val_loss:5.0703 val_bpb:3.0029 train_time:16245ms step_avg:541.51ms
step:40/20000 val_loss:4.6771 val_bpb:2.7700 train_time:21660ms step_avg:541.50ms
step:50/20000 val_loss:4.4603 val_bpb:2.6416 train_time:27076ms step_avg:541.51ms
step:60/20000 val_loss:4.3234 val_bpb:2.5606 train_time:32492ms step_avg:541.54ms
step:70/20000 val_loss:4.2199 val_bpb:2.4993 train_time:37909ms step_avg:541.56ms
step:80/20000 val_loss:4.1213 val_bpb:2.4408 train_time:43326ms step_avg:541.57ms
step:90/20000 val_loss:4.0170 val_bpb:2.3791 train_time:48740ms step_avg:541.56ms
step:100/20000 val_loss:3.9180 val_bpb:2.3205 train_time:54154ms step_avg:541.54ms
step:110/20000 val_loss:3.8219 val_bpb:2.2636 train_time:59570ms step_avg:541.55ms
W0401 20:19:40.601000 702546 torch/distributed/elastic/agent/server/api.py:704] Received Signals.SIGTERM death signal, shutting down workers
W0401 20:19:40.603000 702546 torch/distributed/elastic/multiprocessing/api.py:897] Sending process 702576 closing signal SIGTERM
Traceback (most recent call last):
  File "/home/ubuntu/parameter-golf/.venv/bin/torchrun", line 8, in <module>
    sys.exit(main())
  File "/home/ubuntu/parameter-golf/.venv/lib/python3.10/site-packages/torch/distributed/elastic/multiprocessing/errors/__init__.py", line 355, in wrapper
    return f(*args, **kwargs)
  File "/home/ubuntu/parameter-golf/.venv/lib/python3.10/site-packages/torch/distributed/run.py", line 919, in main
    run(args)
  File "/home/ubuntu/parameter-golf/.venv/lib/python3.10/site-packages/torch/distributed/run.py", line 910, in run
    elastic_launch(
  File "/home/ubuntu/parameter-golf/.venv/lib/python3.10/site-packages/torch/distributed/launcher/api.py", line 138, in __call__
    return launch_agent(self._config, self._entrypoint, list(args))
  File "/home/ubuntu/parameter-golf/.venv/lib/python3.10/site-packages/torch/distributed/launcher/api.py", line 260, in launch_agent
    result = agent.run()
  File "/home/ubuntu/parameter-golf/.venv/lib/python3.10/site-packages/torch/distributed/elastic/metrics/api.py", line 137, in wrapper
    result = f(*args, **kwargs)
  File "/home/ubuntu/parameter-golf/.venv/lib/python3.10/site-packages/torch/distributed/elastic/agent/server/api.py", line 696, in run
    result = self._invoke_run(role)
  File "/home/ubuntu/parameter-golf/.venv/lib/python3.10/site-packages/torch/distributed/elastic/agent/server/api.py", line 855, in _invoke_run
    time.sleep(monitor_interval)
  File "/home/ubuntu/parameter-golf/.venv/lib/python3.10/site-packages/torch/distributed/elastic/multiprocessing/api.py", line 84, in _terminate_process_handler
    raise SignalException(f"Process {os.getpid()} got signal: {sigval}", sigval=sigval)
torch.distributed.elastic.multiprocessing.api.SignalException: Process 702546 got signal: 15
