[W401 23:14:17.243499381 CUDAAllocatorConfig.h:28] Warning: expandable_segments not supported on this platform (function operator())
logs/p6_leaky_relu2.txt
val_bpb:enabled tokenizer_kind=sentencepiece tokenizer_path=/home/ubuntu/parameter-golf/data/tokenizers/fineweb_1024_bpe.model
train_loader:dataset:fineweb10B_sp1024 train_shards:80
val_loader:shards pattern=/home/ubuntu/parameter-golf/data/datasets/fineweb10B_sp1024/fineweb_val_*.bin tokens:62021632
model_params:6596784
world_size:1 grad_accum_steps:8
sdp_backends:cudnn=False flash=True mem_efficient=False math=False
attention_mode:gqa num_heads:8 num_kv_heads:4
tie_embeddings:True embed_lr:0.05 head_lr:0.0 matrix_lr:0.04 scalar_lr:0.04
train_batch_tokens:262144 train_seq_len:512 iterations:20000 warmup_steps:10 max_wallclock_seconds:90.000
seed:1337
warmup_step:1/10
warmup_step:2/10
warmup_step:3/10
warmup_step:4/10
warmup_step:5/10
warmup_step:6/10
warmup_step:7/10
warmup_step:8/10
warmup_step:9/10
warmup_step:10/10
step:0/20000 val_loss:6.9319 val_bpb:4.1055 train_time:0ms step_avg:0.02ms
step:1/20000 train_loss:6.9327 train_time:546ms step_avg:546.29ms
step:2/20000 train_loss:13.9140 train_time:1093ms step_avg:546.29ms
step:3/20000 train_loss:11.8956 train_time:1639ms step_avg:546.40ms
step:4/20000 train_loss:9.5913 train_time:2189ms step_avg:547.20ms
step:5/20000 train_loss:7.6643 train_time:2739ms step_avg:547.77ms
step:6/20000 train_loss:6.5125 train_time:3289ms step_avg:548.15ms
step:7/20000 train_loss:6.0514 train_time:3836ms step_avg:547.95ms
step:8/20000 train_loss:5.8032 train_time:4386ms step_avg:548.23ms
step:9/20000 train_loss:5.7486 train_time:4936ms step_avg:548.43ms
step:10/20000 train_loss:5.7494 train_time:5482ms step_avg:548.24ms
step:10/20000 val_loss:5.7265 val_bpb:3.3915 train_time:5483ms step_avg:548.30ms
step:20/20000 val_loss:5.5110 val_bpb:3.2639 train_time:10949ms step_avg:547.43ms
step:30/20000 val_loss:5.0970 val_bpb:3.0187 train_time:16415ms step_avg:547.17ms
step:40/20000 val_loss:4.6929 val_bpb:2.7794 train_time:21882ms step_avg:547.04ms
step:50/20000 val_loss:4.4703 val_bpb:2.6476 train_time:27348ms step_avg:546.95ms
step:60/20000 val_loss:4.3303 val_bpb:2.5646 train_time:32812ms step_avg:546.87ms
step:70/20000 val_loss:4.2255 val_bpb:2.5026 train_time:38278ms step_avg:546.83ms
step:80/20000 val_loss:4.1276 val_bpb:2.4446 train_time:43743ms step_avg:546.79ms
step:90/20000 val_loss:4.0235 val_bpb:2.3830 train_time:49210ms step_avg:546.78ms
step:100/20000 val_loss:3.9226 val_bpb:2.3232 train_time:54679ms step_avg:546.79ms
step:110/20000 val_loss:3.8245 val_bpb:2.2651 train_time:60147ms step_avg:546.80ms
W0401 23:24:14.561000 714662 torch/distributed/elastic/agent/server/api.py:704] Received Signals.SIGTERM death signal, shutting down workers
W0401 23:24:14.562000 714662 torch/distributed/elastic/multiprocessing/api.py:897] Sending process 714692 closing signal SIGTERM
Traceback (most recent call last):
  File "/home/ubuntu/parameter-golf/.venv/bin/torchrun", line 8, in <module>
    sys.exit(main())
  File "/home/ubuntu/parameter-golf/.venv/lib/python3.10/site-packages/torch/distributed/elastic/multiprocessing/errors/__init__.py", line 355, in wrapper
    return f(*args, **kwargs)
  File "/home/ubuntu/parameter-golf/.venv/lib/python3.10/site-packages/torch/distributed/run.py", line 919, in main
    run(args)
  File "/home/ubuntu/parameter-golf/.venv/lib/python3.10/site-packages/torch/distributed/run.py", line 910, in run
    elastic_launch(
  File "/home/ubuntu/parameter-golf/.venv/lib/python3.10/site-packages/torch/distributed/launcher/api.py", line 138, in __call__
    return launch_agent(self._config, self._entrypoint, list(args))
  File "/home/ubuntu/parameter-golf/.venv/lib/python3.10/site-packages/torch/distributed/launcher/api.py", line 260, in launch_agent
    result = agent.run()
  File "/home/ubuntu/parameter-golf/.venv/lib/python3.10/site-packages/torch/distributed/elastic/metrics/api.py", line 137, in wrapper
    result = f(*args, **kwargs)
  File "/home/ubuntu/parameter-golf/.venv/lib/python3.10/site-packages/torch/distributed/elastic/agent/server/api.py", line 696, in run
    result = self._invoke_run(role)
  File "/home/ubuntu/parameter-golf/.venv/lib/python3.10/site-packages/torch/distributed/elastic/agent/server/api.py", line 855, in _invoke_run
    time.sleep(monitor_interval)
  File "/home/ubuntu/parameter-golf/.venv/lib/python3.10/site-packages/torch/distributed/elastic/multiprocessing/api.py", line 84, in _terminate_process_handler
    raise SignalException(f"Process {os.getpid()} got signal: {sigval}", sigval=sigval)
torch.distributed.elastic.multiprocessing.api.SignalException: Process 714662 got signal: 15
