W0402 06:37:15.283000 47676 torch/distributed/run.py:851] 
W0402 06:37:15.283000 47676 torch/distributed/run.py:851] *****************************************
W0402 06:37:15.283000 47676 torch/distributed/run.py:851] Setting OMP_NUM_THREADS environment variable for each process to be 1 in default, to avoid your system being overloaded, please further tune the variable for optimal performance in your application as needed. 
W0402 06:37:15.283000 47676 torch/distributed/run.py:851] *****************************************
/workspace/parameter-golf/.venv/lib/python3.12/site-packages/torch/distributed/c10d_logger.py:83: UserWarning: barrier(): using the device under current context. You can specify `device_id` in `init_process_group` to mute this warning.
  return func(*args, **kwargs)
[rank0]:[W402 06:37:23.847231101 ProcessGroupNCCL.cpp:5188] Guessing device ID based on global rank. This can cause a hang if rank to GPU mapping is heterogeneous. You can specify device_id in init_process_group()
logs/p2_7L_mlp4x.txt
val_bpb:enabled tokenizer_kind=sentencepiece tokenizer_path=/workspace/parameter-golf/data/tokenizers/fineweb_1024_bpe.model
train_loader:dataset:fineweb10B_sp1024 train_shards:80
val_loader:shards pattern=/workspace/parameter-golf/data/datasets/fineweb10B_sp1024/fineweb_val_*.bin tokens:62021632
model_params:21291068
mtp_num_heads:0 mtp_loss_weight:0.2 mtp_params:0
XSA:last_11 active_layers:[0, 1, 2, 3, 4, 5, 6]
world_size:8 grad_accum_steps:1
sdp_backends:cudnn=False flash=True mem_efficient=False math=False
attention_mode:gqa num_heads:8 num_kv_heads:4
tie_embeddings:True embed_lr:0.035 head_lr:0.0 matrix_lr:0.025 scalar_lr:0.025
train_batch_tokens:524288 train_seq_len:1024 iterations:20000 warmup_steps:20 max_wallclock_seconds:90.000
seed:1337
warmup_step:1/20
warmup_step:2/20
warmup_step:3/20
warmup_step:4/20
warmup_step:5/20
warmup_step:6/20
warmup_step:7/20
warmup_step:8/20
warmup_step:9/20
warmup_step:10/20
warmup_step:11/20
warmup_step:12/20
warmup_step:13/20
warmup_step:14/20
warmup_step:15/20
warmup_step:16/20
warmup_step:17/20
warmup_step:18/20
warmup_step:19/20
warmup_step:20/20
step:0/20000 val_loss:6.9301 val_bpb:4.1044 train_time:0ms step_avg:0.02ms
step:1/20000 train_loss:6.9305 train_time:142ms step_avg:142.45ms
step:2/20000 train_loss:8.8271 train_time:218ms step_avg:109.24ms
step:3/20000 train_loss:8.5655 train_time:328ms step_avg:109.27ms
step:4/20000 train_loss:7.9968 train_time:438ms step_avg:109.38ms
step:5/20000 train_loss:7.3710 train_time:547ms step_avg:109.32ms
step:6/20000 train_loss:7.3892 train_time:656ms step_avg:109.33ms
step:7/20000 train_loss:6.5345 train_time:766ms step_avg:109.37ms
step:8/20000 train_loss:6.3708 train_time:875ms step_avg:109.36ms
step:9/20000 train_loss:6.1550 train_time:984ms step_avg:109.35ms
step:10/20000 train_loss:5.9384 train_time:1094ms step_avg:109.42ms
swa:start step:50
step:200/20000 val_loss:3.0692 val_bpb:1.8178 train_time:22172ms step_avg:110.86ms
late_qat:enabled step:213 scale:0.1499
step:400/20000 val_loss:2.7175 val_bpb:1.6094 train_time:44302ms step_avg:110.75ms
step:500/20000 train_loss:2.6318 train_time:55258ms step_avg:110.52ms
step:600/20000 val_loss:2.5750 val_bpb:1.5251 train_time:66400ms step_avg:110.67ms
step:800/20000 val_loss:2.5149 val_bpb:1.4895 train_time:88520ms step_avg:110.65ms
step:814/20000 val_loss:2.5144 val_bpb:1.4891 train_time:90053ms step_avg:110.63ms
stopping_early: wallclock_cap train_time:90053ms step:814/20000
peak memory allocated: 16227 MiB reserved: 16752 MiB
ema:applying EMA weights
DIAGNOSTIC post_ema val_loss:2.9522 val_bpb:1.7485 eval_time:4200ms
Serialized model: 83179110 bytes
Code size: 125477 bytes
gptq:building non-banked model for Hessian collection...
gptq:generating autoregressive calibration data (64 seqs x 2048 tokens, temp=0.8)...
gptq:generated 64 sequences in 50.2s
gptq:collecting hessians from autoregressive data...
gptq:collected hessians for 44 layers (AR self-gen)
selective_prune: 6501533 ±1 candidates, unpruned=5.04MB target=15.9MB
selective_prune: already fits, no pruning needed
Serialized model int6+lzma: 5156900 bytes
Total submission size int6+lzma: 5282377 bytes
/workspace/parameter-golf/.venv/lib/python3.12/site-packages/torch/distributed/c10d_logger.py:83: UserWarning: barrier(): using the device under current context. You can specify `device_id` in `init_process_group` to mute this warning.
  return func(*args, **kwargs)
final_int6_roundtrip val_loss:3.9689 val_bpb:2.3506 eval_time:4457ms
final_int6_roundtrip_exact val_loss:3.96887707 val_bpb:2.35059255
final_int6_sliding_window val_loss:3.9678 val_bpb:2.3500 stride:64 eval_time:149136ms
final_int6_sliding_window_exact val_loss:3.96783975 val_bpb:2.34998442
final_int8_zlib_roundtrip_exact val_loss:3.96783975 val_bpb:2.34998442
