W0402 06:30:00.761000 43022 torch/distributed/run.py:851] 
W0402 06:30:00.761000 43022 torch/distributed/run.py:851] *****************************************
W0402 06:30:00.761000 43022 torch/distributed/run.py:851] Setting OMP_NUM_THREADS environment variable for each process to be 1 in default, to avoid your system being overloaded, please further tune the variable for optimal performance in your application as needed. 
W0402 06:30:00.761000 43022 torch/distributed/run.py:851] *****************************************
/workspace/parameter-golf/.venv/lib/python3.12/site-packages/torch/distributed/c10d_logger.py:83: UserWarning: barrier(): using the device under current context. You can specify `device_id` in `init_process_group` to mute this warning.
  return func(*args, **kwargs)
[rank0]:[W402 06:30:08.623326100 ProcessGroupNCCL.cpp:5188] Guessing device ID based on global rank. This can cause a hang if rank to GPU mapping is heterogeneous. You can specify device_id in init_process_group()
logs/p2_9L_mlp3x.txt
val_bpb:enabled tokenizer_kind=sentencepiece tokenizer_path=/workspace/parameter-golf/data/tokenizers/fineweb_1024_bpe.model
train_loader:dataset:fineweb10B_sp1024 train_shards:80
val_loader:shards pattern=/workspace/parameter-golf/data/datasets/fineweb10B_sp1024/fineweb_val_*.bin tokens:62021632
model_params:22344268
mtp_num_heads:0 mtp_loss_weight:0.2 mtp_params:0
XSA:last_11 active_layers:[0, 1, 2, 3, 4, 5, 6, 7, 8]
world_size:8 grad_accum_steps:1
sdp_backends:cudnn=False flash=True mem_efficient=False math=False
attention_mode:gqa num_heads:8 num_kv_heads:4
tie_embeddings:True embed_lr:0.035 head_lr:0.0 matrix_lr:0.025 scalar_lr:0.025
train_batch_tokens:524288 train_seq_len:1024 iterations:20000 warmup_steps:20 max_wallclock_seconds:90.000
seed:1337
warmup_step:1/20
warmup_step:2/20
warmup_step:3/20
warmup_step:4/20
warmup_step:5/20
warmup_step:6/20
warmup_step:7/20
warmup_step:8/20
warmup_step:9/20
warmup_step:10/20
warmup_step:11/20
warmup_step:12/20
warmup_step:13/20
warmup_step:14/20
warmup_step:15/20
warmup_step:16/20
warmup_step:17/20
warmup_step:18/20
warmup_step:19/20
warmup_step:20/20
step:0/20000 val_loss:6.9301 val_bpb:4.1044 train_time:0ms step_avg:0.02ms
step:1/20000 train_loss:6.9305 train_time:161ms step_avg:160.94ms
late_qat:enabled step:1 scale:0.1381
step:2/20000 train_loss:8.7175 train_time:270ms step_avg:134.97ms
step:3/20000 train_loss:8.5076 train_time:399ms step_avg:133.04ms
step:4/20000 train_loss:8.0139 train_time:528ms step_avg:132.08ms
step:5/20000 train_loss:7.4592 train_time:658ms step_avg:131.51ms
step:6/20000 train_loss:7.4756 train_time:787ms step_avg:131.15ms
step:7/20000 train_loss:6.6547 train_time:916ms step_avg:130.84ms
step:8/20000 train_loss:6.4809 train_time:1045ms step_avg:130.63ms
step:9/20000 train_loss:6.2559 train_time:1174ms step_avg:130.50ms
step:10/20000 train_loss:6.0287 train_time:1305ms step_avg:130.47ms
swa:start step:50
step:200/20000 val_loss:3.1168 val_bpb:1.8459 train_time:26165ms step_avg:130.82ms
step:400/20000 val_loss:2.7605 val_bpb:1.6349 train_time:52210ms step_avg:130.53ms
step:500/20000 train_loss:2.6728 train_time:65128ms step_avg:130.26ms
step:600/20000 val_loss:2.6302 val_bpb:1.5578 train_time:78258ms step_avg:130.43ms
step:691/20000 val_loss:2.6101 val_bpb:1.5459 train_time:90042ms step_avg:130.31ms
stopping_early: wallclock_cap train_time:90042ms step:691/20000
peak memory allocated: 17458 MiB reserved: 17920 MiB
ema:applying EMA weights
DIAGNOSTIC post_ema val_loss:3.7404 val_bpb:2.2153 eval_time:4924ms
Serialized model: 87394286 bytes
Code size: 125477 bytes
gptq:building non-banked model for Hessian collection...
gptq:generating autoregressive calibration data (64 seqs x 2048 tokens, temp=0.8)...
gptq:generated 64 sequences in 61.5s
gptq:collecting hessians from autoregressive data...
gptq:collected hessians for 56 layers (AR self-gen)
selective_prune: 6222269 ±1 candidates, unpruned=5.00MB target=15.9MB
selective_prune: already fits, no pruning needed
Serialized model int6+lzma: 5116004 bytes
Total submission size int6+lzma: 5241481 bytes
/workspace/parameter-golf/.venv/lib/python3.12/site-packages/torch/distributed/c10d_logger.py:83: UserWarning: barrier(): using the device under current context. You can specify `device_id` in `init_process_group` to mute this warning.
  return func(*args, **kwargs)
final_int6_roundtrip val_loss:8.5971 val_bpb:5.0917 eval_time:5204ms
final_int6_roundtrip_exact val_loss:8.59705124 val_bpb:5.09165799
final_int6_sliding_window val_loss:8.5942 val_bpb:5.0900 stride:64 eval_time:173900ms
final_int6_sliding_window_exact val_loss:8.59417643 val_bpb:5.08996884
final_int8_zlib_roundtrip_exact val_loss:8.59417643 val_bpb:5.08996884
