W0402 08:53:45.124000 369535 torch/distributed/run.py:851] 
W0402 08:53:45.124000 369535 torch/distributed/run.py:851] *****************************************
W0402 08:53:45.124000 369535 torch/distributed/run.py:851] Setting OMP_NUM_THREADS environment variable for each process to be 1 in default, to avoid your system being overloaded, please further tune the variable for optimal performance in your application as needed. 
W0402 08:53:45.124000 369535 torch/distributed/run.py:851] *****************************************
/workspace/parameter-golf/.venv/lib/python3.12/site-packages/torch/distributed/c10d_logger.py:83: UserWarning: barrier(): using the device under current context. You can specify `device_id` in `init_process_group` to mute this warning.
  return func(*args, **kwargs)
[rank0]:[W402 08:53:49.635599736 ProcessGroupNCCL.cpp:5188] Guessing device ID based on global rank. This can cause a hang if rank to GPU mapping is heterogeneous. You can specify device_id in init_process_group()
logs/p4_lora_r16_chunk128.txt
val_bpb:enabled tokenizer_kind=sentencepiece tokenizer_path=/workspace/parameter-golf/data/tokenizers/fineweb_1024_bpe.model
train_loader:dataset:fineweb10B_sp1024 train_shards:80
val_loader:shards pattern=/workspace/parameter-golf/data/datasets/fineweb10B_sp1024/fineweb_val_*.bin tokens:62021632
model_params:27067484
mtp_num_heads:0 mtp_loss_weight:0.2 mtp_params:0
XSA:last_11 active_layers:[0, 1, 2, 3, 4, 5, 6, 7, 8, 9, 10]
world_size:8 grad_accum_steps:1
sdp_backends:cudnn=False flash=True mem_efficient=False math=False
attention_mode:gqa num_heads:8 num_kv_heads:4
tie_embeddings:True embed_lr:0.035 head_lr:0.0 matrix_lr:0.025 scalar_lr:0.025
train_batch_tokens:524288 train_seq_len:1024 iterations:20000 warmup_steps:20 max_wallclock_seconds:90.000
seed:1337
warmup_step:1/20
warmup_step:2/20
warmup_step:3/20
warmup_step:4/20
warmup_step:5/20
warmup_step:6/20
warmup_step:7/20
warmup_step:8/20
warmup_step:9/20
warmup_step:10/20
warmup_step:11/20
warmup_step:12/20
warmup_step:13/20
warmup_step:14/20
warmup_step:15/20
warmup_step:16/20
warmup_step:17/20
warmup_step:18/20
warmup_step:19/20
warmup_step:20/20
step:0/20000 val_loss:6.9301 val_bpb:4.1044 train_time:0ms step_avg:0.02ms
step:1/20000 train_loss:6.9305 train_time:194ms step_avg:193.73ms
late_qat:enabled step:1 scale:0.1146
step:2/20000 train_loss:8.6315 train_time:334ms step_avg:166.93ms
step:3/20000 train_loss:8.4579 train_time:494ms step_avg:164.69ms
step:4/20000 train_loss:8.0125 train_time:652ms step_avg:163.04ms
step:5/20000 train_loss:7.5141 train_time:810ms step_avg:161.99ms
step:6/20000 train_loss:7.5721 train_time:968ms step_avg:161.31ms
step:7/20000 train_loss:6.7749 train_time:1126ms step_avg:160.82ms
step:8/20000 train_loss:6.6212 train_time:1284ms step_avg:160.46ms
step:9/20000 train_loss:6.3656 train_time:1442ms step_avg:160.18ms
step:10/20000 train_loss:6.1303 train_time:1600ms step_avg:159.96ms
swa:start step:50
step:200/20000 val_loss:3.1915 val_bpb:1.8902 train_time:32036ms step_avg:160.18ms
step:400/20000 val_loss:2.8506 val_bpb:1.6883 train_time:84451ms step_avg:211.13ms
step:417/20000 val_loss:2.8479 val_bpb:1.6867 train_time:90554ms step_avg:217.15ms
stopping_early: wallclock_cap train_time:90554ms step:417/20000
peak memory allocated: 20995 MiB reserved: 21572 MiB
ema:applying EMA weights
DIAGNOSTIC post_ema val_loss:7.9712 val_bpb:4.7210 eval_time:9818ms
Serialized model: 106289590 bytes
Code size: 125477 bytes
gptq:building non-banked model for Hessian collection...
gptq:generating autoregressive calibration data (64 seqs x 2048 tokens, temp=0.8)...
gptq:generated 64 sequences in 85.8s
gptq:collecting hessians from autoregressive data...
gptq:collected hessians for 68 layers (AR self-gen)
selective_prune: 6928494 ±1 candidates, unpruned=5.30MB target=15.9MB
selective_prune: already fits, no pruning needed
Serialized model int6+lzma: 5427836 bytes
Total submission size int6+lzma: 5553313 bytes
/workspace/parameter-golf/.venv/lib/python3.12/site-packages/torch/distributed/c10d_logger.py:83: UserWarning: barrier(): using the device under current context. You can specify `device_id` in `init_process_group` to mute this warning.
  return func(*args, **kwargs)
final_int6_roundtrip val_loss:10.4075 val_bpb:6.1639 eval_time:10308ms
final_int6_roundtrip_exact val_loss:10.40750650 val_bpb:6.16391158
final_int6_sliding_window val_loss:10.4236 val_bpb:6.1735 stride:64 eval_time:471474ms
final_int6_sliding_window_exact val_loss:10.42364256 val_bpb:6.17348460
final_int8_zlib_roundtrip_exact val_loss:10.42364256 val_bpb:6.17348460
ttt:starting mode=lora
ttt_eval val_loss:6.6447 val_bpb:3.9354 mode:lora eval_time:320425ms
ttt_eval_exact val_loss:6.64473360 val_bpb:3.93538528
