W0411 00:40:51.003000 329319 torch/distributed/run.py:851] 
W0411 00:40:51.003000 329319 torch/distributed/run.py:851] *****************************************
W0411 00:40:51.003000 329319 torch/distributed/run.py:851] Setting OMP_NUM_THREADS environment variable for each process to be 1 in default, to avoid your system being overloaded, please further tune the variable for optimal performance in your application as needed. 
W0411 00:40:51.003000 329319 torch/distributed/run.py:851] *****************************************
logs/69fc9cc3-a502-4e61-b32c-0d2c5f3552f4.txt
val_bpb:enabled tokenizer_kind=sentencepiece tokenizer_path=./data/tokenizers/fineweb_1024_bpe.model
train_loader:dataset:fineweb10B_sp1024 train_shards:10
val_loader:shards pattern=./data/datasets/fineweb10B_sp1024/fineweb_val_*.bin tokens:62021632
model_params:27041372
XSA:last_11 active_layers:[0, 1, 2, 3, 4, 5, 6, 7, 8, 9, 10]
world_size:8 grad_accum_steps:1
sdp_backends:cudnn=False flash=True mem_efficient=False math=False
attention_mode:gqa num_heads:8 num_kv_heads:4
recurrence:layers=[] start_step=3000 active=0
canon_ac:layers=[] params=0 physical_only=1
parallel_residual:active=0 start_layer=7 start_mode=physical params=0 final_lane=mlp
repeat_untie_mlp:mode=none layers=[] params=0
tie_embeddings:True embed_lr:0.035 head_lr:0.0 matrix_lr:0.03 scalar_lr:0.025
train_batch_tokens:786432 train_seq_len:2048 iterations:20000 warmup_steps:20 max_wallclock_seconds:420.000
seed:1234
gptq:reserving 0ms from training budget, effective=420000ms
base_warmup_step:1/20
base_warmup_step:2/20
base_warmup_step:3/20
base_warmup_step:4/20
base_warmup_step:5/20
base_warmup_step:6/20
base_warmup_step:7/20
base_warmup_step:8/20
base_warmup_step:9/20
base_warmup_step:10/20
base_warmup_step:11/20
base_warmup_step:12/20
base_warmup_step:13/20
base_warmup_step:14/20
base_warmup_step:15/20
base_warmup_step:16/20
base_warmup_step:17/20
base_warmup_step:18/20
base_warmup_step:19/20
base_warmup_step:20/20
step:0/20000 val_loss:6.9304 val_bpb:4.1046 train_time:0ms step_avg:0.01ms
step:1/20000 train_loss:6.9293 train_time:121ms step_avg:121.44ms
step:2/20000 train_loss:8.9278 train_time:161ms step_avg:80.42ms
step:3/20000 train_loss:7.6911 train_time:245ms step_avg:81.75ms
step:4/20000 train_loss:7.1714 train_time:330ms step_avg:82.40ms
step:5/20000 train_loss:7.0596 train_time:416ms step_avg:83.14ms
step:6/20000 train_loss:7.0551 train_time:501ms step_avg:83.42ms
step:7/20000 train_loss:7.1115 train_time:585ms step_avg:83.57ms
step:8/20000 train_loss:6.8081 train_time:670ms step_avg:83.71ms
step:9/20000 train_loss:6.4108 train_time:755ms step_avg:83.91ms
step:10/20000 train_loss:6.0538 train_time:839ms step_avg:83.93ms
step:500/20000 train_loss:2.2927 train_time:43179ms step_avg:86.36ms
step:1000/20000 train_loss:2.2175 train_time:86599ms step_avg:86.60ms
step:1500/20000 train_loss:2.1119 train_time:129992ms step_avg:86.66ms
step:2000/20000 train_loss:2.0763 train_time:173422ms step_avg:86.71ms
step:2500/20000 train_loss:2.0158 train_time:216854ms step_avg:86.74ms
step:3000/20000 train_loss:2.0371 train_time:260280ms step_avg:86.76ms
step:3500/20000 train_loss:2.0314 train_time:303704ms step_avg:86.77ms
step:4000/20000 train_loss:1.9372 train_time:347135ms step_avg:86.78ms
step:4000/20000 val_loss:1.9781 val_bpb:1.1715 train_time:347183ms step_avg:86.80ms
swa:start step:4150
late_qat:enabled step:4312 scale:0.1498
step:4500/20000 train_loss:1.9915 train_time:390974ms step_avg:86.88ms
step:4830/20000 val_loss:1.9360 val_bpb:1.1466 train_time:420099ms step_avg:86.98ms
stopping_early: wallclock_cap train_time:420099ms step:4830/20000
peak memory allocated: 23519 MiB reserved: 23662 MiB
ema:applying EMA weights
DIAGNOSTIC post_ema val_loss:1.9349 val_bpb:1.1459 eval_time:2079ms
Serialized model: 106240759 bytes
Code size: 93853 bytes
gptq:calibration recurrence_active=0 repeat_mlp=0 parallel_residual=0 ar_selfgen=1
gptq:generating autoregressive calibration data (64 seqs x 2048 tokens, temp=0.80)...
